<html>
<body>
<pre>
<h1>µVision Build Log</h1>
<h2>Tool Versions:</h2>
IDE-Version: ¦ÌVision V5.23.0.0
Copyright (C) 2017 ARM Ltd and ARM Germany GmbH. All rights reserved.
License Information: yin zhihu, xx, LIC=EPPJJ-U45G1-KTJ3H-WPNIY-Z7PGS-SNRYF
 
Tool Versions:
Toolchain:       MDK-ARM Professional  Version: 5.23
Toolchain Path:  d:\Keil_v5\ARM\ARMCC\Bin
C Compiler:      Armcc.exe V5.06 update 4 (build 422)
Assembler:       Armasm.exe V5.06 update 4 (build 422)
Linker/Locator:  ArmLink.exe V5.06 update 4 (build 422)
Library Manager: ArmAr.exe V5.06 update 4 (build 422)
Hex Converter:   FromElf.exe V5.06 update 4 (build 422)
CPU DLL:         SARMCM3.DLL V5.23
Dialog DLL:      DCM.DLL V1.15.0.0
Target DLL:      STLink\ST-LINKIII-KEIL_SWO.dll V2.0.18.0
Dialog DLL:      TCM.DLL V1.27.0.0
 
<h2>Project:</h2>
D:\Project\CUBE\Logging\LoggingF407_v1.3\LoggingF407\LoggingF407\MDK-ARM\LoggingF407.uvprojx
Project File Date:  03/13/2018

<h2>Output:</h2>
*** Using Compiler 'V5.06 update 4 (build 422)', folder: 'd:\Keil_v5\ARM\ARMCC\Bin'
Build target 'LoggingF407'
compiling stm32f4xx_hal_pwr_ex.c...
compiling stm32f4xx_hal_adc.c...
compiling stm32f4xx_hal_tim_ex.c...
compiling stm32f4xx_hal_dma.c...
compiling stm32f4xx_hal_adc_ex.c...
compiling stm32f4xx_hal_flash_ex.c...
compiling stm32f4xx_hal_tim.c...
compiling stm32f4xx_hal_pcd_ex.c...
compiling stm32f4xx_hal_gpio.c...
compiling stm32f4xx_hal_pwr.c...
compiling stm32f4xx_hal_eth.c...
compiling stm32f4xx_ll_usb.c...
compiling stm32f4xx_hal_dma_ex.c...
compiling stm32f4xx_hal_i2c.c...
compiling stm32f4xx_hal.c...
compiling stm32f4xx_hal_rcc_ex.c...
compiling stm32f4xx_hal_cortex.c...
compiling stm32f4xx_hal_flash.c...
compiling stm32f4xx_hal_pcd.c...
compiling stm32f4xx_hal_i2c_ex.c...
compiling stm32f4xx_hal_rcc.c...
compiling stm32f4xx_hal_flash_ramfunc.c...
compiling stm32f4xx_hal_uart.c...
compiling usbd_conf.c...
compiling stm32f4xx_hal_iwdg.c...
compiling stm32f4xx_hal_spi.c...
compiling main.c...
../Src/main.c(103): warning:  #177-D: variable "cmd"  was declared but never referenced
    uint16_t cmd;
../Src/main.c(104): warning:  #177-D: variable "temp"  was declared but never referenced
    static uint16_t temp = 0x1200;
../Src/main.c(105): warning:  #177-D: variable "FpgaNumCunt"  was declared but never referenced
  	static uint16_t FpgaNumCunt = 0;
../Src/main.c(106): warning:  #177-D: variable "qwe"  was declared but never referenced
  	uint8_t qwe=0;
../Src/main.c(107): warning:  #177-D: variable "TEMP"  was declared but never referenced
  	static uint32_t TEMP = 0;
../Src/main.c: 5 warnings, 0 errors
compiling stm32f4xx_it.c...
../Src/stm32f4xx_it.c(83): warning:  #128-D: loop is not reachable
    while (1)
../Src/stm32f4xx_it.c(243): warning:  #177-D: variable "a"  was declared but never referenced
  	float a = 0,b = 0, _fDepth = 0;
../Src/stm32f4xx_it.c(243): warning:  #177-D: variable "b"  was declared but never referenced
  	float a = 0,b = 0, _fDepth = 0;
../Src/stm32f4xx_it.c(243): warning:  #177-D: variable "_fDepth"  was declared but never referenced
  	float a = 0,b = 0, _fDepth = 0;
../Src/stm32f4xx_it.c: 4 warnings, 0 errors
compiling stm32f4xx_hal_msp.c...
compiling usbd_custom_hid_if.c...
compiling usb_device.c...
compiling usbd_desc.c...
compiling ethernetif.c...
compiling server.c...
compiling lwip.c...
compiling tim.c...
compiling i2c.c...
compiling spi.c...
compiling adc.c...
compiling gpio.c...
compiling netifrxcallback.c...
compiling user.c...
..\Src\user.c(286): warning:  #550-D: variable "cmd7"  was set but never used
  	uint16_t cmd1 = 0,cmd2 = 0,cmd3 = 0,cmd4 = 0,cmd5 = 0,cmd6 = 0,cmd7 = 0,cmd8 = 0,cmd9 = 0,cmd10 = 0;
..\Src\user.c(287): warning:  #177-D: variable "data2"  was declared but never referenced
  	uint16_t data1 = 0,data2 = 0;
..\Src\user.c(388): warning:  #167-D: argument of type "char *" is incompatible with parameter of type "uint8_t *"
  					Gui_DrawFont_GBK16(90,80,
ED,
LUE,buff);
..\Src\user.c(389): warning:  #1035-D: single-precision operand implicitly converted to double-precision
  					_userprv->m_fspeed = 0.1/(float)_userprv->m_usSampleSpan*3600;
..\Src\user.c(391): warning:  #167-D: argument of type "char *" is incompatible with parameter of type "uint8_t *"
  					Gui_DrawFont_GBK16(90,100,
ED,
LUE,buff);
..\Src\user.c(400): warning:  #167-D: argument of type "char *" is incompatible with parameter of type "uint8_t *"
  					Gui_DrawFont_GBK16(90,80,
ED,
LUE,buff);
..\Src\user.c(401): warning:  #181-D: argument is incompatible with corresponding format string conversion
  					sprintf(buff,"%.2f",speed);
..\Src\user.c(402): warning:  #167-D: argument of type "char *" is incompatible with parameter of type "uint8_t *"
  					Gui_DrawFont_GBK16(90,100,
ED,
LUE,buff);	
..\Src\user.c(408): warning:  #1035-D: single-precision operand implicitly converted to double-precision
  					_userprv->m_fMONIQIdeepth = _userprv->m_fdeepth *1.0;
..\Src\user.c(412): warning:  #167-D: argument of type "char *" is incompatible with parameter of type "uint8_t *"
  					Gui_DrawFont_GBK16(90,80,
ED,
LUE,buff);
..\Src\user.c(415): warning:  #167-D: argument of type "char *" is incompatible with parameter of type "uint8_t *"
  					Gui_DrawFont_GBK16(90,100,
ED,
LUE,buff);
..\Src\user.c(452): warning:  #181-D: argument is incompatible with corresponding format string conversion
  					sprintf(buff,"%.2f",_userprv->m_usSampleSpan);
..\Src\user.c(453): warning:  #167-D: argument of type "char *" is incompatible with parameter of type "uint8_t *"
  					Gui_DrawFont_GBK16(90,80,
ED,
LUE,buff);
..\Src\user.c(455): warning:  #167-D: argument of type "char *" is incompatible with parameter of type "uint8_t *"
  					Gui_DrawFont_GBK16(90,80,
ED,
LUE,buff);
..\Src\user.c(456): warning:  #1035-D: single-precision operand implicitly converted to double-precision
  					_userprv->m_fspeed = 0.1/(float)_userprv->m_usSampleSpan*3600;
..\Src\user.c(458): warning:  #167-D: argument of type "char *" is incompatible with parameter of type "uint8_t *"
  					Gui_DrawFont_GBK16(90,100,
ED,
LUE,buff);
..\Src\user.c(467): warning:  #167-D: argument of type "char *" is incompatible with parameter of type "uint8_t *"
  					Gui_DrawFont_GBK16(90,80,
ED,
LUE,buff);
..\Src\user.c(468): warning:  #181-D: argument is incompatible with corresponding format string conversion
  					sprintf(buff,"%.2f",speed);
..\Src\user.c(469): warning:  #167-D: argument of type "char *" is incompatible with parameter of type "uint8_t *"
  					Gui_DrawFont_GBK16(90,100,
ED,
LUE,buff);	
..\Src\user.c(476): warning:  #167-D: argument of type "char *" is incompatible with parameter of type "uint8_t *"
  					Gui_DrawFont_GBK16(90,80,
ED,
LUE,buff);
..\Src\user.c(479): warning:  #167-D: argument of type "char *" is incompatible with parameter of type "uint8_t *"
  					Gui_DrawFont_GBK16(90,100,
ED,
LUE,buff);
..\Src\user.c(356): warning:  #177-D: variable "fspeed"  was declared but never referenced
  	float fspeed = 0,deepth = 0;
..\Src\user.c(356): warning:  #177-D: variable "deepth"  was declared but never referenced
  	float fspeed = 0,deepth = 0;
..\Src\user.c(911): warning:  #1035-D: single-precision operand implicitly converted to double-precision
  					_userprv->m_fdeepth -=0.1; 
..\Src\user.c(917): warning:  #167-D: argument of type "char *" is incompatible with parameter of type "uint8_t *"
  					Gui_DrawFont_GBK16(90,80,
ED,
LUE,buff);
..\Src\user.c(919): warning:  #167-D: argument of type "char *" is incompatible with parameter of type "uint8_t *"
  					Gui_DrawFont_GBK16(90,100,
ED,
LUE,buff);					
..\Src\user.c(982): warning:  #167-D: argument of type "char *" is incompatible with parameter of type "uint8_t *"
  						Gui_DrawFont_GBK16(90,80,
ED,
LUE,buff);
..\Src\user.c(983): warning:  #1035-D: single-precision operand implicitly converted to double-precision
  						_userprv->m_fspeed = (float)_userprv->m_usSampleSpan*360000000.0/abs(_userprv->m_tLoggingStaHand.timespan - _userprv->m_uiTime);
..\Src\user.c(986): warning:  #167-D: argument of type "char *" is incompatible with parameter of type "uint8_t *"
  						Gui_DrawFont_GBK16(90,100,
ED,
LUE,buff);	
..\Src\user.c(1043): warning:  #167-D: argument of type "char *" is incompatible with parameter of type "uint8_t *"
  						Gui_DrawFont_GBK16(90,80,
ED,
LUE,buff);
..\Src\user.c(1045): warning:  #167-D: argument of type "char *" is incompatible with parameter of type "uint8_t *"
  						Gui_DrawFont_GBK16(90,100,
ED,
LUE,buff);
..\Src\user.c(1113): warning:  #167-D: argument of type "char *" is incompatible with parameter of type "uint8_t *"
  				Gui_DrawFont_GBK16(90,80,
ED,
LUE,buff);
..\Src\user.c(1115): warning:  #167-D: argument of type "char *" is incompatible with parameter of type "uint8_t *"
  				Gui_DrawFont_GBK16(90,100,
ED,
LUE,buff);				
..\Src\user.c(1125): warning:  #167-D: argument of type "char *" is incompatible with parameter of type "uint8_t *"
  				Gui_DrawFont_GBK16(90,80,
ED,
LUE,buff);
..\Src\user.c(1127): warning:  #1035-D: single-precision operand implicitly converted to double-precision
  			  if(_userprv->m_fspeed == 0.00)
..\Src\user.c(1130): warning:  #1035-D: single-precision operand implicitly converted to double-precision
  					_userprv->m_fspeed += 0.01;
..\Src\user.c(1132): warning:  #167-D: argument of type "char *" is incompatible with parameter of type "uint8_t *"
    			Gui_DrawFont_GBK16(90,100,
ED,
LUE,buff);
..\Src\user.c(1140): warning:  #167-D: argument of type "char *" is incompatible with parameter of type "uint8_t *"
  				Gui_DrawFont_GBK16(90,80,
ED,
LUE,buff);
..\Src\user.c(1142): warning:  #167-D: argument of type "char *" is incompatible with parameter of type "uint8_t *"
  				Gui_DrawFont_GBK16(90,100,
ED,
LUE,buff);
..\Src\user.c(895): warning:  #177-D: variable "FPGAData"  was declared but never referenced
  	uint16_t FPGAData = 0;
..\Src\user.c(896): warning:  #177-D: variable "_fspeed"  was declared but never referenced
  	float _fspeed = 0.0;
..\Src\user.c(899): warning:  #177-D: variable "a"  was declared but never referenced
  	float a = 0.0,b = 0.0,_fDepth = 0.0;
..\Src\user.c(899): warning:  #177-D: variable "b"  was declared but never referenced
  	float a = 0.0,b = 0.0,_fDepth = 0.0;
..\Src\user.c(899): warning:  #177-D: variable "_fDepth"  was declared but never referenced
  	float a = 0.0,b = 0.0,_fDepth = 0.0;
..\Src\user.c(900): warning:  #550-D: variable "_fTime"  was set but never used
  	float _fTime;
..\Src\user.c(1207): warning:  #177-D: variable "buff"  was declared but never referenced
  	uint8_t buff[20];
..\Src\user.c(1528): warning:  #167-D: argument of type "unsigned char *" is incompatible with parameter of type "char *restrict"
  	sprintf(buff,"%x",_userprv->m_tModelDes.ID);
..\Src\user.c(230): warning:  #177-D: variable "delttimerval"  was declared but never referenced
  static  int delttimerval = 0;
..\Src\user.c: 48 warnings, 0 errors
assembling startup_stm32f407xx.s...
compiling usart.c...
compiling iwdg.c...
compiling udp.c...
compiling Flash.c...
compiling system_stm32f4xx.c...
compiling LCD.C...
compiling exit.c...
compiling dhcp.c...
compiling pppol2tp.c...
compiling sha1.c...
compiling des.c...
compiling ipcp.c...
compiling utils.c...
compiling ip4_frag.c...
compiling vj.c...
compiling raw.c...
compiling pppcrypt.c...
compiling inet_chksum.c...
compiling sys.c...
compiling ip6_addr.c...
compiling icmp.c...
compiling tcp_in.c...
compiling pppoe.c...
compiling magic.c...
compiling upap.c...
compiling eui64.c...
compiling mppe.c...
compiling auth.c...
compiling multilink.c...
compiling ipv6cp.c...
compiling mld6.c...
compiling ppp.c...
compiling api_lib.c...
compiling chap-md5.c...
compiling init.c...
compiling memp.c...
compiling pppapi.c...
compiling def.c...
compiling eap.c...
compiling lowpan6.c...
compiling arc4.c...
compiling ip.c...
compiling pbuf.c...
compiling dhcp6.c...
compiling ecp.c...
compiling tcpip.c...
compiling demand.c...
compiling slipif.c...
compiling netif.c...
compiling tcp.c...
compiling stats.c...
compiling pppos.c...
compiling nd6.c...
compiling ethip6.c...
compiling mem.c...
compiling netbuf.c...
compiling ip4.c...
compiling ip6.c...
compiling igmp.c...
compiling dns.c...
compiling icmp6.c...
compiling fsm.c...
compiling sockets.c...
compiling api_msg.c...
compiling netdb.c...
compiling inet6.c...
compiling chap_ms.c...
compiling netifapi.c...
compiling err.c...
compiling timeouts.c...
compiling tcp_out.c...
compiling ip4_addr.c...
compiling ccp.c...
compiling ethernet.c...
compiling lcp.c...
compiling md4.c...
compiling autoip.c...
compiling ip6_frag.c...
compiling usbd_ioreq.c...
compiling usbd_customhid.c...
compiling usbd_core.c...
compiling usbd_ctlreq.c...
compiling chap-new.c...
compiling etharp.c...
compiling md5.c...
compiling 24cxx.c...
compiling myiic.c...
linking...
Program Size: Code=54276 RO-data=86764 RW-data=472 ZI-data=128600  
"LoggingF407\LoggingF407.axf" - 0 Error(s), 57 Warning(s).

<h2>Software Packages used:</h2>

Package Vendor: ARM
                http://www.keil.com/pack/ARM.CMSIS.4.5.0.pack
                ARM::CMSIS:CORE:4.3.0
                CMSIS (Cortex Microcontroller Software Interface Standard)
   * Component: CORE Version: 4.3.0

<h2>Collection of Component include folders:</h2>
  .\RTE\_LoggingF407
  d:\Keil_v5\ARM\PACK\ARM\CMSIS\4.5.0\CMSIS\Include
  d:\Keil_v5\ARM\PACK\Keil\STM32F4xx_DFP\2.9.0\Drivers\CMSIS\Device\ST\STM32F4xx\Include

<h2>Collection of Component Files used:</h2>

   * Component: ARM::CMSIS:CORE:4.3.0
Build Time Elapsed:  00:05:36
</pre>
</body>
</html>
