Component: ARM Compiler 5.06 update 4 (build 422) Tool: armlink [4d35d2]

==============================================================================

Section Cross References

    stm32f4xx_hal_tim.o(i.HAL_TIM_Base_DeInit) refers to tim.o(i.HAL_TIM_Base_MspDeInit) for HAL_TIM_Base_MspDeInit
    stm32f4xx_hal_tim.o(i.HAL_TIM_Base_Init) refers to tim.o(i.HAL_TIM_Base_MspInit) for HAL_TIM_Base_MspInit
    stm32f4xx_hal_tim.o(i.HAL_TIM_Base_Init) refers to stm32f4xx_hal_tim.o(i.TIM_Base_SetConfig) for TIM_Base_SetConfig
    stm32f4xx_hal_tim.o(i.HAL_TIM_Base_Start_DMA) refers to stm32f4xx_hal_dma.o(i.HAL_DMA_Start_IT) for HAL_DMA_Start_IT
    stm32f4xx_hal_tim.o(i.HAL_TIM_Base_Start_DMA) refers to stm32f4xx_hal_tim.o(i.TIM_DMAPeriodElapsedCplt) for TIM_DMAPeriodElapsedCplt
    stm32f4xx_hal_tim.o(i.HAL_TIM_Base_Start_DMA) refers to stm32f4xx_hal_tim.o(i.TIM_DMAError) for TIM_DMAError
    stm32f4xx_hal_tim.o(i.HAL_TIM_ConfigClockSource) refers to stm32f4xx_hal_tim.o(i.TIM_ETR_SetConfig) for TIM_ETR_SetConfig
    stm32f4xx_hal_tim.o(i.HAL_TIM_ConfigClockSource) refers to stm32f4xx_hal_tim.o(i.TIM_TI1_ConfigInputStage) for TIM_TI1_ConfigInputStage
    stm32f4xx_hal_tim.o(i.HAL_TIM_ConfigClockSource) refers to stm32f4xx_hal_tim.o(i.TIM_TI2_ConfigInputStage) for TIM_TI2_ConfigInputStage
    stm32f4xx_hal_tim.o(i.HAL_TIM_ConfigClockSource) refers to stm32f4xx_hal_tim.o(i.TIM_ITRx_SetConfig) for TIM_ITRx_SetConfig
    stm32f4xx_hal_tim.o(i.HAL_TIM_ConfigOCrefClear) refers to stm32f4xx_hal_tim.o(i.TIM_ETR_SetConfig) for TIM_ETR_SetConfig
    stm32f4xx_hal_tim.o(i.HAL_TIM_DMABurst_ReadStart) refers to stm32f4xx_hal_dma.o(i.HAL_DMA_Start_IT) for HAL_DMA_Start_IT
    stm32f4xx_hal_tim.o(i.HAL_TIM_DMABurst_ReadStart) refers to stm32f4xx_hal_tim.o(i.TIM_DMAError) for TIM_DMAError
    stm32f4xx_hal_tim.o(i.HAL_TIM_DMABurst_ReadStart) refers to stm32f4xx_hal_tim.o(i.TIM_DMACaptureCplt) for TIM_DMACaptureCplt
    stm32f4xx_hal_tim.o(i.HAL_TIM_DMABurst_ReadStart) refers to stm32f4xx_hal_tim.o(i.TIM_DMAPeriodElapsedCplt) for TIM_DMAPeriodElapsedCplt
    stm32f4xx_hal_tim.o(i.HAL_TIM_DMABurst_ReadStart) refers to stm32f4xx_hal_tim_ex.o(i.TIMEx_DMACommutationCplt) for TIMEx_DMACommutationCplt
    stm32f4xx_hal_tim.o(i.HAL_TIM_DMABurst_ReadStart) refers to stm32f4xx_hal_tim.o(i.TIM_DMATriggerCplt) for TIM_DMATriggerCplt
    stm32f4xx_hal_tim.o(i.HAL_TIM_DMABurst_ReadStop) refers to stm32f4xx_hal_dma.o(i.HAL_DMA_Abort) for HAL_DMA_Abort
    stm32f4xx_hal_tim.o(i.HAL_TIM_DMABurst_WriteStart) refers to stm32f4xx_hal_dma.o(i.HAL_DMA_Start_IT) for HAL_DMA_Start_IT
    stm32f4xx_hal_tim.o(i.HAL_TIM_DMABurst_WriteStart) refers to stm32f4xx_hal_tim.o(i.TIM_DMAError) for TIM_DMAError
    stm32f4xx_hal_tim.o(i.HAL_TIM_DMABurst_WriteStart) refers to stm32f4xx_hal_tim.o(i.TIM_DMADelayPulseCplt) for TIM_DMADelayPulseCplt
    stm32f4xx_hal_tim.o(i.HAL_TIM_DMABurst_WriteStart) refers to stm32f4xx_hal_tim.o(i.TIM_DMAPeriodElapsedCplt) for TIM_DMAPeriodElapsedCplt
    stm32f4xx_hal_tim.o(i.HAL_TIM_DMABurst_WriteStart) refers to stm32f4xx_hal_tim_ex.o(i.TIMEx_DMACommutationCplt) for TIMEx_DMACommutationCplt
    stm32f4xx_hal_tim.o(i.HAL_TIM_DMABurst_WriteStart) refers to stm32f4xx_hal_tim.o(i.TIM_DMATriggerCplt) for TIM_DMATriggerCplt
    stm32f4xx_hal_tim.o(i.HAL_TIM_DMABurst_WriteStop) refers to stm32f4xx_hal_dma.o(i.HAL_DMA_Abort) for HAL_DMA_Abort
    stm32f4xx_hal_tim.o(i.HAL_TIM_Encoder_DeInit) refers to tim.o(i.HAL_TIM_Encoder_MspDeInit) for HAL_TIM_Encoder_MspDeInit
    stm32f4xx_hal_tim.o(i.HAL_TIM_Encoder_Init) refers to tim.o(i.HAL_TIM_Encoder_MspInit) for HAL_TIM_Encoder_MspInit
    stm32f4xx_hal_tim.o(i.HAL_TIM_Encoder_Init) refers to stm32f4xx_hal_tim.o(i.TIM_Base_SetConfig) for TIM_Base_SetConfig
    stm32f4xx_hal_tim.o(i.HAL_TIM_Encoder_Start) refers to stm32f4xx_hal_tim.o(i.TIM_CCxChannelCmd) for TIM_CCxChannelCmd
    stm32f4xx_hal_tim.o(i.HAL_TIM_Encoder_Start_DMA) refers to stm32f4xx_hal_dma.o(i.HAL_DMA_Start_IT) for HAL_DMA_Start_IT
    stm32f4xx_hal_tim.o(i.HAL_TIM_Encoder_Start_DMA) refers to stm32f4xx_hal_tim.o(i.TIM_CCxChannelCmd) for TIM_CCxChannelCmd
    stm32f4xx_hal_tim.o(i.HAL_TIM_Encoder_Start_DMA) refers to stm32f4xx_hal_tim.o(i.TIM_DMACaptureCplt) for TIM_DMACaptureCplt
    stm32f4xx_hal_tim.o(i.HAL_TIM_Encoder_Start_DMA) refers to stm32f4xx_hal_tim.o(i.TIM_DMAError) for TIM_DMAError
    stm32f4xx_hal_tim.o(i.HAL_TIM_Encoder_Start_IT) refers to stm32f4xx_hal_tim.o(i.TIM_CCxChannelCmd) for TIM_CCxChannelCmd
    stm32f4xx_hal_tim.o(i.HAL_TIM_Encoder_Stop) refers to stm32f4xx_hal_tim.o(i.TIM_CCxChannelCmd) for TIM_CCxChannelCmd
    stm32f4xx_hal_tim.o(i.HAL_TIM_Encoder_Stop_DMA) refers to stm32f4xx_hal_tim.o(i.TIM_CCxChannelCmd) for TIM_CCxChannelCmd
    stm32f4xx_hal_tim.o(i.HAL_TIM_Encoder_Stop_IT) refers to stm32f4xx_hal_tim.o(i.TIM_CCxChannelCmd) for TIM_CCxChannelCmd
[...]
    MX_USB_DEVICE_Init                       0x08005025   Thumb Code    38  usb_device.o(i.MX_USB_DEVICE_Init)
    MemManage_Handler                        0x0800505d   Thumb Code     2  stm32f4xx_it.o(i.MemManage_Handler)
    NMI_Handler                              0x0800505f   Thumb Code     2  stm32f4xx_it.o(i.NMI_Handler)
    OTG_FS_IRQHandler                        0x08005081   Thumb Code     6  stm32f4xx_it.o(i.OTG_FS_IRQHandler)
    PendSV_Handler                           0x08005115   Thumb Code     2  stm32f4xx_it.o(i.PendSV_Handler)
    Read_Data_From_FPGA                      0x08005119   Thumb Code    60  exit.o(i.Read_Data_From_FPGA)
    Read_Flash                               0x0800515d   Thumb Code    74  flash.o(i.Read_Flash)
    Read_MoRen_Val                           0x080051ad   Thumb Code   222  user.o(i.Read_MoRen_Val)
    SVC_Handler                              0x0800534f   Thumb Code     2  stm32f4xx_it.o(i.SVC_Handler)
    Send_Data_To_FPGA_DoubleCmd              0x08005351   Thumb Code   160  exit.o(i.Send_Data_To_FPGA_DoubleCmd)
    Send_Data_To_FPGA_OneCmd                 0x080053fd   Thumb Code    98  exit.o(i.Send_Data_To_FPGA_OneCmd)
    Send_Moudel                              0x08005469   Thumb Code    10  user.o(i.Send_Moudel)
    Set_Baud                                 0x08005475   Thumb Code    62  exit.o(i.Set_Baud)
    Set_IP                                   0x080054b9   Thumb Code   504  user.o(i.Set_IP)
    Show_IP_Config                           0x08005715   Thumb Code   276  lcd.o(i.Show_IP_Config)
    Show_Num                                 0x08005871   Thumb Code    56  lcd.o(i.Show_Num)
    Show_Num_float                           0x080058ad   Thumb Code   110  lcd.o(i.Show_Num_float)
    Show_One_Line_Parameter                  0x08005925   Thumb Code   212  lcd.o(i.Show_One_Line_Parameter)
    Show_One_Minate                          0x08005a01   Thumb Code    88  lcd.o(i.Show_One_Minate)
    SysTick_Handler                          0x08005a59   Thumb Code    14  stm32f4xx_it.o(i.SysTick_Handler)
    SystemClock_Config                       0x08005a69   Thumb Code   156  main.o(i.SystemClock_Config)
    SystemInit                               0x08005b0d   Thumb Code    66  system_stm32f4xx.o(i.SystemInit)
    TCP_server_IN                            0x08005b61   Thumb Code    40  server.o(i.TCP_server_IN)
    TCP_server_init                          0x08005b89   Thumb Code    42  server.o(i.TCP_server_init)
    TCP_server_out                           0x08005bc1   Thumb Code    26  server.o(i.TCP_server_out)
    TIM1_UP_TIM10_IRQHandler                 0x08005be1   Thumb Code   162  stm32f4xx_it.o(i.TIM1_UP_TIM10_IRQHandler)
    TIM3_IRQHandler                          0x08005c9d   Thumb Code    46  stm32f4xx_it.o(i.TIM3_IRQHandler)
    TIM4_IRQHandler                          0x08005cd5   Thumb Code    54  stm32f4xx_it.o(i.TIM4_IRQHandler)
    TIM_Base_SetConfig                       0x08005d15   Thumb Code   148  stm32f4xx_hal_tim.o(i.TIM_Base_SetConfig)
    TIM_CCxChannelCmd                        0x08005dd5   Thumb Code    22  stm32f4xx_hal_tim.o(i.TIM_CCxChannelCmd)
    Trans_Data                               0x08005e55   Thumb Code  1814  user.o(i.Trans_Data)
    USART1_IRQHandler                        0x08006825   Thumb Code   122  stm32f4xx_it.o(i.USART1_IRQHandler)
    USBD_CUSTOM_HID_RegisterInterface        0x08006993   Thumb Code    16  usbd_customhid.o(i.USBD_CUSTOM_HID_RegisterInterface)
    USBD_CUSTOM_HID_SendReport               0x080069a3   Thumb Code    36  usbd_customhid.o(i.USBD_CUSTOM_HID_SendReport)
    USBD_ClrClassConfig                      0x08006a81   Thumb Code    14  usbd_core.o(i.USBD_ClrClassConfig)
    USBD_CtlContinueRx                       0x08006a8f   Thumb Code    16  usbd_ioreq.o(i.USBD_CtlContinueRx)
    USBD_CtlContinueSendData                 0x08006a9f   Thumb Code    16  usbd_ioreq.o(i.USBD_CtlContinueSendData)
    USBD_CtlError                            0x08006aaf   Thumb Code    22  usbd_ctlreq.o(i.USBD_CtlError)
    USBD_CtlPrepareRx                        0x08006ac5   Thumb Code    30  usbd_ioreq.o(i.USBD_CtlPrepareRx)
    USBD_CtlReceiveStatus                    0x08006ae3   Thumb Code    22  usbd_ioreq.o(i.USBD_CtlReceiveStatus)
    USBD_CtlSendData                         0x08006af9   Thumb Code    26  usbd_ioreq.o(i.USBD_CtlSendData)
    USBD_CtlSendStatus                       0x08006b13   Thumb Code    22  usbd_ioreq.o(i.USBD_CtlSendStatus)
    USBD_FS_ConfigStrDescriptor              0x08006b29   Thumb Code    16  usbd_desc.o(i.USBD_FS_ConfigStrDescriptor)
    USBD_FS_DeviceDescriptor                 0x08006b51   Thumb Code     8  usbd_desc.o(i.USBD_FS_DeviceDescriptor)
    USBD_FS_InterfaceStrDescriptor           0x08006b5d   Thumb Code    16  usbd_desc.o(i.USBD_FS_InterfaceStrDescriptor)
    USBD_FS_LangIDStrDescriptor              0x08006b89   Thumb Code     8  usbd_desc.o(i.USBD_FS_LangIDStrDescriptor)
    USBD_FS_ManufacturerStrDescriptor        0x08006b95   Thumb Code    16  usbd_desc.o(i.USBD_FS_ManufacturerStrDescriptor)
    USBD_FS_ProductStrDescriptor             0x08006bbd   Thumb Code    16  usbd_desc.o(i.USBD_FS_ProductStrDescriptor)
    USBD_FS_SerialStrDescriptor              0x08006bf1   Thumb Code    16  usbd_desc.o(i.USBD_FS_SerialStrDescriptor)
    USBD_GetString                           0x08006d07   Thumb Code    70  usbd_ctlreq.o(i.USBD_GetString)
    USBD_Init                                0x08006d4d   Thumb Code    42  usbd_core.o(i.USBD_Init)
    USBD_LL_ClearStallEP                     0x08006d77   Thumb Code    32  usbd_conf.o(i.USBD_LL_ClearStallEP)
    USBD_LL_CloseEP                          0x08006d97   Thumb Code    32  usbd_conf.o(i.USBD_LL_CloseEP)
    USBD_LL_DataInStage                      0x08006db7   Thumb Code   170  usbd_core.o(i.USBD_LL_DataInStage)
    USBD_LL_DataOutStage                     0x08006e61   Thumb Code   106  usbd_core.o(i.USBD_LL_DataOutStage)
    USBD_LL_DevConnected                     0x08006ecb   Thumb Code     4  usbd_core.o(i.USBD_LL_DevConnected)
    USBD_LL_DevDisconnected                  0x08006ecf   Thumb Code    22  usbd_core.o(i.USBD_LL_DevDisconnected)
    USBD_LL_Init                             0x08006ee5   Thumb Code    94  usbd_conf.o(i.USBD_LL_Init)
    USBD_LL_IsStallEP                        0x08006f49   Thumb Code    32  usbd_conf.o(i.USBD_LL_IsStallEP)
    USBD_LL_IsoINIncomplete                  0x08006f69   Thumb Code     4  usbd_core.o(i.USBD_LL_IsoINIncomplete)
    USBD_LL_IsoOUTIncomplete                 0x08006f6d   Thumb Code     4  usbd_core.o(i.USBD_LL_IsoOUTIncomplete)
    USBD_LL_OpenEP                           0x08006f71   Thumb Code    38  usbd_conf.o(i.USBD_LL_OpenEP)
    USBD_LL_PrepareReceive                   0x08006f97   Thumb Code    32  usbd_conf.o(i.USBD_LL_PrepareReceive)
    USBD_LL_Reset                            0x08006fb7   Thumb Code    62  usbd_core.o(i.USBD_LL_Reset)
    USBD_LL_Resume                           0x08006ff5   Thumb Code    12  usbd_core.o(i.USBD_LL_Resume)
    USBD_LL_SOF                              0x08007001   Thumb Code    24  usbd_core.o(i.USBD_LL_SOF)
    USBD_LL_SetSpeed                         0x08007019   Thumb Code     6  usbd_core.o(i.USBD_LL_SetSpeed)
    USBD_LL_SetUSBAddress                    0x0800701f   Thumb Code    32  usbd_conf.o(i.USBD_LL_SetUSBAddress)
    USBD_LL_SetupStage                       0x0800703f   Thumb Code    90  usbd_core.o(i.USBD_LL_SetupStage)
    USBD_LL_StallEP                          0x08007099   Thumb Code    32  usbd_conf.o(i.USBD_LL_StallEP)
    USBD_LL_Start                            0x080070b9   Thumb Code    32  usbd_conf.o(i.USBD_LL_Start)
    USBD_LL_Suspend                          0x080070d9   Thumb Code    18  usbd_core.o(i.USBD_LL_Suspend)
    USBD_LL_Transmit                         0x080070eb   Thumb Code    32  usbd_conf.o(i.USBD_LL_Transmit)
    USBD_ParseSetupRequest                   0x0800710b   Thumb Code    40  usbd_ctlreq.o(i.USBD_ParseSetupRequest)
    USBD_RegisterClass                       0x08007133   Thumb Code    16  usbd_core.o(i.USBD_RegisterClass)
    USBD_SetClassConfig                      0x08007143   Thumb Code    22  usbd_core.o(i.USBD_SetClassConfig)
    USBD_Start                               0x080071cd   Thumb Code    10  usbd_core.o(i.USBD_Start)
    USBD_StdDevReq                           0x080071d7   Thumb Code   242  usbd_ctlreq.o(i.USBD_StdDevReq)
    USBD_StdEPReq                            0x080072c9   Thumb Code   220  usbd_ctlreq.o(i.USBD_StdEPReq)
    USBD_StdItfReq                           0x080073a5   Thumb Code    52  usbd_ctlreq.o(i.USBD_StdItfReq)
    USB_ActivateEndpoint                     0x080073d9   Thumb Code   122  stm32f4xx_ll_usb.o(i.USB_ActivateEndpoint)
    USB_ActivateSetup                        0x08007459   Thumb Code    52  stm32f4xx_ll_usb.o(i.USB_ActivateSetup)
    USB_CoreInit                             0x0800748d   Thumb Code   104  stm32f4xx_ll_usb.o(i.USB_CoreInit)
    USB_DeactivateEndpoint                   0x08007531   Thumb Code   196  stm32f4xx_ll_usb.o(i.USB_DeactivateEndpoint)
    USB_DevConnect                           0x080075f9   Thumb Code    24  stm32f4xx_ll_usb.o(i.USB_DevConnect)
    USB_DevDisconnect                        0x08007611   Thumb Code    24  stm32f4xx_ll_usb.o(i.USB_DevDisconnect)
    USB_DevInit                              0x08007629   Thumb Code   302  stm32f4xx_ll_usb.o(i.USB_DevInit)
    USB_DisableGlobalInt                     0x08007769   Thumb Code    12  stm32f4xx_ll_usb.o(i.USB_DisableGlobalInt)
    USB_EP0StartXfer                         0x08007775   Thumb Code   316  stm32f4xx_ll_usb.o(i.USB_EP0StartXfer)
    USB_EP0_OutStart                         0x080078b5   Thumb Code    62  stm32f4xx_ll_usb.o(i.USB_EP0_OutStart)
    USB_EPClearStall                         0x080078f3   Thumb Code   100  stm32f4xx_ll_usb.o(i.USB_EPClearStall)
    USB_EPSetStall                           0x08007957   Thumb Code    94  stm32f4xx_ll_usb.o(i.USB_EPSetStall)
    USB_EPStartXfer                          0x080079b5   Thumb Code   534  stm32f4xx_ll_usb.o(i.USB_EPStartXfer)
    USB_EnableGlobalInt                      0x08007bd1   Thumb Code    12  stm32f4xx_ll_usb.o(i.USB_EnableGlobalInt)
    USB_FlushRxFifo                          0x08007bdd   Thumb Code    28  stm32f4xx_ll_usb.o(i.USB_FlushRxFifo)
    USB_FlushTxFifo                          0x08007bfd   Thumb Code    32  stm32f4xx_ll_usb.o(i.USB_FlushTxFifo)
    USB_GetDevSpeed                          0x08007c21   Thumb Code    60  stm32f4xx_ll_usb.o(i.USB_GetDevSpeed)
    USB_GetMode                              0x08007c5d   Thumb Code     8  stm32f4xx_ll_usb.o(i.USB_GetMode)
    USB_ReadDevAllInEpInterrupt              0x08007c65   Thumb Code    14  stm32f4xx_ll_usb.o(i.USB_ReadDevAllInEpInterrupt)
    USB_ReadDevAllOutEpInterrupt             0x08007c73   Thumb Code    14  stm32f4xx_ll_usb.o(i.USB_ReadDevAllOutEpInterrupt)
    USB_ReadDevInEPInterrupt                 0x08007c81   Thumb Code    30  stm32f4xx_ll_usb.o(i.USB_ReadDevInEPInterrupt)
    USB_ReadDevOutEPInterrupt                0x08007c9f   Thumb Code    16  stm32f4xx_ll_usb.o(i.USB_ReadDevOutEPInterrupt)
    USB_ReadInterrupts                       0x08007caf   Thumb Code     8  stm32f4xx_ll_usb.o(i.USB_ReadInterrupts)
    USB_ReadPacket                           0x08007cb7   Thumb Code    32  stm32f4xx_ll_usb.o(i.USB_ReadPacket)
    USB_SetCurrentMode                       0x08007cd7   Thumb Code    44  stm32f4xx_ll_usb.o(i.USB_SetCurrentMode)
    USB_SetDevAddress                        0x08007d03   Thumb Code    34  stm32f4xx_ll_usb.o(i.USB_SetDevAddress)
    USB_WritePacket                          0x08007d25   Thumb Code    40  stm32f4xx_ll_usb.o(i.USB_WritePacket)
    UsageFault_Handler                       0x08007d4d   Thumb Code     2  stm32f4xx_it.o(i.UsageFault_Handler)
    Welcome_Page                             0x08007d51   Thumb Code   126  user.o(i.Welcome_Page)
    Write_FLASH                              0x08007dfd   Thumb Code   264  flash.o(i.Write_FLASH)
    Write_MoRen_Val                          0x08007f15   Thumb Code   122  user.o(i.Write_MoRen_Val)
    Z_Y_TestFunc                             0x08007f95   Thumb Code  1534  user.o(i.Z_Y_TestFunc)
    Zhongzi_Yama_Data_Init                   0x08008599   Thumb Code   144  user.o(i.Zhongzi_Yama_Data_Init)
    __0sprintf                               0x08008629   Thumb Code    34  printfa.o(i.__0sprintf)
    __1sprintf                               0x08008629   Thumb Code     0  printfa.o(i.__0sprintf)
    __2sprintf                               0x08008629   Thumb Code     0  printfa.o(i.__0sprintf)
    __c89sprintf                             0x08008629   Thumb Code     0  printfa.o(i.__0sprintf)
    sprintf                                  0x08008629   Thumb Code     0  printfa.o(i.__0sprintf)
    __scatterload_copy                       0x08008651   Thumb Code    14  handlers.o(i.__scatterload_copy)
    __scatterload_null                       0x0800865f   Thumb Code     2  handlers.o(i.__scatterload_null)
    __scatterload_zeroinit                   0x08008661   Thumb Code    14  handlers.o(i.__scatterload_zeroinit)
    _analyse_                                0x0800866f   Thumb Code   352  user.o(i._analyse_)
    etharp_cleanup_netif                     0x080090c5   Thumb Code    42  etharp.o(i.etharp_cleanup_netif)
    etharp_input                             0x080091f5   Thumb Code   160  etharp.o(i.etharp_input)
    etharp_output                            0x08009295   Thumb Code   224  etharp.o(i.etharp_output)
    etharp_query                             0x080093e1   Thumb Code   232  etharp.o(i.etharp_query)
    etharp_request                           0x08009559   Thumb Code     6  etharp.o(i.etharp_request)
    etharp_tmr                               0x08009585   Thumb Code    92  etharp.o(i.etharp_tmr)
    ethernet_input                           0x08009665   Thumb Code   154  ethernet.o(i.ethernet_input)
    ethernet_output                          0x08009705   Thumb Code    74  ethernet.o(i.ethernet_output)
    ethernetif_init                          0x08009751   Thumb Code    30  ethernetif.o(i.ethernetif_init)
    ethernetif_input                         0x08009779   Thumb Code    34  ethernetif.o(i.ethernetif_input)
    free                                     0x0800979d   Thumb Code    76  malloc.o(i.free)
    icmp_dest_unreach                        0x080097ed   Thumb Code     8  icmp.o(i.icmp_dest_unreach)
    icmp_input                               0x080097f5   Thumb Code   240  icmp.o(i.icmp_input)
    icmp_time_exceeded                       0x08009955   Thumb Code     8  icmp.o(i.icmp_time_exceeded)
    ip4_addr_isbroadcast_u32                 0x0800995d   Thumb Code    46  ip4_addr.o(i.ip4_addr_isbroadcast_u32)
    ip4_frag                                 0x0800998d   Thumb Code   342  ip4_frag.o(i.ip4_frag)
    ip4_input                                0x08009ae9   Thumb Code   390  ip4.o(i.ip4_input)
    ip4_output_if                            0x08009c79   Thumb Code    30  ip4.o(i.ip4_output_if)
    ip4_output_if_src                        0x08009c99   Thumb Code   160  ip4.o(i.ip4_output_if_src)
    ip4_reass                                0x08009d41   Thumb Code   396  ip4_frag.o(i.ip4_reass)
    ip4_route                                0x08009ed1   Thumb Code    82  ip4.o(i.ip4_route)
    ip_reass_tmr                             0x0800a135   Thumb Code    40  ip4_frag.o(i.ip_reass_tmr)
    lwip_htonl                               0x0800a3a5   Thumb Code     4  def.o(i.lwip_htonl)
    lwip_htons                               0x0800a3a9   Thumb Code     4  def.o(i.lwip_htons)
    lwip_init                                0x0800a3ad   Thumb Code    26  init.o(i.lwip_init)
    main                                     0x0800a3c9   Thumb Code   436  main.o(i.main)
    malloc                                   0x0800a5b9   Thumb Code    92  malloc.o(i.malloc)
    mem_free                                 0x0800a625   Thumb Code    40  mem.o(i.mem_free)
    mem_init                                 0x0800a651   Thumb Code    42  mem.o(i.mem_init)
    mem_malloc                               0x0800a685   Thumb Code   162  mem.o(i.mem_malloc)
    mem_trim                                 0x0800a72d   Thumb Code   200  mem.o(i.mem_trim)
    memp_free                                0x0800a7f9   Thumb Code    20  memp.o(i.memp_free)
    memp_init                                0x0800a811   Thumb Code    26  memp.o(i.memp_init)
    memp_init_pool                           0x0800a831   Thumb Code    42  memp.o(i.memp_init_pool)
    memp_malloc                              0x0800a85d   Thumb Code    18  memp.o(i.memp_malloc)
    netif_add                                0x0800a875   Thumb Code    74  netif.o(i.netif_add)
    netif_init                               0x0800a8c5   Thumb Code     2  netif.o(i.netif_init)
    netif_set_addr                           0x0800a8e1   Thumb Code    72  netif.o(i.netif_set_addr)
    netif_set_default                        0x0800a929   Thumb Code     6  netif.o(i.netif_set_default)
    netif_set_down                           0x0800a935   Thumb Code    26  netif.o(i.netif_set_down)
    netif_set_gw                             0x0800a94f   Thumb Code     8  netif.o(i.netif_set_gw)
    netif_set_ipaddr                         0x0800a959   Thumb Code    52  netif.o(i.netif_set_ipaddr)
    netif_set_netmask                        0x0800a991   Thumb Code     8  netif.o(i.netif_set_netmask)
    netif_set_up                             0x0800a999   Thumb Code    28  netif.o(i.netif_set_up)
    pbuf_alloc                               0x0800a9b5   Thumb Code   290  pbuf.o(i.pbuf_alloc)
    pbuf_alloced_custom                      0x0800aadd   Thumb Code    82  pbuf.o(i.pbuf_alloced_custom)
    pbuf_cat                                 0x0800ab2f   Thumb Code    40  pbuf.o(i.pbuf_cat)
    pbuf_clen                                0x0800ab57   Thumb Code    18  pbuf.o(i.pbuf_clen)
    pbuf_copy                                0x0800ab69   Thumb Code   154  pbuf.o(i.pbuf_copy)
    pbuf_copy_partial                        0x0800ac03   Thumb Code   104  pbuf.o(i.pbuf_copy_partial)
    pbuf_free                                0x0800ac6b   Thumb Code    80  pbuf.o(i.pbuf_free)
    pbuf_free_ooseq                          0x0800acbd   Thumb Code    34  pbuf.o(i.pbuf_free_ooseq)
    pbuf_header                              0x0800ace9   Thumb Code     6  pbuf.o(i.pbuf_header)
    pbuf_header_force                        0x0800acef   Thumb Code     6  pbuf.o(i.pbuf_header_force)
    pbuf_realloc                             0x0800ad59   Thumb Code    84  pbuf.o(i.pbuf_realloc)
    pbuf_ref                                 0x0800adad   Thumb Code    12  pbuf.o(i.pbuf_ref)
    showimage                                0x0800ae0d   Thumb Code    64  lcd.o(i.showimage)
    sys_check_timeouts                       0x0800ae4d   Thumb Code    80  timeouts.o(i.sys_check_timeouts)
    sys_now                                  0x0800aea5   Thumb Code     4  ethernetif.o(i.sys_now)
    sys_timeout                              0x0800aea9   Thumb Code   140  timeouts.o(i.sys_timeout)
    sys_timeouts_init                        0x0800af39   Thumb Code    38  timeouts.o(i.sys_timeouts_init)
    tcp_abandon                              0x0800af6d   Thumb Code   208  tcp.o(i.tcp_abandon)
    tcp_abort                                0x0800b041   Thumb Code     6  tcp.o(i.tcp_abort)
    tcp_accept                               0x0800b047   Thumb Code    14  tcp.o(i.tcp_accept)
    tcp_alloc                                0x0800b065   Thumb Code   248  tcp.o(i.tcp_alloc)
    tcp_bind                                 0x0800b169   Thumb Code   134  tcp.o(i.tcp_bind)
    tcp_close                                0x0800b1fd   Thumb Code    20  tcp.o(i.tcp_close)
    tcp_eff_send_mss_impl                    0x0800b40d   Thumb Code    34  tcp.o(i.tcp_eff_send_mss_impl)
    tcp_enqueue_flags                        0x0800b42f   Thumb Code   146  tcp_out.o(i.tcp_enqueue_flags)
    tcp_fasttmr                              0x0800b4c1   Thumb Code    84  tcp.o(i.tcp_fasttmr)
    tcp_init                                 0x0800b549   Thumb Code     2  tcp.o(i.tcp_init)
    tcp_input                                0x0800b54d   Thumb Code   852  tcp_in.o(i.tcp_input)
    tcp_keepalive                            0x0800b8b9   Thumb Code    82  tcp_out.o(i.tcp_keepalive)
    tcp_listen_with_backlog                  0x0800ba35   Thumb Code   124  tcp.o(i.tcp_listen_with_backlog)
    tcp_netif_ip_addr_changed                0x0800bab9   Thumb Code    72  tcp.o(i.tcp_netif_ip_addr_changed)
    tcp_new                                  0x0800bb27   Thumb Code     6  tcp.o(i.tcp_new)
    tcp_next_iss                             0x0800bb89   Thumb Code    12  tcp.o(i.tcp_next_iss)
    tcp_output                               0x0800bc11   Thumb Code   452  tcp_out.o(i.tcp_output)
    tcp_pcb_purge                            0x0800bfaf   Thumb Code    66  tcp.o(i.tcp_pcb_purge)
    tcp_pcb_remove                           0x0800bff1   Thumb Code    80  tcp.o(i.tcp_pcb_remove)
    tcp_process_refused_data                 0x0800c3b1   Thumb Code   110  tcp.o(i.tcp_process_refused_data)
    tcp_recv                                 0x0800cae5   Thumb Code    10  tcp.o(i.tcp_recv)
    tcp_recv_null                            0x0800caef   Thumb Code    36  tcp.o(i.tcp_recv_null)
    tcp_recved                               0x0800cb13   Thumb Code    66  tcp.o(i.tcp_recved)
    tcp_rexmit                               0x0800cb55   Thumb Code    82  tcp_out.o(i.tcp_rexmit)
    tcp_rexmit_fast                          0x0800cba7   Thumb Code    92  tcp_out.o(i.tcp_rexmit_fast)
    tcp_rexmit_rto                           0x0800cc03   Thumb Code    46  tcp_out.o(i.tcp_rexmit_rto)
    tcp_rst                                  0x0800cc31   Thumb Code   128  tcp_out.o(i.tcp_rst)
    tcp_seg_copy                             0x0800ccb1   Thumb Code    40  tcp.o(i.tcp_seg_copy)
    tcp_seg_free                             0x0800ccd9   Thumb Code    28  tcp.o(i.tcp_seg_free)
    tcp_segs_free                            0x0800ccf5   Thumb Code    18  tcp.o(i.tcp_segs_free)
    tcp_send_empty_ack                       0x0800cd07   Thumb Code   114  tcp_out.o(i.tcp_send_empty_ack)
    tcp_send_fin                             0x0800cd79   Thumb Code    68  tcp_out.o(i.tcp_send_fin)
    tcp_setprio                              0x0800ce3d   Thumb Code     4  tcp.o(i.tcp_setprio)
    tcp_slowtmr                              0x0800ce41   Thumb Code   624  tcp.o(i.tcp_slowtmr)
    tcp_timer_needed                         0x0800d0c1   Thumb Code    36  timeouts.o(i.tcp_timer_needed)
    tcp_tmr                                  0x0800d15d   Thumb Code    28  tcp.o(i.tcp_tmr)
    tcp_trigger_input_pcb_close              0x0800d17d   Thumb Code    12  tcp_in.o(i.tcp_trigger_input_pcb_close)
    tcp_update_rcv_ann_wnd                   0x0800d18d   Thumb Code    52  tcp.o(i.tcp_update_rcv_ann_wnd)
    tcp_write                                0x0800d1c1   Thumb Code   752  tcp_out.o(i.tcp_write)
    tcp_zero_window_probe                    0x0800d4b1   Thumb Code   180  tcp_out.o(i.tcp_zero_window_probe)
    gImage_start                             0x0800d59c   Data       77448  user.o(.constdata)
    asc16                                    0x08020424   Data        1521  lcd.o(.constdata)
    sz32                                     0x08020a15   Data        1921  lcd.o(.constdata)
    hz16                                     0x08021196   Data        1870  lcd.o(.constdata)
    hz24                                     0x080218e4   Data        3182  lcd.o(.constdata)
    AHBPrescTable                            0x08022552   Data          16  system_stm32f4xx.o(.constdata)
    APBPrescTable                            0x08022562   Data           8  system_stm32f4xx.o(.constdata)
    memp_TCP_PCB                             0x0802256c   Data          12  memp.o(.constdata)
    memp_TCP_PCB_LISTEN                      0x08022578   Data          12  memp.o(.constdata)
    memp_TCP_SEG                             0x08022584   Data          12  memp.o(.constdata)
    memp_REASSDATA                           0x08022590   Data          12  memp.o(.constdata)
    memp_FRAG_PBUF                           0x0802259c   Data          12  memp.o(.constdata)
    memp_SYS_TIMEOUT                         0x080225a8   Data          12  memp.o(.constdata)
    memp_PBUF                                0x080225b4   Data          12  memp.o(.constdata)
    memp_PBUF_POOL                           0x080225c0   Data          12  memp.o(.constdata)
    memp_pools                               0x080225cc   Data          32  memp.o(.constdata)
    tcp_pcb_lists                            0x08022630   Data          16  tcp.o(.constdata)
    lwip_cyclic_timers                       0x08022640   Data          24  timeouts.o(.constdata)
    ip_addr_any                              0x08022658   Data           4  ip4_addr.o(.constdata)
    ethbroadcast                             0x0802265c   Data           6  ethernet.o(.constdata)
    ethzero                                  0x08022662   Data           6  ethernet.o(.constdata)
    Region$$Table$$Base                      0x080226e0   Number         0  anon$$obj.o(Region$$Table)
    Region$$Table$$Limit                     0x08022700   Number         0  anon$$obj.o(Region$$Table)
    uwTick                                   0x20000000   Data           4  stm32f4xx_hal.o(.data)
    ALWAYS_FLAY                              0x20000004   Data           1  main.o(.data)
    Test5000Meter_Flag                       0x20000005   Data           1  main.o(.data)
    FS_Desc                                  0x20000010   Data          28  usbd_desc.o(.data)
    USBD_LangIDDesc                          0x2000002c   Data           4  usbd_desc.o(.data)
    USBD_FS_DeviceDesc                       0x20000030   Data          18  usbd_desc.o(.data)
    USBD_CustomHID_fops_FS                   0x20000068   Data          16  usbd_custom_hid_if.o(.data)
    ipaddr                                   0x20000078   Data           4  lwip.o(.data)
    netmask                                  0x2000007c   Data           4  lwip.o(.data)
    gw                                       0x20000080   Data           4  lwip.o(.data)
    IP_ADDRESS                               0x20000084   Data           4  lwip.o(.data)
    NETMASK_ADDRESS                          0x20000088   Data           4  lwip.o(.data)
    GATEWAY_ADDRESS                          0x2000008c   Data           4  lwip.o(.data)
    PCB                                      0x20000090   Data           4  server.o(.data)
    temp                                     0x200000a4   Data           4  user.o(.data)
    temp1                                    0x200000a8   Data           4  user.o(.data)
    SystemCoreClock                          0x200000b0   Data           4  system_stm32f4xx.o(.data)
    tcp_input_pcb                            0x200000dc   Data           4  tcp_in.o(.data)
    pbuf_free_ooseq_pending                  0x20000100   Data           1  pbuf.o(.data)
    tcp_active_pcbs_changed                  0x20000104   Data           1  tcp.o(.data)
    tcp_ticks                                0x20000110   Data           4  tcp.o(.data)
    tcp_bound_pcbs                           0x20000114   Data           4  tcp.o(.data)
    tcp_listen_pcbs                          0x20000118   Data           4  tcp.o(.data)
    tcp_active_pcbs                          0x2000011c   Data           4  tcp.o(.data)
    tcp_tw_pcbs                              0x20000120   Data           4  tcp.o(.data)
    netif_list                               0x20000128   Data           4  netif.o(.data)
    netif_default                            0x2000012c   Data           4  netif.o(.data)
    USBD_CUSTOM_HID                          0x20000150   Data          60  usbd_customhid.o(.data)
    __microlib_freelist                      0x200001d0   Data           4  mvars.o(.data)
    __microlib_freelist_initialised          0x200001d4   Data           4  mvars.o(.data)
    pFlash                                   0x200001d8   Data          32  stm32f4xx_hal_flash.o(.bss)
    hpcd_USB_OTG_FS                          0x200001f8   Data        1008  usbd_conf.o(.bss)
    USBD_StrDesc                             0x200005e8   Data         512  usbd_desc.o(.bss)
    DMARxDscrTab                             0x200007e8   Data         128  ethernetif.o(.bss)
    DMATxDscrTab                             0x20000868   Data         128  ethernetif.o(.bss)
    Rx_Buff                                  0x200008e8   Data        6096  ethernetif.o(.bss)
    Tx_Buff                                  0x200020b8   Data        6096  ethernetif.o(.bss)
    heth                                     0x20003888   Data          72  ethernetif.o(.bss)
    hUsbDeviceFS                             0x200038d0   Data         548  usb_device.o(.bss)
    gnetif                                   0x20003af4   Data          48  lwip.o(.bss)
    databuff1                                0x20003b24   Data          50  user.o(.bss)
    databuff                                 0x20003b56   Data          30  user.o(.bss)
    m_userprv                                0x20003b74   Data        8492  user.o(.bss)
    htim1                                    0x20005ca0   Data          60  tim.o(.bss)
    htim2                                    0x20005cdc   Data          60  tim.o(.bss)
    htim3                                    0x20005d18   Data          60  tim.o(.bss)
    htim4                                    0x20005d54   Data          60  tim.o(.bss)
    htim5                                    0x20005d90   Data          60  tim.o(.bss)
    hadc1                                    0x20005dcc   Data          72  adc.o(.bss)
    hspi3                                    0x20005e14   Data          88  spi.o(.bss)
    huart1                                   0x20005e6c   Data          64  usart.o(.bss)
    memp_memory_TCP_PCB_base                 0x20005ed0   Data         763  memp.o(.bss)
    memp_memory_TCP_PCB_LISTEN_base          0x200061cb   Data         227  memp.o(.bss)
    memp_memory_TCP_SEG_base                 0x200062ae   Data        8003  memp.o(.bss)
    memp_memory_REASSDATA_base               0x200081f1   Data         163  memp.o(.bss)
    memp_memory_FRAG_PBUF_base               0x20008294   Data         363  memp.o(.bss)
    memp_memory_SYS_TIMEOUT_base             0x200083ff   Data          51  memp.o(.bss)
    memp_memory_PBUF_base                    0x20008432   Data         803  memp.o(.bss)
    memp_memory_PBUF_POOL_base               0x20008755   Data       76603  memp.o(.bss)
    ip_data                                  0x2001b290   Data          24  ip.o(.bss)
    ram_heap                                 0x2001b2a8   Data       16019  mem.o(.bss)
    __heap_base                              0x2001f230   Data           0  startup_stm32f407xx.o(HEAP)
    __heap_limit                             0x2001f430   Data           0  startup_stm32f407xx.o(HEAP)
    __initial_sp                             0x2001f830   Data           0  startup_stm32f407xx.o(STACK)



==============================================================================

Memory Map of the image

  Image Entry point : 0x08000189

  Load Region LR_IROM1 (Base: 0x08000000, Size: 0x000228d8, Max: 0x00080000, ABSOLUTE, COMPRESSED[0x000227b4])

    Execution Region ER_IROM1 (Base: 0x08000000, Size: 0x00022700, Max: 0x00080000, ABSOLUTE)

    Base Addr    Size         Type   Attr      Idx    E Section Name        Object

    0x08000000   0x00000188   Data   RO         5892    RESET               startup_stm32f407xx.o
    0x08000188   0x00000000   Code   RO         9174  * .ARM.Collect$$$$00000000  mc_w.l(entry.o)
    0x08000188   0x00000004   Code   RO         9494    .ARM.Collect$$$$00000001  mc_w.l(entry2.o)
    0x0800018c   0x00000004   Code   RO         9497    .ARM.Collect$$$$00000004  mc_w.l(entry5.o)
    0x08000190   0x00000000   Code   RO         9499    .ARM.Collect$$$$00000008  mc_w.l(entry7b.o)
    0x08000190   0x00000000   Code   RO         9501    .ARM.Collect$$$$0000000A  mc_w.l(entry8b.o)
    0x08000190   0x00000008   Code   RO         9502    .ARM.Collect$$$$0000000B  mc_w.l(entry9a.o)
    0x08000198   0x00000000   Code   RO         9504    .ARM.Collect$$$$0000000D  mc_w.l(entry10a.o)
    0x08000198   0x00000000   Code   RO         9506    .ARM.Collect$$$$0000000F  mc_w.l(entry11a.o)
    0x08000198   0x00000004   Code   RO         9495    .ARM.Collect$$$$00002712  mc_w.l(entry2.o)
    0x0800019c   0x00000024   Code   RO         5893    .text               startup_stm32f407xx.o
    0x080001c0   0x00000024   Code   RO         9177    .text               mc_w.l(memcpya.o)
    0x080001e4   0x00000024   Code   RO         9179    .text               mc_w.l(memseta.o)
    0x08000208   0x0000001a   Code   RO         9183    .text               mc_w.l(memcmp.o)
    0x08000222   0x0000014e   Code   RO         9478    .text               mf_w.l(dadd.o)
    0x08000370   0x000000e4   Code   RO         9480    .text               mf_w.l(dmul.o)
    0x08000454   0x000000de   Code   RO         9482    .text               mf_w.l(ddiv.o)
    0x08000532   0x00000022   Code   RO         9484    .text               mf_w.l(dflti.o)
    0x08000554   0x0000001a   Code   RO         9486    .text               mf_w.l(dfltui.o)
    0x0800056e   0x00000032   Code   RO         9488    .text               mf_w.l(dfixui.o)
    0x080005a0   0x00000026   Code   RO         9490    .text               mf_w.l(f2d.o)
    0x080005c6   0x00000038   Code   RO         9492    .text               mf_w.l(d2f.o)
    0x080005fe   0x0000002c   Code   RO         9511    .text               mc_w.l(uidiv.o)
    0x0800062a   0x00000062   Code   RO         9513    .text               mc_w.l(uldiv.o)
    0x0800068c   0x0000001e   Code   RO         9515    .text               mc_w.l(llshl.o)
    0x080006aa   0x00000020   Code   RO         9517    .text               mc_w.l(llushr.o)
    0x080006ca   0x00000024   Code   RO         9519    .text               mc_w.l(llsshr.o)
    0x080006ee   0x00000000   Code   RO         9523    .text               mc_w.l(iusefp.o)
    0x080006ee   0x0000006e   Code   RO         9524    .text               mf_w.l(fepilogue.o)
    0x0800075c   0x000000ba   Code   RO         9526    .text               mf_w.l(depilogue.o)
    0x08000816   0x00000030   Code   RO         9528    .text               mf_w.l(dfixul.o)
    0x08000846   0x00000002   PAD
    0x08000848   0x00000030   Code   RO         9530    .text               mf_w.l(cdrcmple.o)
    0x08000878   0x00000024   Code   RO         9532    .text               mc_w.l(init.o)
    0x0800089c   0x00000056   Code   RO         9544    .text               mc_w.l(__dczerorl2.o)
    0x080008f2   0x00000002   PAD
    0x080008f4   0x0000012c   Code   RO         1029    i.ADC_Init          stm32f4xx_hal_adc.o
    0x08000a20   0x00000004   Code   RO         9046    i.AT24CXX_Init      24cxx.o
    0x08000a24   0x00000022   Code   RO         9047    i.AT24CXX_Read      24cxx.o
    0x08000a46   0x00000002   PAD
    0x08000a48   0x00000064   Code   RO         9049    i.AT24CXX_ReadOneByte  24cxx.o
    0x08000aac   0x00000020   Code   RO         9050    i.AT24CXX_Write     24cxx.o
    0x08000acc   0x00000036   Code   RO         9052    i.AT24CXX_WriteOneByte  24cxx.o
    0x08000b02   0x00000002   PAD
    0x08000b04   0x000000e4   Code   RO         5140    i.A_Moudel_Function  user.o
    0x08000be8   0x000000b4   Code   RO         5141    i.Analyse_3005_CMD  user.o
    0x08000c9c   0x00000690   Code   RO         5142    i.Analyse_Common_cmd  user.o
    0x0800132c   0x00000072   Code   RO         5143    i.Analyse_EHT_USB_CMD  user.o
    0x0800139e   0x00000002   PAD
    0x080013a0   0x00000078   Code   RO         5144    i.Analyse_SetIP_cmd  user.o
    0x08001418   0x00000248   Code   RO         5145    i.Analyse_control_cmd  user.o
    0x08001660   0x00000002   Code   RO         4415    i.BusFault_Handler  stm32f4xx_it.o
    0x08001662   0x00000004   Code   RO         4835    i.CUSTOM_HID_DeInit_FS  usbd_custom_hid_if.o
    0x08001666   0x00000004   Code   RO         4836    i.CUSTOM_HID_Init_FS  usbd_custom_hid_if.o
    0x0800166a   0x00000002   PAD
    0x0800166c   0x00000030   Code   RO         4837    i.CUSTOM_HID_OutEvent_FS  usbd_custom_hid_if.o
    0x0800169c   0x00000120   Code   RO         5146    i.Data_Init         user.o
    0x080017bc   0x00000002   Code   RO         4416    i.DebugMon_Handler  stm32f4xx_it.o
    0x080017be   0x00000002   PAD
    0x080017c0   0x00000030   Code   RO         5148    i.Delay_ms          user.o
    0x080017f0   0x00000034   Code   RO         5149    i.Delay_us          user.o
    0x08001824   0x00000020   Code   RO         1964    i.ETH_Delay         stm32f4xx_hal_eth.o
    0x08001844   0x0000002e   Code   RO         1965    i.ETH_FlushTransmitFIFO  stm32f4xx_hal_eth.o
    0x08001872   0x00000026   Code   RO         4417    i.ETH_GetRxPktSize  stm32f4xx_it.o
    0x08001898   0x0000003c   Code   RO         4418    i.ETH_IRQHandler    stm32f4xx_it.o
    0x080018d4   0x00000124   Code   RO         1966    i.ETH_MACDMAConfig  stm32f4xx_hal_eth.o
    0x080019f8   0x0000001c   Code   RO         4419    i.EXTI2_IRQHandler  stm32f4xx_it.o
    0x08001a14   0x00000030   Code   RO         4420    i.EXTI3_IRQHandler  stm32f4xx_it.o
    0x08001a44   0x00000030   Code   RO         4421    i.EXTI4_IRQHandler  stm32f4xx_it.o
    0x08001a74   0x0000004c   Code   RO         4422    i.EXTI9_5_IRQHandler  stm32f4xx_it.o
    0x08001ac0   0x00000002   Code   RO         4060    i.Error_Handler     main.o
    0x08001ac2   0x00000002   PAD
    0x08001ac4   0x00000058   Code   RO         1196    i.FLASH_Erase_Sector  stm32f4xx_hal_flash_ex.o
    0x08001b1c   0x00000054   Code   RO         1197    i.FLASH_FlushCaches  stm32f4xx_hal_flash_ex.o
    0x08001b70   0x00000028   Code   RO         1198    i.FLASH_MassErase   stm32f4xx_hal_flash_ex.o
    0x08001b98   0x00000020   Code   RO         3251    i.FLASH_Program_Byte  stm32f4xx_hal_flash.o
    0x08001bb8   0x00000028   Code   RO         3252    i.FLASH_Program_DoubleWord  stm32f4xx_hal_flash.o
    0x08001be0   0x00000024   Code   RO         3253    i.FLASH_Program_HalfWord  stm32f4xx_hal_flash.o
    0x08001c04   0x00000024   Code   RO         3254    i.FLASH_Program_Word  stm32f4xx_hal_flash.o
    0x08001c28   0x00000068   Code   RO         3255    i.FLASH_SetErrorCode  stm32f4xx_hal_flash.o
    0x08001c90   0x00000050   Code   RO         3256    i.FLASH_WaitForLastOperation  stm32f4xx_hal_flash.o
    0x08001ce0   0x0000007c   Code   RO         5788    i.GetSector         flash.o
    0x08001d5c   0x0000007c   Code   RO         5150    i.Get_BMQValue      user.o
    0x08001dd8   0x00000174   Code   RO         5655    i.Gui_DrawFont_GBK16  lcd.o
    0x08001f4c   0x0000018c   Code   RO         5656    i.Gui_DrawFont_GBK24  lcd.o
    0x080020d8   0x00000084   Code   RO         5657    i.Gui_DrawFont_Num32  lcd.o
    0x0800215c   0x00000012   Code   RO         5658    i.Gui_DrawPoint     lcd.o
    0x0800216e   0x00000002   PAD
    0x08002170   0x0000014c   Code   RO         1031    i.HAL_ADC_ConfigChannel  stm32f4xx_hal_adc.o
    0x080022bc   0x00000054   Code   RO         1040    i.HAL_ADC_Init      stm32f4xx_hal_adc.o
    0x08002310   0x00000058   Code   RO         5464    i.HAL_ADC_MspInit   adc.o
    0x08002368   0x0000001c   Code   RO         2593    i.HAL_Delay         stm32f4xx_hal.o
    0x08002384   0x00000074   Code   RO         1969    i.HAL_ETH_DMARxDescListInit  stm32f4xx_hal_eth.o
    0x080023f8   0x00000078   Code   RO         1970    i.HAL_ETH_DMATxDescListInit  stm32f4xx_hal_eth.o
    0x08002470   0x00000002   Code   RO         1972    i.HAL_ETH_ErrorCallback  stm32f4xx_hal_eth.o
    0x08002472   0x0000007a   Code   RO         1973    i.HAL_ETH_GetReceivedFrame  stm32f4xx_hal_eth.o
    0x080024ec   0x0000007a   Code   RO         1976    i.HAL_ETH_IRQHandler  stm32f4xx_hal_eth.o
    0x08002566   0x00000002   PAD
    0x08002568   0x000001ec   Code   RO         1977    i.HAL_ETH_Init      stm32f4xx_hal_eth.o
    0x08002754   0x000000ac   Code   RO         4877    i.HAL_ETH_MspInit   ethernetif.o
    0x08002800   0x00000084   Code   RO         1980    i.HAL_ETH_ReadPHYRegister  stm32f4xx_hal_eth.o
    0x08002884   0x00000002   Code   RO         1981    i.HAL_ETH_RxCpltCallback  stm32f4xx_hal_eth.o
    0x08002886   0x00000084   Code   RO         1982    i.HAL_ETH_Start     stm32f4xx_hal_eth.o
    0x0800290a   0x00000108   Code   RO         1984    i.HAL_ETH_TransmitFrame  stm32f4xx_hal_eth.o
    0x08002a12   0x00000002   Code   RO         1985    i.HAL_ETH_TxCpltCallback  stm32f4xx_hal_eth.o
    0x08002a14   0x00000078   Code   RO         1986    i.HAL_ETH_WritePHYRegister  stm32f4xx_hal_eth.o
    0x08002a8c   0x00000098   Code   RO         1199    i.HAL_FLASHEx_Erase  stm32f4xx_hal_flash_ex.o
    0x08002b24   0x00000014   Code   RO         3260    i.HAL_FLASH_Lock    stm32f4xx_hal_flash.o
    0x08002b38   0x0000007c   Code   RO         3265    i.HAL_FLASH_Program  stm32f4xx_hal_flash.o
    0x08002bb4   0x00000028   Code   RO         3267    i.HAL_FLASH_Unlock  stm32f4xx_hal_flash.o
    0x08002bdc   0x000001b0   Code   RO         1618    i.HAL_GPIO_Init     stm32f4xx_hal_gpio.o
    0x08002d8c   0x0000000a   Code   RO         1620    i.HAL_GPIO_ReadPin  stm32f4xx_hal_gpio.o
    0x08002d96   0x0000000a   Code   RO         1622    i.HAL_GPIO_WritePin  stm32f4xx_hal_gpio.o
    0x08002da0   0x0000000c   Code   RO         2599    i.HAL_GetTick       stm32f4xx_hal.o
    0x08002dac   0x00000010   Code   RO         2601    i.HAL_IncTick       stm32f4xx_hal.o
    0x08002dbc   0x00000034   Code   RO         2602    i.HAL_Init          stm32f4xx_hal.o
    0x08002df0   0x00000028   Code   RO         2603    i.HAL_InitTick      stm32f4xx_hal.o
    0x08002e18   0x00000058   Code   RO         5034    i.HAL_MspInit       stm32f4xx_hal_msp.o
    0x08002e70   0x00000016   Code   RO         3121    i.HAL_NVIC_EnableIRQ  stm32f4xx_hal_cortex.o
    0x08002e86   0x00000002   PAD
    0x08002e88   0x00000040   Code   RO         3127    i.HAL_NVIC_SetPriority  stm32f4xx_hal_cortex.o
    0x08002ec8   0x00000024   Code   RO         3128    i.HAL_NVIC_SetPriorityGrouping  stm32f4xx_hal_cortex.o
    0x08002eec   0x00000008   Code   RO         2556    i.HAL_PCDEx_SetRxFiFo  stm32f4xx_hal_pcd_ex.o
    0x08002ef4   0x00000044   Code   RO         2557    i.HAL_PCDEx_SetTxFiFo  stm32f4xx_hal_pcd_ex.o
    0x08002f38   0x00000008   Code   RO         4563    i.HAL_PCD_ConnectCallback  usbd_conf.o
    0x08002f40   0x00000012   Code   RO         4564    i.HAL_PCD_DataInStageCallback  usbd_conf.o
    0x08002f52   0x00000014   Code   RO         4565    i.HAL_PCD_DataOutStageCallback  usbd_conf.o
    0x08002f66   0x00000008   Code   RO         4566    i.HAL_PCD_DisconnectCallback  usbd_conf.o
    0x08002f6e   0x00000044   Code   RO         2910    i.HAL_PCD_EP_Close  stm32f4xx_hal_pcd.o
    0x08002fb2   0x00000050   Code   RO         2911    i.HAL_PCD_EP_ClrStall  stm32f4xx_hal_pcd.o
    0x08003002   0x00000054   Code   RO         2914    i.HAL_PCD_EP_Open   stm32f4xx_hal_pcd.o
    0x08003056   0x00000048   Code   RO         2915    i.HAL_PCD_EP_Receive  stm32f4xx_hal_pcd.o
    0x0800309e   0x00000060   Code   RO         2916    i.HAL_PCD_EP_SetStall  stm32f4xx_hal_pcd.o
    0x080030fe   0x00000040   Code   RO         2917    i.HAL_PCD_EP_Transmit  stm32f4xx_hal_pcd.o
    0x0800313e   0x00000002   PAD
    0x08003140   0x000004f4   Code   RO         2919    i.HAL_PCD_IRQHandler  stm32f4xx_hal_pcd.o
    0x08003634   0x00000008   Code   RO         4567    i.HAL_PCD_ISOINIncompleteCallback  usbd_conf.o
    0x0800363c   0x00000008   Code   RO         4568    i.HAL_PCD_ISOOUTIncompleteCallback  usbd_conf.o
    0x08003644   0x000000be   Code   RO         2922    i.HAL_PCD_Init      stm32f4xx_hal_pcd.o
    0x08003702   0x00000002   PAD
    0x08003704   0x00000064   Code   RO         4570    i.HAL_PCD_MspInit   usbd_conf.o
    0x08003768   0x00000020   Code   RO         4571    i.HAL_PCD_ResetCallback  usbd_conf.o
    0x08003788   0x00000008   Code   RO         4572    i.HAL_PCD_ResumeCallback  usbd_conf.o
    0x08003790   0x00000008   Code   RO         4573    i.HAL_PCD_SOFCallback  usbd_conf.o
    0x08003798   0x00000024   Code   RO         2928    i.HAL_PCD_SetAddress  stm32f4xx_hal_pcd.o
    0x080037bc   0x0000000e   Code   RO         4574    i.HAL_PCD_SetupStageCallback  usbd_conf.o
    0x080037ca   0x0000002a   Code   RO         2930    i.HAL_PCD_Start     stm32f4xx_hal_pcd.o
    0x080037f4   0x00000030   Code   RO         4575    i.HAL_PCD_SuspendCallback  usbd_conf.o
    0x08003824   0x0000017c   Code   RO         2740    i.HAL_RCC_ClockConfig  stm32f4xx_hal_rcc.o
    0x080039a0   0x0000000c   Code   RO         2745    i.HAL_RCC_GetHCLKFreq  stm32f4xx_hal_rcc.o
    0x080039ac   0x00000030   Code   RO         2747    i.HAL_RCC_GetPCLK1Freq  stm32f4xx_hal_rcc.o
    0x080039dc   0x00000030   Code   RO         2748    i.HAL_RCC_GetPCLK2Freq  stm32f4xx_hal_rcc.o
    0x08003a0c   0x00000070   Code   RO         2749    i.HAL_RCC_GetSysClockFreq  stm32f4xx_hal_rcc.o
    0x08003a7c   0x00000314   Code   RO         2752    i.HAL_RCC_OscConfig  stm32f4xx_hal_rcc.o
    0x08003d90   0x00000080   Code   RO         3380    i.HAL_SPI_Init      stm32f4xx_hal_spi.o
    0x08003e10   0x0000004c   Code   RO         5506    i.HAL_SPI_MspInit   spi.o
    0x08003e5c   0x00000168   Code   RO         3388    i.HAL_SPI_Transmit  stm32f4xx_hal_spi.o
    0x08003fc4   0x00000018   Code   RO         3130    i.HAL_SYSTICK_CLKSourceConfig  stm32f4xx_hal_cortex.o
    0x08003fdc   0x00000002   Code   RO         3131    i.HAL_SYSTICK_Callback  stm32f4xx_hal_cortex.o
    0x08003fde   0x00000028   Code   RO         3132    i.HAL_SYSTICK_Config  stm32f4xx_hal_cortex.o
    0x08004006   0x00000008   Code   RO         3133    i.HAL_SYSTICK_IRQHandler  stm32f4xx_hal_cortex.o
    0x0800400e   0x00000050   Code   RO         1273    i.HAL_TIMEx_MasterConfigSynchronization  stm32f4xx_hal_tim_ex.o
    0x0800405e   0x00000036   Code   RO            6    i.HAL_TIM_Base_Init  stm32f4xx_hal_tim.o
    0x08004094   0x00000098   Code   RO         5386    i.HAL_TIM_Base_MspInit  tim.o
    0x0800412c   0x0000001a   Code   RO            9    i.HAL_TIM_Base_Start  stm32f4xx_hal_tim.o
    0x08004146   0x00000018   Code   RO           11    i.HAL_TIM_Base_Start_IT  stm32f4xx_hal_tim.o
    0x0800415e   0x000000f2   Code   RO           15    i.HAL_TIM_ConfigClockSource  stm32f4xx_hal_tim.o
    0x08004250   0x00000096   Code   RO           24    i.HAL_TIM_Encoder_Init  stm32f4xx_hal_tim.o
    0x080042e6   0x00000002   PAD
    0x080042e8   0x0000005c   Code   RO         5388    i.HAL_TIM_Encoder_MspInit  tim.o
    0x08004344   0x00000034   Code   RO           27    i.HAL_TIM_Encoder_Start  stm32f4xx_hal_tim.o
    0x08004378   0x00000062   Code   RO         3711    i.HAL_UART_Init     stm32f4xx_hal_uart.o
    0x080043da   0x00000002   PAD
    0x080043dc   0x0000005c   Code   RO         5572    i.HAL_UART_MspInit  usart.o
    0x08004438   0x00000048   Code   RO         3716    i.HAL_UART_Receive_IT  stm32f4xx_hal_uart.o
    0x08004480   0x00000010   Code   RO         4423    i.HardFault_Handler  stm32f4xx_it.o
    0x08004490   0x00000050   Code   RO         9112    i.IIC_Init          myiic.o
    0x080044e0   0x0000003c   Code   RO         9113    i.IIC_NAck          myiic.o
    0x0800451c   0x00000050   Code   RO         9114    i.IIC_Read_Byte     myiic.o
    0x0800456c   0x00000060   Code   RO         9115    i.IIC_Send_Byte     myiic.o
    0x080045cc   0x00000058   Code   RO         9116    i.IIC_Start         myiic.o
    0x08004624   0x00000048   Code   RO         9117    i.IIC_Stop          myiic.o
    0x0800466c   0x0000002c   Code   RO         9118    i.IIC_Wait_Ack      myiic.o
    0x08004698   0x00000020   Code   RO         5151    i.Judge_A_B_Moudel  user.o
    0x080046b8   0x00000012   Code   RO         5659    i.LCD_WriteReg      lcd.o
    0x080046ca   0x00000028   Code   RO         5660    i.Lcd_Clear         lcd.o
    0x080046f2   0x000001b4   Code   RO         5661    i.Lcd_Init          lcd.o
    0x080048a6   0x00000002   PAD
    0x080048a8   0x00000024   Code   RO         5662    i.Lcd_Reset         lcd.o
    0x080048cc   0x00000042   Code   RO         5663    i.Lcd_SetRegion     lcd.o
    0x0800490e   0x0000001e   Code   RO         5664    i.Lcd_SetXY         lcd.o
    0x0800492c   0x00000028   Code   RO         5665    i.Lcd_WriteData     lcd.o
    0x08004954   0x00000014   Code   RO         5666    i.Lcd_WriteData_16Bit  lcd.o
    0x08004968   0x00000028   Code   RO         5667    i.Lcd_WriteIndex    lcd.o
    0x08004990   0x00000058   Code   RO         5465    i.MX_ADC1_Init      adc.o
    0x080049e8   0x00000280   Code   RO         5547    i.MX_GPIO_Init      gpio.o
    0x08004c68   0x00000180   Code   RO         4993    i.MX_LWIP_Init      lwip.o
    0x08004de8   0x00000044   Code   RO         5507    i.MX_SPI3_Init      spi.o
    0x08004e2c   0x0000005c   Code   RO         5389    i.MX_TIM1_Init      tim.o
    0x08004e88   0x00000054   Code   RO         5390    i.MX_TIM2_Init      tim.o
    0x08004edc   0x00000058   Code   RO         5391    i.MX_TIM3_Init      tim.o
    0x08004f34   0x00000060   Code   RO         5392    i.MX_TIM4_Init      tim.o
    0x08004f94   0x00000058   Code   RO         5393    i.MX_TIM5_Init      tim.o
    0x08004fec   0x00000038   Code   RO         5573    i.MX_USART1_UART_Init  usart.o
    0x08005024   0x00000038   Code   RO         4951    i.MX_USB_DEVICE_Init  usb_device.o
    0x0800505c   0x00000002   Code   RO         4424    i.MemManage_Handler  stm32f4xx_it.o
    0x0800505e   0x00000002   Code   RO         4425    i.NMI_Handler       stm32f4xx_it.o
    0x08005060   0x00000020   Code   RO         3134    i.NVIC_SetPriority  stm32f4xx_hal_cortex.o
    0x08005080   0x0000000c   Code   RO         4426    i.OTG_FS_IRQHandler  stm32f4xx_it.o
    0x0800508c   0x00000088   Code   RO         2933    i.PCD_WriteEmptyTxFifo  stm32f4xx_hal_pcd.o
    0x08005114   0x00000002   Code   RO         4427    i.PendSV_Handler    stm32f4xx_it.o
    0x08005116   0x00000002   PAD
    0x08005118   0x00000044   Code   RO         5613    i.Read_Data_From_FPGA  exit.o
    0x0800515c   0x00000050   Code   RO         5789    i.Read_Flash        flash.o
    0x080051ac   0x000000ec   Code   RO         5154    i.Read_MoRen_Val    user.o
    0x08005298   0x00000020   Code   RO         3404    i.SPI_CheckFlag_BSY  stm32f4xx_hal_spi.o
    0x080052b8   0x00000096   Code   RO         3422    i.SPI_WaitFlagStateUntilTimeout  stm32f4xx_hal_spi.o
    0x0800534e   0x00000002   Code   RO         4428    i.SVC_Handler       stm32f4xx_it.o
    0x08005350   0x000000ac   Code   RO         5614    i.Send_Data_To_FPGA_DoubleCmd  exit.o
    0x080053fc   0x0000006c   Code   RO         5615    i.Send_Data_To_FPGA_OneCmd  exit.o
    0x08005468   0x0000000a   Code   RO         5155    i.Send_Moudel       user.o
    0x08005472   0x00000002   PAD
    0x08005474   0x00000044   Code   RO         5616    i.Set_Baud          exit.o
    0x080054b8   0x0000025c   Code   RO         5156    i.Set_IP            user.o
    0x08005714   0x0000015c   Code   RO         5668    i.Show_IP_Config    lcd.o
    0x08005870   0x0000003c   Code   RO         5669    i.Show_Num          lcd.o
    0x080058ac   0x00000078   Code   RO         5670    i.Show_Num_float    lcd.o
    0x08005924   0x000000dc   Code   RO         5671    i.Show_One_Line_Parameter  lcd.o
    0x08005a00   0x00000058   Code   RO         5672    i.Show_One_Minate   lcd.o
    0x08005a58   0x0000000e   Code   RO         4429    i.SysTick_Handler   stm32f4xx_it.o
    0x08005a66   0x00000002   PAD
    0x08005a68   0x000000a4   Code   RO         4062    i.SystemClock_Config  main.o
    0x08005b0c   0x00000054   Code   RO         5856    i.SystemInit        system_stm32f4xx.o
    0x08005b60   0x00000028   Code   RO         5058    i.TCP_server_IN     server.o
    0x08005b88   0x00000038   Code   RO         5059    i.TCP_server_init   server.o
    0x08005bc0   0x00000020   Code   RO         5060    i.TCP_server_out    server.o
    0x08005be0   0x000000bc   Code   RO         4430    i.TIM1_UP_TIM10_IRQHandler  stm32f4xx_it.o
    0x08005c9c   0x00000038   Code   RO         4431    i.TIM3_IRQHandler   stm32f4xx_it.o
    0x08005cd4   0x00000040   Code   RO         4432    i.TIM4_IRQHandler   stm32f4xx_it.o
    0x08005d14   0x000000c0   Code   RO           90    i.TIM_Base_SetConfig  stm32f4xx_hal_tim.o
    0x08005dd4   0x00000016   Code   RO           91    i.TIM_CCxChannelCmd  stm32f4xx_hal_tim.o
    0x08005dea   0x00000014   Code   RO           97    i.TIM_ETR_SetConfig  stm32f4xx_hal_tim.o
    0x08005dfe   0x00000010   Code   RO           98    i.TIM_ITRx_SetConfig  stm32f4xx_hal_tim.o
    0x08005e0e   0x00000022   Code   RO          104    i.TIM_TI1_ConfigInputStage  stm32f4xx_hal_tim.o
    0x08005e30   0x00000024   Code   RO          106    i.TIM_TI2_ConfigInputStage  stm32f4xx_hal_tim.o
    0x08005e54   0x00000724   Code   RO         5157    i.Trans_Data        user.o
    0x08006578   0x000002ac   Code   RO         3737    i.UART_SetConfig    stm32f4xx_hal_uart.o
    0x08006824   0x00000088   Code   RO         4433    i.USART1_IRQHandler  stm32f4xx_it.o
    0x080068ac   0x0000000c   Code   RO         8968    i.USBD_CUSTOM_HID_DataIn  usbd_customhid.o
    0x080068b8   0x00000024   Code   RO         8969    i.USBD_CUSTOM_HID_DataOut  usbd_customhid.o
    0x080068dc   0x00000032   Code   RO         8970    i.USBD_CUSTOM_HID_DeInit  usbd_customhid.o
    0x0800690e   0x00000022   Code   RO         8971    i.USBD_CUSTOM_HID_EP0_RxReady  usbd_customhid.o
    0x08006930   0x0000000c   Code   RO         8972    i.USBD_CUSTOM_HID_GetCfgDesc  usbd_customhid.o
    0x0800693c   0x0000000c   Code   RO         8973    i.USBD_CUSTOM_HID_GetDeviceQualifierDesc  usbd_customhid.o
    0x08006948   0x0000004a   Code   RO         8974    i.USBD_CUSTOM_HID_Init  usbd_customhid.o
    0x08006992   0x00000010   Code   RO         8975    i.USBD_CUSTOM_HID_RegisterInterface  usbd_customhid.o
    0x080069a2   0x00000024   Code   RO         8976    i.USBD_CUSTOM_HID_SendReport  usbd_customhid.o
    0x080069c6   0x00000002   PAD
    0x080069c8   0x000000b8   Code   RO         8977    i.USBD_CUSTOM_HID_Setup  usbd_customhid.o
    0x08006a80   0x0000000e   Code   RO         8765    i.USBD_ClrClassConfig  usbd_core.o
    0x08006a8e   0x00000010   Code   RO         8705    i.USBD_CtlContinueRx  usbd_ioreq.o
    0x08006a9e   0x00000010   Code   RO         8706    i.USBD_CtlContinueSendData  usbd_ioreq.o
    0x08006aae   0x00000016   Code   RO         8903    i.USBD_CtlError     usbd_ctlreq.o
    0x08006ac4   0x0000001e   Code   RO         8707    i.USBD_CtlPrepareRx  usbd_ioreq.o
    0x08006ae2   0x00000016   Code   RO         8708    i.USBD_CtlReceiveStatus  usbd_ioreq.o
    0x08006af8   0x0000001a   Code   RO         8709    i.USBD_CtlSendData  usbd_ioreq.o
    0x08006b12   0x00000016   Code   RO         8710    i.USBD_CtlSendStatus  usbd_ioreq.o
    0x08006b28   0x00000028   Code   RO         4767    i.USBD_FS_ConfigStrDescriptor  usbd_desc.o
    0x08006b50   0x0000000c   Code   RO         4768    i.USBD_FS_DeviceDescriptor  usbd_desc.o
    0x08006b5c   0x0000002c   Code   RO         4769    i.USBD_FS_InterfaceStrDescriptor  usbd_desc.o
    0x08006b88   0x0000000c   Code   RO         4770    i.USBD_FS_LangIDStrDescriptor  usbd_desc.o
    0x08006b94   0x00000028   Code   RO         4771    i.USBD_FS_ManufacturerStrDescriptor  usbd_desc.o
    0x08006bbc   0x00000034   Code   RO         4772    i.USBD_FS_ProductStrDescriptor  usbd_desc.o
    0x08006bf0   0x00000024   Code   RO         4773    i.USBD_FS_SerialStrDescriptor  usbd_desc.o
    0x08006c14   0x000000f2   Code   RO         8904    i.USBD_GetDescriptor  usbd_ctlreq.o
    0x08006d06   0x00000046   Code   RO         8905    i.USBD_GetString    usbd_ctlreq.o
    0x08006d4c   0x0000002a   Code   RO         8767    i.USBD_Init         usbd_core.o
    0x08006d76   0x00000020   Code   RO         4576    i.USBD_LL_ClearStallEP  usbd_conf.o
    0x08006d96   0x00000020   Code   RO         4577    i.USBD_LL_CloseEP   usbd_conf.o
    0x08006db6   0x000000aa   Code   RO         8768    i.USBD_LL_DataInStage  usbd_core.o
    0x08006e60   0x0000006a   Code   RO         8769    i.USBD_LL_DataOutStage  usbd_core.o
    0x08006eca   0x00000004   Code   RO         8770    i.USBD_LL_DevConnected  usbd_core.o
    0x08006ece   0x00000016   Code   RO         8771    i.USBD_LL_DevDisconnected  usbd_core.o
    0x08006ee4   0x00000064   Code   RO         4582    i.USBD_LL_Init      usbd_conf.o
    0x08006f48   0x00000020   Code   RO         4583    i.USBD_LL_IsStallEP  usbd_conf.o
    0x08006f68   0x00000004   Code   RO         8772    i.USBD_LL_IsoINIncomplete  usbd_core.o
    0x08006f6c   0x00000004   Code   RO         8773    i.USBD_LL_IsoOUTIncomplete  usbd_core.o
    0x08006f70   0x00000026   Code   RO         4584    i.USBD_LL_OpenEP    usbd_conf.o
    0x08006f96   0x00000020   Code   RO         4585    i.USBD_LL_PrepareReceive  usbd_conf.o
    0x08006fb6   0x0000003e   Code   RO         8774    i.USBD_LL_Reset     usbd_core.o
    0x08006ff4   0x0000000c   Code   RO         8775    i.USBD_LL_Resume    usbd_core.o
    0x08007000   0x00000018   Code   RO         8776    i.USBD_LL_SOF       usbd_core.o
    0x08007018   0x00000006   Code   RO         8777    i.USBD_LL_SetSpeed  usbd_core.o
    0x0800701e   0x00000020   Code   RO         4586    i.USBD_LL_SetUSBAddress  usbd_conf.o
    0x0800703e   0x0000005a   Code   RO         8778    i.USBD_LL_SetupStage  usbd_core.o
    0x08007098   0x00000020   Code   RO         4587    i.USBD_LL_StallEP   usbd_conf.o
    0x080070b8   0x00000020   Code   RO         4588    i.USBD_LL_Start     usbd_conf.o
    0x080070d8   0x00000012   Code   RO         8779    i.USBD_LL_Suspend   usbd_core.o
    0x080070ea   0x00000020   Code   RO         4590    i.USBD_LL_Transmit  usbd_conf.o
    0x0800710a   0x00000028   Code   RO         8906    i.USBD_ParseSetupRequest  usbd_ctlreq.o
    0x08007132   0x00000010   Code   RO         8780    i.USBD_RegisterClass  usbd_core.o
    0x08007142   0x00000016   Code   RO         8782    i.USBD_SetClassConfig  usbd_core.o
    0x08007158   0x00000074   Code   RO         8907    i.USBD_SetConfig    usbd_ctlreq.o
    0x080071cc   0x0000000a   Code   RO         8783    i.USBD_Start        usbd_core.o
    0x080071d6   0x000000f2   Code   RO         8908    i.USBD_StdDevReq    usbd_ctlreq.o
    0x080072c8   0x000000dc   Code   RO         8909    i.USBD_StdEPReq     usbd_ctlreq.o
    0x080073a4   0x00000034   Code   RO         8910    i.USBD_StdItfReq    usbd_ctlreq.o
    0x080073d8   0x00000080   Code   RO         1682    i.USB_ActivateEndpoint  stm32f4xx_ll_usb.o
    0x08007458   0x00000034   Code   RO         1683    i.USB_ActivateSetup  stm32f4xx_ll_usb.o
    0x0800748c   0x0000006c   Code   RO         1685    i.USB_CoreInit      stm32f4xx_ll_usb.o
    0x080074f8   0x00000038   Code   RO         1686    i.USB_CoreReset     stm32f4xx_ll_usb.o
    0x08007530   0x000000c8   Code   RO         1688    i.USB_DeactivateEndpoint  stm32f4xx_ll_usb.o
    0x080075f8   0x00000018   Code   RO         1689    i.USB_DevConnect    stm32f4xx_ll_usb.o
    0x08007610   0x00000018   Code   RO         1690    i.USB_DevDisconnect  stm32f4xx_ll_usb.o
    0x08007628   0x00000140   Code   RO         1691    i.USB_DevInit       stm32f4xx_ll_usb.o
    0x08007768   0x0000000c   Code   RO         1692    i.USB_DisableGlobalInt  stm32f4xx_ll_usb.o
    0x08007774   0x00000140   Code   RO         1695    i.USB_EP0StartXfer  stm32f4xx_ll_usb.o
    0x080078b4   0x0000003e   Code   RO         1696    i.USB_EP0_OutStart  stm32f4xx_ll_usb.o
    0x080078f2   0x00000064   Code   RO         1697    i.USB_EPClearStall  stm32f4xx_ll_usb.o
    0x08007956   0x0000005e   Code   RO         1698    i.USB_EPSetStall    stm32f4xx_ll_usb.o
    0x080079b4   0x0000021c   Code   RO         1699    i.USB_EPStartXfer   stm32f4xx_ll_usb.o
    0x08007bd0   0x0000000c   Code   RO         1700    i.USB_EnableGlobalInt  stm32f4xx_ll_usb.o
    0x08007bdc   0x00000020   Code   RO         1701    i.USB_FlushRxFifo   stm32f4xx_ll_usb.o
    0x08007bfc   0x00000024   Code   RO         1702    i.USB_FlushTxFifo   stm32f4xx_ll_usb.o
    0x08007c20   0x0000003c   Code   RO         1704    i.USB_GetDevSpeed   stm32f4xx_ll_usb.o
    0x08007c5c   0x00000008   Code   RO         1706    i.USB_GetMode       stm32f4xx_ll_usb.o
    0x08007c64   0x0000000e   Code   RO         1713    i.USB_ReadDevAllInEpInterrupt  stm32f4xx_ll_usb.o
    0x08007c72   0x0000000e   Code   RO         1714    i.USB_ReadDevAllOutEpInterrupt  stm32f4xx_ll_usb.o
    0x08007c80   0x0000001e   Code   RO         1715    i.USB_ReadDevInEPInterrupt  stm32f4xx_ll_usb.o
    0x08007c9e   0x00000010   Code   RO         1716    i.USB_ReadDevOutEPInterrupt  stm32f4xx_ll_usb.o
    0x08007cae   0x00000008   Code   RO         1717    i.USB_ReadInterrupts  stm32f4xx_ll_usb.o
    0x08007cb6   0x00000020   Code   RO         1718    i.USB_ReadPacket    stm32f4xx_ll_usb.o
    0x08007cd6   0x0000002c   Code   RO         1720    i.USB_SetCurrentMode  stm32f4xx_ll_usb.o
    0x08007d02   0x00000022   Code   RO         1721    i.USB_SetDevAddress  stm32f4xx_ll_usb.o
    0x08007d24   0x00000028   Code   RO         1725    i.USB_WritePacket   stm32f4xx_ll_usb.o
    0x08007d4c   0x00000002   Code   RO         4434    i.UsageFault_Handler  stm32f4xx_it.o
    0x08007d4e   0x00000002   PAD
    0x08007d50   0x000000ac   Code   RO         5159    i.Welcome_Page      user.o
    0x08007dfc   0x00000118   Code   RO         5790    i.Write_FLASH       flash.o
    0x08007f14   0x00000080   Code   RO         5161    i.Write_MoRen_Val   user.o
    0x08007f94   0x00000604   Code   RO         5162    i.Z_Y_TestFunc      user.o
    0x08008598   0x00000090   Code   RO         5163    i.Zhongzi_Yama_Data_Init  user.o
    0x08008628   0x00000028   Code   RO         9424    i.__0sprintf        mc_w.l(printfa.o)
    0x08008650   0x0000000e   Code   RO         9538    i.__scatterload_copy  mc_w.l(handlers.o)
    0x0800865e   0x00000002   Code   RO         9539    i.__scatterload_null  mc_w.l(handlers.o)
    0x08008660   0x0000000e   Code   RO         9540    i.__scatterload_zeroinit  mc_w.l(handlers.o)
    0x0800866e   0x00000160   Code   RO         5164    i._analyse_         user.o
    0x080087ce   0x00000002   PAD
    0x080087d0   0x00000184   Code   RO         9429    i._fp_digits        mc_w.l(printfa.o)
    0x08008954   0x000006dc   Code   RO         9430    i._printf_core      mc_w.l(printfa.o)
    0x08009030   0x00000024   Code   RO         9431    i._printf_post_padding  mc_w.l(printfa.o)
    0x08009054   0x0000002e   Code   RO         9432    i._printf_pre_padding  mc_w.l(printfa.o)
    0x08009082   0x0000000a   Code   RO         9434    i._sputc            mc_w.l(printfa.o)
    0x0800908c   0x0000001c   Code   RO         8294    i.cyclic_timer      timeouts.o
    0x080090a8   0x0000000c   Code   RO         6623    i.do_memp_free_pool  memp.o
    0x080090b4   0x0000000e   Code   RO         6624    i.do_memp_malloc_pool  memp.o
    0x080090c2   0x00000002   PAD
    0x080090c4   0x00000030   Code   RO         8570    i.etharp_cleanup_netif  etharp.o
    0x080090f4   0x000000dc   Code   RO         8572    i.etharp_find_entry  etharp.o
    0x080091d0   0x00000024   Code   RO         8573    i.etharp_free_entry  etharp.o
    0x080091f4   0x000000a0   Code   RO         8575    i.etharp_input      etharp.o
    0x08009294   0x000000ec   Code   RO         8576    i.etharp_output     etharp.o
    0x08009380   0x00000060   Code   RO         8577    i.etharp_output_to_arp_index  etharp.o
    0x080093e0   0x000000f0   Code   RO         8578    i.etharp_query      etharp.o
    0x080094d0   0x00000088   Code   RO         8579    i.etharp_raw        etharp.o
    0x08009558   0x0000000c   Code   RO         8580    i.etharp_request    etharp.o
    0x08009564   0x00000020   Code   RO         8581    i.etharp_request_dst  etharp.o
    0x08009584   0x00000060   Code   RO         8582    i.etharp_tmr        etharp.o
    0x080095e4   0x00000080   Code   RO         8583    i.etharp_update_arp_entry  etharp.o
    0x08009664   0x000000a0   Code   RO         8476    i.ethernet_input    ethernet.o
    0x08009704   0x0000004a   Code   RO         8477    i.ethernet_output   ethernet.o
    0x0800974e   0x00000002   PAD
    0x08009750   0x00000028   Code   RO         4878    i.ethernetif_init   ethernetif.o
    0x08009778   0x00000022   Code   RO         4879    i.ethernetif_input  ethernetif.o
    0x0800979a   0x00000002   PAD
    0x0800979c   0x00000050   Code   RO         9450    i.free              mc_w.l(malloc.o)
    0x080097ec   0x00000008   Code   RO         6201    i.icmp_dest_unreach  icmp.o
    0x080097f4   0x000000f4   Code   RO         6202    i.icmp_input        icmp.o
    0x080098e8   0x0000006c   Code   RO         6203    i.icmp_send_response  icmp.o
    0x08009954   0x00000008   Code   RO         6204    i.icmp_time_exceeded  icmp.o
    0x0800995c   0x0000002e   Code   RO         8374    i.ip4_addr_isbroadcast_u32  ip4_addr.o
    0x0800998a   0x00000002   PAD
    0x0800998c   0x0000015c   Code   RO         6047    i.ip4_frag          ip4_frag.o
    0x08009ae8   0x00000190   Code   RO         7878    i.ip4_input         ip4.o
    0x08009c78   0x0000001e   Code   RO         7880    i.ip4_output_if     ip4.o
    0x08009c96   0x00000002   PAD
    0x08009c98   0x000000a8   Code   RO         7881    i.ip4_output_if_src  ip4.o
    0x08009d40   0x00000190   Code   RO         6048    i.ip4_reass         ip4_frag.o
    0x08009ed0   0x0000005c   Code   RO         7882    i.ip4_route         ip4.o
    0x08009f2c   0x00000008   Code   RO         6049    i.ip_frag_free_pbuf_custom_ref  ip4_frag.o
    0x08009f34   0x000000ec   Code   RO         6050    i.ip_reass_chain_frag_into_datagram_and_validate  ip4_frag.o
    0x0800a020   0x00000024   Code   RO         6051    i.ip_reass_dequeue_datagram  ip4_frag.o
    0x0800a044   0x00000070   Code   RO         6052    i.ip_reass_free_complete_datagram  ip4_frag.o
    0x0800a0b4   0x00000080   Code   RO         6053    i.ip_reass_remove_oldest_datagram  ip4_frag.o
    0x0800a134   0x0000002c   Code   RO         6054    i.ip_reass_tmr      ip4_frag.o
    0x0800a160   0x00000016   Code   RO         6055    i.ipfrag_free_pbuf_custom  ip4_frag.o
    0x0800a176   0x00000002   PAD
    0x0800a178   0x000000c8   Code   RO         4880    i.low_level_init    ethernetif.o
    0x0800a240   0x000000bc   Code   RO         4881    i.low_level_input   ethernetif.o
    0x0800a2fc   0x000000a8   Code   RO         4882    i.low_level_output  ethernetif.o
    0x0800a3a4   0x00000004   Code   RO         7173    i.lwip_htonl        def.o
    0x0800a3a8   0x00000004   Code   RO         7174    i.lwip_htons        def.o
    0x0800a3ac   0x0000001a   Code   RO         6797    i.lwip_init         init.o
    0x0800a3c6   0x00000002   PAD
    0x0800a3c8   0x000001f0   Code   RO         4063    i.main              main.o
    0x0800a5b8   0x0000006c   Code   RO         9451    i.malloc            mc_w.l(malloc.o)
    0x0800a624   0x0000002c   Code   RO         7822    i.mem_free          mem.o
    0x0800a650   0x00000034   Code   RO         7823    i.mem_init          mem.o
    0x0800a684   0x000000a8   Code   RO         7824    i.mem_malloc        mem.o
    0x0800a72c   0x000000cc   Code   RO         7825    i.mem_trim          mem.o
    0x0800a7f8   0x00000018   Code   RO         6625    i.memp_free         memp.o
    0x0800a810   0x00000020   Code   RO         6627    i.memp_init         memp.o
    0x0800a830   0x0000002a   Code   RO         6628    i.memp_init_pool    memp.o
    0x0800a85a   0x00000002   PAD
    0x0800a85c   0x00000018   Code   RO         6629    i.memp_malloc       memp.o
    0x0800a874   0x00000050   Code   RO         7649    i.netif_add         netif.o
    0x0800a8c4   0x00000002   Code   RO         7651    i.netif_init        netif.o
    0x0800a8c6   0x0000001a   Code   RO         7653    i.netif_issue_reports  netif.o
    0x0800a8e0   0x00000048   Code   RO         7655    i.netif_set_addr    netif.o
    0x0800a928   0x0000000c   Code   RO         7656    i.netif_set_default  netif.o
    0x0800a934   0x0000001a   Code   RO         7657    i.netif_set_down    netif.o
    0x0800a94e   0x00000008   Code   RO         7658    i.netif_set_gw      netif.o
    0x0800a956   0x00000002   PAD
    0x0800a958   0x00000038   Code   RO         7659    i.netif_set_ipaddr  netif.o
    0x0800a990   0x00000008   Code   RO         7662    i.netif_set_netmask  netif.o
    0x0800a998   0x0000001c   Code   RO         7663    i.netif_set_up      netif.o
    0x0800a9b4   0x00000128   Code   RO         6983    i.pbuf_alloc        pbuf.o
    0x0800aadc   0x00000052   Code   RO         6984    i.pbuf_alloced_custom  pbuf.o
    0x0800ab2e   0x00000028   Code   RO         6985    i.pbuf_cat          pbuf.o
    0x0800ab56   0x00000012   Code   RO         6987    i.pbuf_clen         pbuf.o
    0x0800ab68   0x0000009a   Code   RO         6989    i.pbuf_copy         pbuf.o
    0x0800ac02   0x00000068   Code   RO         6990    i.pbuf_copy_partial  pbuf.o
    0x0800ac6a   0x00000050   Code   RO         6992    i.pbuf_free         pbuf.o
    0x0800acba   0x00000002   PAD
    0x0800acbc   0x0000002c   Code   RO         6993    i.pbuf_free_ooseq   pbuf.o
    0x0800ace8   0x00000006   Code   RO         6995    i.pbuf_header       pbuf.o
    0x0800acee   0x00000006   Code   RO         6996    i.pbuf_header_force  pbuf.o
    0x0800acf4   0x00000064   Code   RO         6997    i.pbuf_header_impl  pbuf.o
    0x0800ad58   0x00000054   Code   RO         7001    i.pbuf_realloc      pbuf.o
    0x0800adac   0x0000000c   Code   RO         7002    i.pbuf_ref          pbuf.o
    0x0800adb8   0x00000054   Code   RO         7826    i.plug_holes        mem.o
    0x0800ae0c   0x00000040   Code   RO         5673    i.showimage         lcd.o
    0x0800ae4c   0x00000058   Code   RO         8295    i.sys_check_timeouts  timeouts.o
    0x0800aea4   0x00000004   Code   RO         4884    i.sys_now           ethernetif.o
    0x0800aea8   0x00000090   Code   RO         8297    i.sys_timeout       timeouts.o
    0x0800af38   0x00000034   Code   RO         8298    i.sys_timeouts_init  timeouts.o
    0x0800af6c   0x000000d4   Code   RO         7390    i.tcp_abandon       tcp.o
    0x0800b040   0x00000006   Code   RO         7391    i.tcp_abort         tcp.o
    0x0800b046   0x0000000e   Code   RO         7392    i.tcp_accept        tcp.o
    0x0800b054   0x0000000e   Code   RO         7393    i.tcp_accept_null   tcp.o
    0x0800b062   0x00000002   PAD
    0x0800b064   0x00000104   Code   RO         7394    i.tcp_alloc         tcp.o
    0x0800b168   0x00000094   Code   RO         7396    i.tcp_bind          tcp.o
    0x0800b1fc   0x00000014   Code   RO         7397    i.tcp_close         tcp.o
    0x0800b210   0x00000164   Code   RO         7398    i.tcp_close_shutdown  tcp.o
    0x0800b374   0x00000098   Code   RO         8190    i.tcp_create_segment  tcp_out.o
    0x0800b40c   0x00000022   Code   RO         7401    i.tcp_eff_send_mss_impl  tcp.o
    0x0800b42e   0x00000092   Code   RO         8191    i.tcp_enqueue_flags  tcp_out.o
    0x0800b4c0   0x00000058   Code   RO         7403    i.tcp_fasttmr       tcp.o
    0x0800b518   0x00000030   Code   RO         6397    i.tcp_getoptbyte    tcp_in.o
    0x0800b548   0x00000002   Code   RO         7404    i.tcp_init          tcp.o
    0x0800b54a   0x00000002   PAD
    0x0800b54c   0x0000036c   Code   RO         6398    i.tcp_input         tcp_in.o
    0x0800b8b8   0x00000052   Code   RO         8192    i.tcp_keepalive     tcp_out.o
    0x0800b90a   0x00000002   PAD
    0x0800b90c   0x0000003c   Code   RO         7405    i.tcp_kill_state    tcp.o
    0x0800b948   0x000000ec   Code   RO         6399    i.tcp_listen_input  tcp_in.o
    0x0800ba34   0x00000084   Code   RO         7406    i.tcp_listen_with_backlog  tcp.o
    0x0800bab8   0x0000004c   Code   RO         7407    i.tcp_netif_ip_addr_changed  tcp.o
    0x0800bb04   0x00000022   Code   RO         7408    i.tcp_netif_ip_addr_changed_pcblist  tcp.o
    0x0800bb26   0x00000006   Code   RO         7409    i.tcp_new           tcp.o
    0x0800bb2c   0x0000005c   Code   RO         7411    i.tcp_new_port      tcp.o
    0x0800bb88   0x00000010   Code   RO         7412    i.tcp_next_iss      tcp.o
    0x0800bb98   0x00000078   Code   RO         6400    i.tcp_oos_insert_segment  tcp_in.o
    0x0800bc10   0x000001c8   Code   RO         8193    i.tcp_output        tcp_out.o
    0x0800bdd8   0x0000006a   Code   RO         8194    i.tcp_output_alloc_header  tcp_out.o
    0x0800be42   0x00000002   PAD
    0x0800be44   0x000000a8   Code   RO         8195    i.tcp_output_segment  tcp_out.o
    0x0800beec   0x00000074   Code   RO         6401    i.tcp_parseopt      tcp_in.o
    0x0800bf60   0x0000004e   Code   RO         8196    i.tcp_pbuf_prealloc  tcp_out.o
    0x0800bfae   0x00000042   Code   RO         7413    i.tcp_pcb_purge     tcp.o
    0x0800bff0   0x00000050   Code   RO         7414    i.tcp_pcb_remove    tcp.o
    0x0800c040   0x00000370   Code   RO         6402    i.tcp_process       tcp_in.o
    0x0800c3b0   0x0000006e   Code   RO         7416    i.tcp_process_refused_data  tcp.o
    0x0800c41e   0x00000002   PAD
    0x0800c420   0x000006c4   Code   RO         6403    i.tcp_receive       tcp_in.o
    0x0800cae4   0x0000000a   Code   RO         7417    i.tcp_recv          tcp.o
    0x0800caee   0x00000024   Code   RO         7418    i.tcp_recv_null     tcp.o
    0x0800cb12   0x00000042   Code   RO         7419    i.tcp_recved        tcp.o
    0x0800cb54   0x00000052   Code   RO         8197    i.tcp_rexmit        tcp_out.o
    0x0800cba6   0x0000005c   Code   RO         8198    i.tcp_rexmit_fast   tcp_out.o
    0x0800cc02   0x0000002e   Code   RO         8199    i.tcp_rexmit_rto    tcp_out.o
    0x0800cc30   0x00000080   Code   RO         8200    i.tcp_rst           tcp_out.o
    0x0800ccb0   0x00000028   Code   RO         7420    i.tcp_seg_copy      tcp.o
    0x0800ccd8   0x0000001c   Code   RO         7421    i.tcp_seg_free      tcp.o
    0x0800ccf4   0x00000012   Code   RO         7422    i.tcp_segs_free     tcp.o
    0x0800cd06   0x00000072   Code   RO         8201    i.tcp_send_empty_ack  tcp_out.o
    0x0800cd78   0x00000044   Code   RO         8202    i.tcp_send_fin      tcp_out.o
    0x0800cdbc   0x00000024   Code   RO         5061    i.tcp_server_accept  server.o
    0x0800cde0   0x0000005c   Code   RO         5062    i.tcp_server_recv   server.o
    0x0800ce3c   0x00000004   Code   RO         7424    i.tcp_setprio       tcp.o
    0x0800ce40   0x00000280   Code   RO         7426    i.tcp_slowtmr       tcp.o
    0x0800d0c0   0x00000034   Code   RO         8301    i.tcp_timer_needed  timeouts.o
    0x0800d0f4   0x00000068   Code   RO         6404    i.tcp_timewait_input  tcp_in.o
    0x0800d15c   0x00000020   Code   RO         7427    i.tcp_tmr           tcp.o
    0x0800d17c   0x00000010   Code   RO         6405    i.tcp_trigger_input_pcb_close  tcp_in.o
    0x0800d18c   0x00000034   Code   RO         7429    i.tcp_update_rcv_ann_wnd  tcp.o
    0x0800d1c0   0x000002f0   Code   RO         8203    i.tcp_write         tcp_out.o
    0x0800d4b0   0x000000b4   Code   RO         8204    i.tcp_zero_window_probe  tcp_out.o
    0x0800d564   0x00000038   Code   RO         8302    i.tcpip_tcp_timer   timeouts.o
    0x0800d59c   0x00012e88   Data   RO         5166    .constdata          user.o
    0x08020424   0x0000212e   Data   RO         5674    .constdata          lcd.o
    0x08022552   0x00000010   Data   RO         5857    .constdata          system_stm32f4xx.o
    0x08022562   0x00000008   Data   RO         5858    .constdata          system_stm32f4xx.o
    0x0802256a   0x00000002   PAD
    0x0802256c   0x0000000c   Data   RO         6639    .constdata          memp.o
    0x08022578   0x0000000c   Data   RO         6640    .constdata          memp.o
    0x08022584   0x0000000c   Data   RO         6641    .constdata          memp.o
    0x08022590   0x0000000c   Data   RO         6642    .constdata          memp.o
    0x0802259c   0x0000000c   Data   RO         6643    .constdata          memp.o
    0x080225a8   0x0000000c   Data   RO         6644    .constdata          memp.o
    0x080225b4   0x0000000c   Data   RO         6645    .constdata          memp.o
    0x080225c0   0x0000000c   Data   RO         6646    .constdata          memp.o
    0x080225cc   0x00000020   Data   RO         6647    .constdata          memp.o
    0x080225ec   0x00000054   Data   RO         7430    .constdata          tcp.o
    0x08022640   0x00000018   Data   RO         8303    .constdata          timeouts.o
    0x08022658   0x00000004   Data   RO         8381    .constdata          ip4_addr.o
    0x0802265c   0x00000006   Data   RO         8478    .constdata          ethernet.o
    0x08022662   0x00000006   Data   RO         8479    .constdata          ethernet.o
    0x08022668   0x00000075   Data   RO         7431    .conststring        tcp.o
    0x080226dd   0x00000003   PAD
    0x080226e0   0x00000020   Data   RO         9536    Region$$Table       anon$$obj.o


    Execution Region RW_IRAM1 (Base: 0x20000000, Size: 0x0001f830, Max: 0x00020000, ABSOLUTE, COMPRESSED[0x000000b4])

    Base Addr    Size         Type   Attr      Idx    E Section Name        Object

    0x20000000   0x00000004   Data   RW         2608    .data               stm32f4xx_hal.o
    0x20000004   0x00000001   Data   RW         4066    .data               main.o
    0x20000005   0x00000001   Data   RW         4067    .data               main.o
    0x20000006   0x00000002   PAD
    0x20000008   0x00000008   Data   RW         4435    .data               stm32f4xx_it.o
    0x20000010   0x0000001c   Data   RW         4775    .data               usbd_desc.o
    0x2000002c   0x00000016   Data   RW         4776    .data               usbd_desc.o
    0x20000042   0x00000002   PAD
    0x20000044   0x00000021   Data   RW         4838    .data               usbd_custom_hid_if.o
    0x20000065   0x00000003   PAD
    0x20000068   0x00000010   Data   RW         4839    .data               usbd_custom_hid_if.o
    0x20000078   0x00000018   Data   RW         4996    .data               lwip.o
    0x20000090   0x00000004   Data   RW         5063    .data               server.o
    0x20000094   0x0000001c   Data   RW         5168    .data               user.o
    0x200000b0   0x00000004   Data   RW         5859    .data               system_stm32f4xx.o
    0x200000b4   0x00000008   Data   RW         6056    .data               ip4_frag.o
    0x200000bc   0x00000024   Data   RW         6407    .data               tcp_in.o
    0x200000e0   0x00000004   Data   RW         6648    .data               memp.o
    0x200000e4   0x00000004   Data   RW         6649    .data               memp.o
    0x200000e8   0x00000004   Data   RW         6650    .data               memp.o
    0x200000ec   0x00000004   Data   RW         6651    .data               memp.o
    0x200000f0   0x00000004   Data   RW         6652    .data               memp.o
    0x200000f4   0x00000004   Data   RW         6653    .data               memp.o
    0x200000f8   0x00000004   Data   RW         6654    .data               memp.o
    0x200000fc   0x00000004   Data   RW         6655    .data               memp.o
    0x20000100   0x00000001   Data   RW         7009    .data               pbuf.o
    0x20000101   0x00000003   PAD
    0x20000104   0x00000020   Data   RW         7432    .data               tcp.o
    0x20000124   0x0000000c   Data   RW         7664    .data               netif.o
    0x20000130   0x0000000c   Data   RW         7828    .data               mem.o
    0x2000013c   0x00000002   Data   RW         7883    .data               ip4.o
    0x2000013e   0x00000002   PAD
    0x20000140   0x0000000c   Data   RW         8304    .data               timeouts.o
    0x2000014c   0x00000001   Data   RW         8585    .data               etharp.o
    0x2000014d   0x00000001   Data   RW         8911    .data               usbd_ctlreq.o
    0x2000014e   0x00000002   PAD
    0x20000150   0x0000003c   Data   RW         8978    .data               usbd_customhid.o
    0x2000018c   0x00000042   Data   RW         8979    .data               usbd_customhid.o
    0x200001ce   0x00000002   PAD
    0x200001d0   0x00000004   Data   RW         9521    .data               mc_w.l(mvars.o)
    0x200001d4   0x00000004   Data   RW         9522    .data               mc_w.l(mvars.o)
    0x200001d8   0x00000020   Zero   RW         3268    .bss                stm32f4xx_hal_flash.o
    0x200001f8   0x000003f0   Zero   RW         4591    .bss                usbd_conf.o
    0x200005e8   0x00000200   Zero   RW         4774    .bss                usbd_desc.o
    0x200007e8   0x000030e8   Zero   RW         4885    .bss                ethernetif.o
    0x200038d0   0x00000224   Zero   RW         4952    .bss                usb_device.o
    0x20003af4   0x00000030   Zero   RW         4995    .bss                lwip.o
    0x20003b24   0x0000217c   Zero   RW         5165    .bss                user.o
    0x20005ca0   0x0000012c   Zero   RW         5394    .bss                tim.o
    0x20005dcc   0x00000048   Zero   RW         5466    .bss                adc.o
    0x20005e14   0x00000058   Zero   RW         5508    .bss                spi.o
    0x20005e6c   0x00000040   Zero   RW         5574    .bss                usart.o
    0x20005eac   0x00000014   Zero   RW         5791    .bss                flash.o
    0x20005ec0   0x00000010   Zero   RW         6406    .bss                tcp_in.o
    0x20005ed0   0x000002fb   Zero   RW         6631    .bss                memp.o
    0x200061cb   0x000000e3   Zero   RW         6632    .bss                memp.o
    0x200062ae   0x00001f43   Zero   RW         6633    .bss                memp.o
    0x200081f1   0x000000a3   Zero   RW         6634    .bss                memp.o
    0x20008294   0x0000016b   Zero   RW         6635    .bss                memp.o
    0x200083ff   0x00000033   Zero   RW         6636    .bss                memp.o
    0x20008432   0x00000323   Zero   RW         6637    .bss                memp.o
    0x20008755   0x00012b3b   Zero   RW         6638    .bss                memp.o
    0x2001b290   0x00000018   Zero   RW         6917    .bss                ip.o
    0x2001b2a8   0x00003e93   Zero   RW         7827    .bss                mem.o
    0x2001f13b   0x00000001   PAD
    0x2001f13c   0x000000f0   Zero   RW         8584    .bss                etharp.o
    0x2001f22c   0x00000004   PAD
    0x2001f230   0x00000200   Zero   RW         5891    HEAP                startup_stm32f407xx.o
    0x2001f430   0x00000400   Zero   RW         5890    STACK               startup_stm32f407xx.o


==============================================================================

Image component sizes


      Code (inc. data)   RO Data    RW Data    ZI Data      Debug   Object Name

       224          4          0          0          0       3579   24cxx.o
       176         30          0          0         72       1825   adc.o
         8          0          0          0          0       1210   def.o
      1440         56          0          1        240      12883   etharp.o
       234          6         12          0          0       2874   ethernet.o
       806         58          0          0      12520       6646   ethernetif.o
       416         36          0          0          0       3042   exit.o
       484         48          0          0         20       3271   flash.o
       640         40          0          0          0       1411   gpio.o
       368          4          0          0          0       3954   icmp.o
        26          0          0          0          0        608   init.o
         0          0          0          0         24       3106   ip.o
       690         28          0          2          0       5356   ip4.o
        46          0          4          0          0       7010   ip4_addr.o
      1334         36          0          8          0      26691   ip4_frag.o
      2544        138       8494          0          0      16952   lcd.o
       384         24          0         24         48       1789   lwip.o
       662         68          0          2          0     754505   main.o
       552         30          0         12      16019       5613   mem.o
       148         16        128         32      86976      21091   memp.o
       520         40          0          0          0       4512   myiic.o
       318         16          0         12          0      10149   netif.o
      1026         28          0          1          0      22727   pbuf.o
       256         34          0          4          0       7285   server.o
       144         20          0          0         88       1821   spi.o
        36          8        392          0       1536        848   startup_stm32f407xx.o
       148         22          0          4          0       4795   stm32f4xx_hal.o
       716         24          0          0          0       3083   stm32f4xx_hal_adc.o
       228         14          0          0          0      32617   stm32f4xx_hal_cortex.o
      1996         72          0          0          0      14394   stm32f4xx_hal_eth.o
       512         66          0          0         32       7170   stm32f4xx_hal_flash.o
       364         22          0          0          0       4262   stm32f4xx_hal_flash_ex.o
       452         44          0          0          0       3291   stm32f4xx_hal_gpio.o
        88          0          0          0          0        574   stm32f4xx_hal_msp.o
      2136         72          0          0          0      11341   stm32f4xx_hal_pcd.o
        76          0          0          0          0       2008   stm32f4xx_hal_pcd_ex.o
      1388         76          0          0          0       6028   stm32f4xx_hal_rcc.o
       670          0          0          0          0       4358   stm32f4xx_hal_spi.o
       868         44          0          0          0     757977   stm32f4xx_hal_tim.o
        80          0          0          0          0       1396   stm32f4xx_hal_tim_ex.o
       854          8          0          0          0       3054   stm32f4xx_hal_uart.o
       798        140          0          8          0      12489   stm32f4xx_it.o
      2420         56          0          0          0      21928   stm32f4xx_ll_usb.o
        84         18         24          4          0       1315   system_stm32f4xx.o
      2752        106        201         32          0      35628   tcp.o
      4128        128          0         36         16      21659   tcp_in.o
      2650          8          0          0          0      17807   tcp_out.o
       692         72          0          0        300       5464   tim.o
       420         64         24         12          0       6243   timeouts.o
         0          0          0          0          0       1280   udp.o
       148         20          0          0         64       1854   usart.o
        56         18          0          0        548        824   usb_device.o
       674         18          0          0       1008      19658   usbd_conf.o
       626          0          0          0          0      12962   usbd_core.o
      1004         30          0          1          0       8484   usbd_ctlreq.o
        56         10          0         49          0       2494   usbd_custom_hid_if.o
       466         24          0        126          0      10343   usbd_customhid.o
       236        140          0         50        512       5643   usbd_desc.o
       132          0          0          0          0       4880   usbd_ioreq.o
      8464        736      77448         28       8572      21406   user.o

    ----------------------------------------------------------------------
     49934       2820      86764        464     128600    1999467   Object Totals
         0          0         32          0          0          0   (incl. Generated)
        70          0          5         16          5          0   (incl. Padding)

    ----------------------------------------------------------------------

      Code (inc. data)   RO Data    RW Data    ZI Data      Debug   Library Member Name

        86          0          0          0          0          0   __dczerorl2.o
         0          0          0          0          0          0   entry.o
         0          0          0          0          0          0   entry10a.o
         0          0          0          0          0          0   entry11a.o
         8          4          0          0          0          0   entry2.o
         4          0          0          0          0          0   entry5.o
         0          0          0          0          0          0   entry7b.o
         0          0          0          0          0          0   entry8b.o
         8          4          0          0          0          0   entry9a.o
        30          0          0          0          0          0   handlers.o
        36          8          0          0          0         68   init.o
         0          0          0          0          0          0   iusefp.o
        30          0          0          0          0         68   llshl.o
        36          0          0          0          0         68   llsshr.o
        32          0          0          0          0         68   llushr.o
       188         20          0          0          0        160   malloc.o
        26          0          0          0          0         80   memcmp.o
        36          0          0          0          0         68   memcpya.o
        36          0          0          0          0        108   memseta.o
         0          0          0          8          0          0   mvars.o
      2276         86          0          0          0        520   printfa.o
        44          0          0          0          0         80   uidiv.o
        98          0          0          0          0         92   uldiv.o
        48          0          0          0          0         68   cdrcmple.o
        56          0          0          0          0         88   d2f.o
       334          0          0          0          0        148   dadd.o
       222          0          0          0          0        100   ddiv.o
       186          0          0          0          0        176   depilogue.o
        50          0          0          0          0         76   dfixui.o
        48          0          0          0          0         68   dfixul.o
        34          0          0          0          0         76   dflti.o
        26          0          0          0          0         76   dfltui.o
       228          0          0          0          0         96   dmul.o
        38          0          0          0          0         68   f2d.o
       110          0          0          0          0        168   fepilogue.o

    ----------------------------------------------------------------------
      4358        122          0          8          0       2588   Library Totals
         4          0          0          0          0          0   (incl. Padding)

    ----------------------------------------------------------------------

      Code (inc. data)   RO Data    RW Data    ZI Data      Debug   Library Name

      2974        122          0          8          0       1380   mc_w.l
      1380          0          0          0          0       1208   mf_w.l

    ----------------------------------------------------------------------
      4358        122          0          8          0       2588   Library Totals

    ----------------------------------------------------------------------

==============================================================================


      Code (inc. data)   RO Data    RW Data    ZI Data      Debug   

     54292       2942      86764        472     128600    1958887   Grand Totals
     54292       2942      86764        180     128600    1958887   ELF Image Totals (compressed)
     54292       2942      86764        180          0          0   ROM Totals

==============================================================================

    Total RO  Size (Code + RO Data)               141056 ( 137.75kB)
    Total RW  Size (RW Data + ZI Data)            129072 ( 126.05kB)
    Total ROM Size (Code + RO Data + RW Data)     141236 ( 137.93kB)

==============================================================================

