<html>
<body>
<pre>
<h1>µVision Build Log</h1>
<h2>Tool Versions:</h2>
IDE-Version: ¦ÌVision V5.23.0.0
Copyright (C) 2017 ARM Ltd and ARM Germany GmbH. All rights reserved.
License Information: yin zhihu, xx, LIC=EPPJJ-U45G1-KTJ3H-WPNIY-Z7PGS-SNRYF
 
Tool Versions:
Toolchain:       MDK-ARM Professional  Version: 5.23
Toolchain Path:  d:\Keil_v5\ARM\ARMCC\Bin
C Compiler:      Armcc.exe V5.06 update 4 (build 422)
Assembler:       Armasm.exe V5.06 update 4 (build 422)
Linker/Locator:  ArmLink.exe V5.06 update 4 (build 422)
Library Manager: ArmAr.exe V5.06 update 4 (build 422)
Hex Converter:   FromElf.exe V5.06 update 4 (build 422)
CPU DLL:         SARMCM3.DLL V5.23
Dialog DLL:      DCM.DLL V1.15.0.0
Target DLL:      STLink\ST-LINKIII-KEIL_SWO.dll V2.0.18.0
Dialog DLL:      TCM.DLL V1.27.0.0
 
<h2>Project:</h2>
D:\Project\CUBE\Logging\LoggingF407_v1.3\LoggingF407\LoggingF407\MDK-ARM\LoggingF407.uvprojx
Project File Date:  03/13/2018

<h2>Output:</h2>
*** Using Compiler 'V5.06 update 4 (build 422)', folder: 'd:\Keil_v5\ARM\ARMCC\Bin'
Build target 'LoggingF407'
compiling user.c...
..\Src\user.c(286): warning:  #550-D: variable "cmd7"  was set but never used
  	uint16_t cmd1 = 0,cmd2 = 0,cmd3 = 0,cmd4 = 0,cmd5 = 0,cmd6 = 0,cmd7 = 0,cmd8 = 0,cmd9 = 0,cmd10 = 0;
..\Src\user.c(287): warning:  #177-D: variable "data2"  was declared but never referenced
  	uint16_t data1 = 0,data2 = 0;
..\Src\user.c(388): warning:  #167-D: argument of type "char *" is incompatible with parameter of type "uint8_t *"
  					Gui_DrawFont_GBK16(90,80,
ED,
LUE,buff);
..\Src\user.c(389): warning:  #1035-D: single-precision operand implicitly converted to double-precision
  					_userprv->m_fspeed = 0.1/(float)_userprv->m_usSampleSpan*3600;
..\Src\user.c(391): warning:  #167-D: argument of type "char *" is incompatible with parameter of type "uint8_t *"
  					Gui_DrawFont_GBK16(90,100,
ED,
LUE,buff);
..\Src\user.c(400): warning:  #167-D: argument of type "char *" is incompatible with parameter of type "uint8_t *"
  					Gui_DrawFont_GBK16(90,80,
ED,
LUE,buff);
..\Src\user.c(401): warning:  #181-D: argument is incompatible with corresponding format string conversion
  					sprintf(buff,"%.2f",speed);
..\Src\user.c(402): warning:  #167-D: argument of type "char *" is incompatible with parameter of type "uint8_t *"
  					Gui_DrawFont_GBK16(90,100,
ED,
LUE,buff);	
..\Src\user.c(408): warning:  #1035-D: single-precision operand implicitly converted to double-precision
  					_userprv->m_fMONIQIdeepth = _userprv->m_fdeepth *1.0;
..\Src\user.c(412): warning:  #167-D: argument of type "char *" is incompatible with parameter of type "uint8_t *"
  					Gui_DrawFont_GBK16(90,80,
ED,
LUE,buff);
..\Src\user.c(415): warning:  #167-D: argument of type "char *" is incompatible with parameter of type "uint8_t *"
  					Gui_DrawFont_GBK16(90,100,
ED,
LUE,buff);
..\Src\user.c(452): warning:  #181-D: argument is incompatible with corresponding format string conversion
  					sprintf(buff,"%.2f",_userprv->m_usSampleSpan);
..\Src\user.c(453): warning:  #167-D: argument of type "char *" is incompatible with parameter of type "uint8_t *"
  					Gui_DrawFont_GBK16(90,80,
ED,
LUE,buff);
..\Src\user.c(455): warning:  #167-D: argument of type "char *" is incompatible with parameter of type "uint8_t *"
  					Gui_DrawFont_GBK16(90,80,
ED,
LUE,buff);
..\Src\user.c(456): warning:  #1035-D: single-precision operand implicitly converted to double-precision
  					_userprv->m_fspeed = 0.1/(float)_userprv->m_usSampleSpan*3600;
..\Src\user.c(458): warning:  #167-D: argument of type "char *" is incompatible with parameter of type "uint8_t *"
  					Gui_DrawFont_GBK16(90,100,
ED,
LUE,buff);
..\Src\user.c(467): warning:  #167-D: argument of type "char *" is incompatible with parameter of type "uint8_t *"
  					Gui_DrawFont_GBK16(90,80,
ED,
LUE,buff);
..\Src\user.c(468): warning:  #181-D: argument is incompatible with corresponding format string conversion
  					sprintf(buff,"%.2f",speed);
..\Src\user.c(469): warning:  #167-D: argument of type "char *" is incompatible with parameter of type "uint8_t *"
  					Gui_DrawFont_GBK16(90,100,
ED,
LUE,buff);	
..\Src\user.c(476): warning:  #167-D: argument of type "char *" is incompatible with parameter of type "uint8_t *"
  					Gui_DrawFont_GBK16(90,80,
ED,
LUE,buff);
..\Src\user.c(479): warning:  #167-D: argument of type "char *" is incompatible with parameter of type "uint8_t *"
  					Gui_DrawFont_GBK16(90,100,
ED,
LUE,buff);
..\Src\user.c(356): warning:  #177-D: variable "fspeed"  was declared but never referenced
  	float fspeed = 0,deepth = 0;
..\Src\user.c(356): warning:  #177-D: variable "deepth"  was declared but never referenced
  	float fspeed = 0,deepth = 0;
..\Src\user.c(575): warning:  #550-D: variable "temp"  was set but never used
  	static uint16_t data = 0,data1 = 0,data2 = 0,temp = 0,i = 0,j = 0;
..\Src\user.c(896): warning:  #1035-D: single-precision operand implicitly converted to double-precision
  					_userprv->m_fdeepth -=0.1; 
..\Src\user.c(902): warning:  #167-D: argument of type "char *" is incompatible with parameter of type "uint8_t *"
  					Gui_DrawFont_GBK16(90,80,
ED,
LUE,buff);
..\Src\user.c(904): warning:  #167-D: argument of type "char *" is incompatible with parameter of type "uint8_t *"
  					Gui_DrawFont_GBK16(90,100,
ED,
LUE,buff);					
..\Src\user.c(967): warning:  #167-D: argument of type "char *" is incompatible with parameter of type "uint8_t *"
  						Gui_DrawFont_GBK16(90,80,
ED,
LUE,buff);
..\Src\user.c(968): warning:  #1035-D: single-precision operand implicitly converted to double-precision
  						_userprv->m_fspeed = (float)_userprv->m_usSampleSpan*360000000.0/abs(_userprv->m_tLoggingStaHand.timespan - _userprv->m_uiTime);
..\Src\user.c(971): warning:  #167-D: argument of type "char *" is incompatible with parameter of type "uint8_t *"
  						Gui_DrawFont_GBK16(90,100,
ED,
LUE,buff);	
..\Src\user.c(1028): warning:  #167-D: argument of type "char *" is incompatible with parameter of type "uint8_t *"
  						Gui_DrawFont_GBK16(90,80,
ED,
LUE,buff);
..\Src\user.c(1030): warning:  #167-D: argument of type "char *" is incompatible with parameter of type "uint8_t *"
  						Gui_DrawFont_GBK16(90,100,
ED,
LUE,buff);
..\Src\user.c(1098): warning:  #167-D: argument of type "char *" is incompatible with parameter of type "uint8_t *"
  				Gui_DrawFont_GBK16(90,80,
ED,
LUE,buff);
..\Src\user.c(1100): warning:  #167-D: argument of type "char *" is incompatible with parameter of type "uint8_t *"
  				Gui_DrawFont_GBK16(90,100,
ED,
LUE,buff);				
..\Src\user.c(1110): warning:  #167-D: argument of type "char *" is incompatible with parameter of type "uint8_t *"
  				Gui_DrawFont_GBK16(90,80,
ED,
LUE,buff);
..\Src\user.c(1112): warning:  #1035-D: single-precision operand implicitly converted to double-precision
  			  if(_userprv->m_fspeed == 0.00)
..\Src\user.c(1115): warning:  #1035-D: single-precision operand implicitly converted to double-precision
  					_userprv->m_fspeed += 0.01;
..\Src\user.c(1117): warning:  #167-D: argument of type "char *" is incompatible with parameter of type "uint8_t *"
    			Gui_DrawFont_GBK16(90,100,
ED,
LUE,buff);
..\Src\user.c(1125): warning:  #167-D: argument of type "char *" is incompatible with parameter of type "uint8_t *"
  				Gui_DrawFont_GBK16(90,80,
ED,
LUE,buff);
..\Src\user.c(1127): warning:  #167-D: argument of type "char *" is incompatible with parameter of type "uint8_t *"
  				Gui_DrawFont_GBK16(90,100,
ED,
LUE,buff);
..\Src\user.c(880): warning:  #177-D: variable "FPGAData"  was declared but never referenced
  	uint16_t FPGAData = 0;
..\Src\user.c(881): warning:  #177-D: variable "_fspeed"  was declared but never referenced
  	float _fspeed = 0.0;
..\Src\user.c(884): warning:  #177-D: variable "a"  was declared but never referenced
  	float a = 0.0,b = 0.0,_fDepth = 0.0;
..\Src\user.c(884): warning:  #177-D: variable "b"  was declared but never referenced
  	float a = 0.0,b = 0.0,_fDepth = 0.0;
..\Src\user.c(884): warning:  #177-D: variable "_fDepth"  was declared but never referenced
  	float a = 0.0,b = 0.0,_fDepth = 0.0;
..\Src\user.c(885): warning:  #550-D: variable "_fTime"  was set but never used
  	float _fTime;
..\Src\user.c(1192): warning:  #177-D: variable "buff"  was declared but never referenced
  	uint8_t buff[20];
..\Src\user.c(1513): warning:  #167-D: argument of type "unsigned char *" is incompatible with parameter of type "char *restrict"
  	sprintf(buff,"%x",_userprv->m_tModelDes.ID);
..\Src\user.c(230): warning:  #177-D: variable "delttimerval"  was declared but never referenced
  static  int delttimerval = 0;
..\Src\user.c: 49 warnings, 0 errors
linking...
Program Size: Code=54192 RO-data=86764 RW-data=472 ZI-data=128600  
"LoggingF407\LoggingF407.axf" - 0 Error(s), 49 Warning(s).

<h2>Software Packages used:</h2>

Package Vendor: ARM
                http://www.keil.com/pack/ARM.CMSIS.4.5.0.pack
                ARM::CMSIS:CORE:4.3.0
                CMSIS (Cortex Microcontroller Software Interface Standard)
   * Component: CORE Version: 4.3.0

<h2>Collection of Component include folders:</h2>
  .\RTE\_LoggingF407
  d:\Keil_v5\ARM\PACK\ARM\CMSIS\4.5.0\CMSIS\Include
  d:\Keil_v5\ARM\PACK\Keil\STM32F4xx_DFP\2.9.0\Drivers\CMSIS\Device\ST\STM32F4xx\Include

<h2>Collection of Component Files used:</h2>

   * Component: ARM::CMSIS:CORE:4.3.0
Build Time Elapsed:  00:00:08
</pre>
</body>
</html>
