Component: ARM Compiler 5.06 update 4 (build 422) Tool: armlink [4d35d2]

==============================================================================

Section Cross References

    stm32f4xx_hal_tim.o(i.HAL_TIM_Base_DeInit) refers to tim.o(i.HAL_TIM_Base_MspDeInit) for HAL_TIM_Base_MspDeInit
    stm32f4xx_hal_tim.o(i.HAL_TIM_Base_Init) refers to tim.o(i.HAL_TIM_Base_MspInit) for HAL_TIM_Base_MspInit
    stm32f4xx_hal_tim.o(i.HAL_TIM_Base_Init) refers to stm32f4xx_hal_tim.o(i.TIM_Base_SetConfig) for TIM_Base_SetConfig
    stm32f4xx_hal_tim.o(i.HAL_TIM_Base_Start_DMA) refers to stm32f4xx_hal_dma.o(i.HAL_DMA_Start_IT) for HAL_DMA_Start_IT
    stm32f4xx_hal_tim.o(i.HAL_TIM_Base_Start_DMA) refers to stm32f4xx_hal_tim.o(i.TIM_DMAPeriodElapsedCplt) for TIM_DMAPeriodElapsedCplt
    stm32f4xx_hal_tim.o(i.HAL_TIM_Base_Start_DMA) refers to stm32f4xx_hal_tim.o(i.TIM_DMAError) for TIM_DMAError
    stm32f4xx_hal_tim.o(i.HAL_TIM_ConfigClockSource) refers to stm32f4xx_hal_tim.o(i.TIM_ETR_SetConfig) for TIM_ETR_SetConfig
    stm32f4xx_hal_tim.o(i.HAL_TIM_ConfigClockSource) refers to stm32f4xx_hal_tim.o(i.TIM_TI1_ConfigInputStage) for TIM_TI1_ConfigInputStage
    stm32f4xx_hal_tim.o(i.HAL_TIM_ConfigClockSource) refers to stm32f4xx_hal_tim.o(i.TIM_TI2_ConfigInputStage) for TIM_TI2_ConfigInputStage
    stm32f4xx_hal_tim.o(i.HAL_TIM_ConfigClockSource) refers to stm32f4xx_hal_tim.o(i.TIM_ITRx_SetConfig) for TIM_ITRx_SetConfig
    stm32f4xx_hal_tim.o(i.HAL_TIM_ConfigOCrefClear) refers to stm32f4xx_hal_tim.o(i.TIM_ETR_SetConfig) for TIM_ETR_SetConfig
    stm32f4xx_hal_tim.o(i.HAL_TIM_DMABurst_ReadStart) refers to stm32f4xx_hal_dma.o(i.HAL_DMA_Start_IT) for HAL_DMA_Start_IT
    stm32f4xx_hal_tim.o(i.HAL_TIM_DMABurst_ReadStart) refers to stm32f4xx_hal_tim.o(i.TIM_DMAError) for TIM_DMAError
    stm32f4xx_hal_tim.o(i.HAL_TIM_DMABurst_ReadStart) refers to stm32f4xx_hal_tim.o(i.TIM_DMACaptureCplt) for TIM_DMACaptureCplt
    stm32f4xx_hal_tim.o(i.HAL_TIM_DMABurst_ReadStart) refers to stm32f4xx_hal_tim.o(i.TIM_DMAPeriodElapsedCplt) for TIM_DMAPeriodElapsedCplt
    stm32f4xx_hal_tim.o(i.HAL_TIM_DMABurst_ReadStart) refers to stm32f4xx_hal_tim_ex.o(i.TIMEx_DMACommutationCplt) for TIMEx_DMACommutationCplt
    stm32f4xx_hal_tim.o(i.HAL_TIM_DMABurst_ReadStart) refers to stm32f4xx_hal_tim.o(i.TIM_DMATriggerCplt) for TIM_DMATriggerCplt
    stm32f4xx_hal_tim.o(i.HAL_TIM_DMABurst_ReadStop) refers to stm32f4xx_hal_dma.o(i.HAL_DMA_Abort) for HAL_DMA_Abort
    stm32f4xx_hal_tim.o(i.HAL_TIM_DMABurst_WriteStart) refers to stm32f4xx_hal_dma.o(i.HAL_DMA_Start_IT) for HAL_DMA_Start_IT
    stm32f4xx_hal_tim.o(i.HAL_TIM_DMABurst_WriteStart) refers to stm32f4xx_hal_tim.o(i.TIM_DMAError) for TIM_DMAError
    stm32f4xx_hal_tim.o(i.HAL_TIM_DMABurst_WriteStart) refers to stm32f4xx_hal_tim.o(i.TIM_DMADelayPulseCplt) for TIM_DMADelayPulseCplt
    stm32f4xx_hal_tim.o(i.HAL_TIM_DMABurst_WriteStart) refers to stm32f4xx_hal_tim.o(i.TIM_DMAPeriodElapsedCplt) for TIM_DMAPeriodElapsedCplt
    stm32f4xx_hal_tim.o(i.HAL_TIM_DMABurst_WriteStart) refers to stm32f4xx_hal_tim_ex.o(i.TIMEx_DMACommutationCplt) for TIMEx_DMACommutationCplt
    stm32f4xx_hal_tim.o(i.HAL_TIM_DMABurst_WriteStart) refers to stm32f4xx_hal_tim.o(i.TIM_DMATriggerCplt) for TIM_DMATriggerCplt
    stm32f4xx_hal_tim.o(i.HAL_TIM_DMABurst_WriteStop) refers to stm32f4xx_hal_dma.o(i.HAL_DMA_Abort) for HAL_DMA_Abort
    stm32f4xx_hal_tim.o(i.HAL_TIM_Encoder_DeInit) refers to tim.o(i.HAL_TIM_Encoder_MspDeInit) for HAL_TIM_Encoder_MspDeInit
    stm32f4xx_hal_tim.o(i.HAL_TIM_Encoder_Init) refers to tim.o(i.HAL_TIM_Encoder_MspInit) for HAL_TIM_Encoder_MspInit
    stm32f4xx_hal_tim.o(i.HAL_TIM_Encoder_Init) refers to stm32f4xx_hal_tim.o(i.TIM_Base_SetConfig) for TIM_Base_SetConfig
    stm32f4xx_hal_tim.o(i.HAL_TIM_Encoder_Start) refers to stm32f4xx_hal_tim.o(i.TIM_CCxChannelCmd) for TIM_CCxChannelCmd
    stm32f4xx_hal_tim.o(i.HAL_TIM_Encoder_Start_DMA) refers to stm32f4xx_hal_dma.o(i.HAL_DMA_Start_IT) for HAL_DMA_Start_IT
    stm32f4xx_hal_tim.o(i.HAL_TIM_Encoder_Start_DMA) refers to stm32f4xx_hal_tim.o(i.TIM_CCxChannelCmd) for TIM_CCxChannelCmd
    stm32f4xx_hal_tim.o(i.HAL_TIM_Encoder_Start_DMA) refers to stm32f4xx_hal_tim.o(i.TIM_DMACaptureCplt) for TIM_DMACaptureCplt
    stm32f4xx_hal_tim.o(i.HAL_TIM_Encoder_Start_DMA) refers to stm32f4xx_hal_tim.o(i.TIM_DMAError) for TIM_DMAError
    stm32f4xx_hal_tim.o(i.HAL_TIM_Encoder_Start_IT) refers to stm32f4xx_hal_tim.o(i.TIM_CCxChannelCmd) for TIM_CCxChannelCmd
    stm32f4xx_hal_tim.o(i.HAL_TIM_Encoder_Stop) refers to stm32f4xx_hal_tim.o(i.TIM_CCxChannelCmd) for TIM_CCxChannelCmd
    stm32f4xx_hal_tim.o(i.HAL_TIM_Encoder_Stop_DMA) refers to stm32f4xx_hal_tim.o(i.TIM_CCxChannelCmd) for TIM_CCxChannelCmd
    stm32f4xx_hal_tim.o(i.HAL_TIM_Encoder_Stop_IT) refers to stm32f4xx_hal_tim.o(i.TIM_CCxChannelCmd) for TIM_CCxChannelCmd
    stm32f4xx_hal_tim.o(i.HAL_TIM_IC_ConfigChannel) refers to stm32f4xx_hal_tim.o(i.TIM_TI1_SetConfig) for TIM_TI1_SetConfig
[...]
    Lcd_WriteData_16Bit                      0x08004975   Thumb Code    20  lcd.o(i.Lcd_WriteData_16Bit)
    Lcd_WriteIndex                           0x08004989   Thumb Code    32  lcd.o(i.Lcd_WriteIndex)
    MX_ADC1_Init                             0x080049b1   Thumb Code    76  adc.o(i.MX_ADC1_Init)
    MX_GPIO_Init                             0x08004a09   Thumb Code   600  gpio.o(i.MX_GPIO_Init)
    MX_LWIP_Init                             0x08004c89   Thumb Code   360  lwip.o(i.MX_LWIP_Init)
    MX_SPI3_Init                             0x08004e09   Thumb Code    60  spi.o(i.MX_SPI3_Init)
    MX_TIM1_Init                             0x08004e4d   Thumb Code    84  tim.o(i.MX_TIM1_Init)
    MX_TIM2_Init                             0x08004ea9   Thumb Code    78  tim.o(i.MX_TIM2_Init)
    MX_TIM3_Init                             0x08004efd   Thumb Code    80  tim.o(i.MX_TIM3_Init)
    MX_TIM4_Init                             0x08004f55   Thumb Code    86  tim.o(i.MX_TIM4_Init)
    MX_TIM5_Init                             0x08004fb5   Thumb Code    80  tim.o(i.MX_TIM5_Init)
    MX_USART1_UART_Init                      0x0800500d   Thumb Code    48  usart.o(i.MX_USART1_UART_Init)
    MX_USB_DEVICE_Init                       0x08005045   Thumb Code    38  usb_device.o(i.MX_USB_DEVICE_Init)
    MemManage_Handler                        0x0800507d   Thumb Code     2  stm32f4xx_it.o(i.MemManage_Handler)
    NMI_Handler                              0x0800507f   Thumb Code     2  stm32f4xx_it.o(i.NMI_Handler)
    OTG_FS_IRQHandler                        0x080050a1   Thumb Code     6  stm32f4xx_it.o(i.OTG_FS_IRQHandler)
    PendSV_Handler                           0x08005135   Thumb Code     2  stm32f4xx_it.o(i.PendSV_Handler)
    Read_Data_From_FPGA                      0x08005139   Thumb Code    60  exit.o(i.Read_Data_From_FPGA)
    Read_Flash                               0x0800517d   Thumb Code    74  flash.o(i.Read_Flash)
    Read_MoRen_Val                           0x080051cd   Thumb Code   222  user.o(i.Read_MoRen_Val)
    SVC_Handler                              0x0800536f   Thumb Code     2  stm32f4xx_it.o(i.SVC_Handler)
    Send_Data_To_FPGA_DoubleCmd              0x08005371   Thumb Code   160  exit.o(i.Send_Data_To_FPGA_DoubleCmd)
    Send_Data_To_FPGA_OneCmd                 0x0800541d   Thumb Code    98  exit.o(i.Send_Data_To_FPGA_OneCmd)
    Send_Moudel                              0x08005489   Thumb Code    10  user.o(i.Send_Moudel)
    Set_Baud                                 0x08005495   Thumb Code    62  exit.o(i.Set_Baud)
    Set_IP                                   0x080054d9   Thumb Code   504  user.o(i.Set_IP)
    Show_IP_Config                           0x08005735   Thumb Code   276  lcd.o(i.Show_IP_Config)
    Show_Num                                 0x08005891   Thumb Code    56  lcd.o(i.Show_Num)
    Show_Num_float                           0x080058cd   Thumb Code   110  lcd.o(i.Show_Num_float)
    Show_One_Line_Parameter                  0x08005945   Thumb Code   212  lcd.o(i.Show_One_Line_Parameter)
    Show_One_Minate                          0x08005a21   Thumb Code    88  lcd.o(i.Show_One_Minate)
    SysTick_Handler                          0x08005a79   Thumb Code    14  stm32f4xx_it.o(i.SysTick_Handler)
    SystemClock_Config                       0x08005a89   Thumb Code   156  main.o(i.SystemClock_Config)
    SystemInit                               0x08005b2d   Thumb Code    66  system_stm32f4xx.o(i.SystemInit)
    TCP_server_IN                            0x08005b81   Thumb Code    40  server.o(i.TCP_server_IN)
    TCP_server_init                          0x08005ba9   Thumb Code    42  server.o(i.TCP_server_init)
    TCP_server_out                           0x08005be1   Thumb Code    26  server.o(i.TCP_server_out)
    TIM1_UP_TIM10_IRQHandler                 0x08005c01   Thumb Code   162  stm32f4xx_it.o(i.TIM1_UP_TIM10_IRQHandler)
    TIM3_IRQHandler                          0x08005cbd   Thumb Code    46  stm32f4xx_it.o(i.TIM3_IRQHandler)
    TIM4_IRQHandler                          0x08005cf5   Thumb Code    54  stm32f4xx_it.o(i.TIM4_IRQHandler)
    TIM_Base_SetConfig                       0x08005d35   Thumb Code   148  stm32f4xx_hal_tim.o(i.TIM_Base_SetConfig)
    TIM_CCxChannelCmd                        0x08005df5   Thumb Code    22  stm32f4xx_hal_tim.o(i.TIM_CCxChannelCmd)
    Trans_Data                               0x08005e75   Thumb Code  1814  user.o(i.Trans_Data)
    USART1_IRQHandler                        0x08006845   Thumb Code   122  stm32f4xx_it.o(i.USART1_IRQHandler)
    USBD_CUSTOM_HID_RegisterInterface        0x080069b3   Thumb Code    16  usbd_customhid.o(i.USBD_CUSTOM_HID_RegisterInterface)
    USBD_CUSTOM_HID_SendReport               0x080069c3   Thumb Code    36  usbd_customhid.o(i.USBD_CUSTOM_HID_SendReport)
    USBD_ClrClassConfig                      0x08006aa1   Thumb Code    14  usbd_core.o(i.USBD_ClrClassConfig)
    USBD_CtlContinueRx                       0x08006aaf   Thumb Code    16  usbd_ioreq.o(i.USBD_CtlContinueRx)
    USBD_CtlContinueSendData                 0x08006abf   Thumb Code    16  usbd_ioreq.o(i.USBD_CtlContinueSendData)
    USBD_CtlError                            0x08006acf   Thumb Code    22  usbd_ctlreq.o(i.USBD_CtlError)
    USBD_CtlPrepareRx                        0x08006ae5   Thumb Code    30  usbd_ioreq.o(i.USBD_CtlPrepareRx)
    USBD_CtlReceiveStatus                    0x08006b03   Thumb Code    22  usbd_ioreq.o(i.USBD_CtlReceiveStatus)
    USBD_CtlSendData                         0x08006b19   Thumb Code    26  usbd_ioreq.o(i.USBD_CtlSendData)
    USBD_CtlSendStatus                       0x08006b33   Thumb Code    22  usbd_ioreq.o(i.USBD_CtlSendStatus)
    USBD_FS_ConfigStrDescriptor              0x08006b49   Thumb Code    16  usbd_desc.o(i.USBD_FS_ConfigStrDescriptor)
    USBD_FS_DeviceDescriptor                 0x08006b71   Thumb Code     8  usbd_desc.o(i.USBD_FS_DeviceDescriptor)
    USBD_FS_InterfaceStrDescriptor           0x08006b7d   Thumb Code    16  usbd_desc.o(i.USBD_FS_InterfaceStrDescriptor)
    USBD_FS_LangIDStrDescriptor              0x08006ba9   Thumb Code     8  usbd_desc.o(i.USBD_FS_LangIDStrDescriptor)
    USBD_FS_ManufacturerStrDescriptor        0x08006bb5   Thumb Code    16  usbd_desc.o(i.USBD_FS_ManufacturerStrDescriptor)
    USBD_FS_ProductStrDescriptor             0x08006bdd   Thumb Code    16  usbd_desc.o(i.USBD_FS_ProductStrDescriptor)
    USBD_FS_SerialStrDescriptor              0x08006c11   Thumb Code    16  usbd_desc.o(i.USBD_FS_SerialStrDescriptor)
    USBD_GetString                           0x08006d27   Thumb Code    70  usbd_ctlreq.o(i.USBD_GetString)
    USBD_Init                                0x08006d6d   Thumb Code    42  usbd_core.o(i.USBD_Init)
    USBD_LL_ClearStallEP                     0x08006d97   Thumb Code    32  usbd_conf.o(i.USBD_LL_ClearStallEP)
    USBD_LL_CloseEP                          0x08006db7   Thumb Code    32  usbd_conf.o(i.USBD_LL_CloseEP)
    USBD_LL_DataInStage                      0x08006dd7   Thumb Code   170  usbd_core.o(i.USBD_LL_DataInStage)
    USBD_LL_DataOutStage                     0x08006e81   Thumb Code   106  usbd_core.o(i.USBD_LL_DataOutStage)
    USBD_LL_DevConnected                     0x08006eeb   Thumb Code     4  usbd_core.o(i.USBD_LL_DevConnected)
    USBD_LL_DevDisconnected                  0x08006eef   Thumb Code    22  usbd_core.o(i.USBD_LL_DevDisconnected)
    USBD_LL_Init                             0x08006f05   Thumb Code    94  usbd_conf.o(i.USBD_LL_Init)
    USBD_LL_IsStallEP                        0x08006f69   Thumb Code    32  usbd_conf.o(i.USBD_LL_IsStallEP)
    USBD_LL_IsoINIncomplete                  0x08006f89   Thumb Code     4  usbd_core.o(i.USBD_LL_IsoINIncomplete)
    USBD_LL_IsoOUTIncomplete                 0x08006f8d   Thumb Code     4  usbd_core.o(i.USBD_LL_IsoOUTIncomplete)
    USBD_LL_OpenEP                           0x08006f91   Thumb Code    38  usbd_conf.o(i.USBD_LL_OpenEP)
    USBD_LL_PrepareReceive                   0x08006fb7   Thumb Code    32  usbd_conf.o(i.USBD_LL_PrepareReceive)
    USBD_LL_Reset                            0x08006fd7   Thumb Code    62  usbd_core.o(i.USBD_LL_Reset)
    USBD_LL_Resume                           0x08007015   Thumb Code    12  usbd_core.o(i.USBD_LL_Resume)
    USBD_LL_SOF                              0x08007021   Thumb Code    24  usbd_core.o(i.USBD_LL_SOF)
    USBD_LL_SetSpeed                         0x08007039   Thumb Code     6  usbd_core.o(i.USBD_LL_SetSpeed)
    USBD_LL_SetUSBAddress                    0x0800703f   Thumb Code    32  usbd_conf.o(i.USBD_LL_SetUSBAddress)
    USBD_LL_SetupStage                       0x0800705f   Thumb Code    90  usbd_core.o(i.USBD_LL_SetupStage)
    USBD_LL_StallEP                          0x080070b9   Thumb Code    32  usbd_conf.o(i.USBD_LL_StallEP)
    USBD_LL_Start                            0x080070d9   Thumb Code    32  usbd_conf.o(i.USBD_LL_Start)
    USBD_LL_Suspend                          0x080070f9   Thumb Code    18  usbd_core.o(i.USBD_LL_Suspend)
    USBD_LL_Transmit                         0x0800710b   Thumb Code    32  usbd_conf.o(i.USBD_LL_Transmit)
    USBD_ParseSetupRequest                   0x0800712b   Thumb Code    40  usbd_ctlreq.o(i.USBD_ParseSetupRequest)
    USBD_RegisterClass                       0x08007153   Thumb Code    16  usbd_core.o(i.USBD_RegisterClass)
    USBD_SetClassConfig                      0x08007163   Thumb Code    22  usbd_core.o(i.USBD_SetClassConfig)
    USBD_Start                               0x080071ed   Thumb Code    10  usbd_core.o(i.USBD_Start)
    USBD_StdDevReq                           0x080071f7   Thumb Code   242  usbd_ctlreq.o(i.USBD_StdDevReq)
    USBD_StdEPReq                            0x080072e9   Thumb Code   220  usbd_ctlreq.o(i.USBD_StdEPReq)
    USBD_StdItfReq                           0x080073c5   Thumb Code    52  usbd_ctlreq.o(i.USBD_StdItfReq)
    USB_ActivateEndpoint                     0x080073f9   Thumb Code   122  stm32f4xx_ll_usb.o(i.USB_ActivateEndpoint)
    USB_ActivateSetup                        0x08007479   Thumb Code    52  stm32f4xx_ll_usb.o(i.USB_ActivateSetup)
    USB_CoreInit                             0x080074ad   Thumb Code   104  stm32f4xx_ll_usb.o(i.USB_CoreInit)
    USB_DeactivateEndpoint                   0x08007551   Thumb Code   196  stm32f4xx_ll_usb.o(i.USB_DeactivateEndpoint)
    USB_DevConnect                           0x08007619   Thumb Code    24  stm32f4xx_ll_usb.o(i.USB_DevConnect)
    USB_DevDisconnect                        0x08007631   Thumb Code    24  stm32f4xx_ll_usb.o(i.USB_DevDisconnect)
    USB_DevInit                              0x08007649   Thumb Code   302  stm32f4xx_ll_usb.o(i.USB_DevInit)
    USB_DisableGlobalInt                     0x08007789   Thumb Code    12  stm32f4xx_ll_usb.o(i.USB_DisableGlobalInt)
    USB_EP0StartXfer                         0x08007795   Thumb Code   316  stm32f4xx_ll_usb.o(i.USB_EP0StartXfer)
    USB_EP0_OutStart                         0x080078d5   Thumb Code    62  stm32f4xx_ll_usb.o(i.USB_EP0_OutStart)
    USB_EPClearStall                         0x08007913   Thumb Code   100  stm32f4xx_ll_usb.o(i.USB_EPClearStall)
    USB_EPSetStall                           0x08007977   Thumb Code    94  stm32f4xx_ll_usb.o(i.USB_EPSetStall)
    USB_EPStartXfer                          0x080079d5   Thumb Code   534  stm32f4xx_ll_usb.o(i.USB_EPStartXfer)
    USB_EnableGlobalInt                      0x08007bf1   Thumb Code    12  stm32f4xx_ll_usb.o(i.USB_EnableGlobalInt)
    USB_FlushRxFifo                          0x08007bfd   Thumb Code    28  stm32f4xx_ll_usb.o(i.USB_FlushRxFifo)
    USB_FlushTxFifo                          0x08007c1d   Thumb Code    32  stm32f4xx_ll_usb.o(i.USB_FlushTxFifo)
    USB_GetDevSpeed                          0x08007c41   Thumb Code    60  stm32f4xx_ll_usb.o(i.USB_GetDevSpeed)
    USB_GetMode                              0x08007c7d   Thumb Code     8  stm32f4xx_ll_usb.o(i.USB_GetMode)
    USB_ReadDevAllInEpInterrupt              0x08007c85   Thumb Code    14  stm32f4xx_ll_usb.o(i.USB_ReadDevAllInEpInterrupt)
    USB_ReadDevAllOutEpInterrupt             0x08007c93   Thumb Code    14  stm32f4xx_ll_usb.o(i.USB_ReadDevAllOutEpInterrupt)
    USB_ReadDevInEPInterrupt                 0x08007ca1   Thumb Code    30  stm32f4xx_ll_usb.o(i.USB_ReadDevInEPInterrupt)
    USB_ReadDevOutEPInterrupt                0x08007cbf   Thumb Code    16  stm32f4xx_ll_usb.o(i.USB_ReadDevOutEPInterrupt)
    USB_ReadInterrupts                       0x08007ccf   Thumb Code     8  stm32f4xx_ll_usb.o(i.USB_ReadInterrupts)
    USB_ReadPacket                           0x08007cd7   Thumb Code    32  stm32f4xx_ll_usb.o(i.USB_ReadPacket)
    USB_SetCurrentMode                       0x08007cf7   Thumb Code    44  stm32f4xx_ll_usb.o(i.USB_SetCurrentMode)
    USB_SetDevAddress                        0x08007d23   Thumb Code    34  stm32f4xx_ll_usb.o(i.USB_SetDevAddress)
    USB_WritePacket                          0x08007d45   Thumb Code    40  stm32f4xx_ll_usb.o(i.USB_WritePacket)
    UsageFault_Handler                       0x08007d6d   Thumb Code     2  stm32f4xx_it.o(i.UsageFault_Handler)
    Welcome_Page                             0x08007d71   Thumb Code   126  user.o(i.Welcome_Page)
    Write_FLASH                              0x08007e1d   Thumb Code   264  flash.o(i.Write_FLASH)
    Write_MoRen_Val                          0x08007f35   Thumb Code   122  user.o(i.Write_MoRen_Val)
    Z_Y_TestFunc                             0x08007fb5   Thumb Code  1534  user.o(i.Z_Y_TestFunc)
    Zhongzi_Yama_Data_Init                   0x080085b9   Thumb Code   144  user.o(i.Zhongzi_Yama_Data_Init)
    __0sprintf                               0x08008649   Thumb Code    34  printfa.o(i.__0sprintf)
    __1sprintf                               0x08008649   Thumb Code     0  printfa.o(i.__0sprintf)
    __2sprintf                               0x08008649   Thumb Code     0  printfa.o(i.__0sprintf)
    __c89sprintf                             0x08008649   Thumb Code     0  printfa.o(i.__0sprintf)
    sprintf                                  0x08008649   Thumb Code     0  printfa.o(i.__0sprintf)
    __scatterload_copy                       0x08008671   Thumb Code    14  handlers.o(i.__scatterload_copy)
    __scatterload_null                       0x0800867f   Thumb Code     2  handlers.o(i.__scatterload_null)
    __scatterload_zeroinit                   0x08008681   Thumb Code    14  handlers.o(i.__scatterload_zeroinit)
    _analyse_                                0x0800868f   Thumb Code   352  user.o(i._analyse_)
    etharp_cleanup_netif                     0x080090e5   Thumb Code    42  etharp.o(i.etharp_cleanup_netif)
    etharp_input                             0x08009215   Thumb Code   160  etharp.o(i.etharp_input)
    etharp_output                            0x080092b5   Thumb Code   224  etharp.o(i.etharp_output)
    etharp_query                             0x08009401   Thumb Code   232  etharp.o(i.etharp_query)
    etharp_request                           0x08009579   Thumb Code     6  etharp.o(i.etharp_request)
    etharp_tmr                               0x080095a5   Thumb Code    92  etharp.o(i.etharp_tmr)
    ethernet_input                           0x08009685   Thumb Code   154  ethernet.o(i.ethernet_input)
    ethernet_output                          0x08009725   Thumb Code    74  ethernet.o(i.ethernet_output)
    ethernetif_init                          0x08009771   Thumb Code    30  ethernetif.o(i.ethernetif_init)
    ethernetif_input                         0x08009799   Thumb Code    34  ethernetif.o(i.ethernetif_input)
    free                                     0x080097bd   Thumb Code    76  malloc.o(i.free)
    icmp_dest_unreach                        0x0800980d   Thumb Code     8  icmp.o(i.icmp_dest_unreach)
    icmp_input                               0x08009815   Thumb Code   240  icmp.o(i.icmp_input)
    icmp_time_exceeded                       0x08009975   Thumb Code     8  icmp.o(i.icmp_time_exceeded)
    ip4_addr_isbroadcast_u32                 0x0800997d   Thumb Code    46  ip4_addr.o(i.ip4_addr_isbroadcast_u32)
    ip4_frag                                 0x080099ad   Thumb Code   342  ip4_frag.o(i.ip4_frag)
    ip4_input                                0x08009b09   Thumb Code   390  ip4.o(i.ip4_input)
    ip4_output_if                            0x08009c99   Thumb Code    30  ip4.o(i.ip4_output_if)
    ip4_output_if_src                        0x08009cb9   Thumb Code   160  ip4.o(i.ip4_output_if_src)
    ip4_reass                                0x08009d61   Thumb Code   396  ip4_frag.o(i.ip4_reass)
    ip4_route                                0x08009ef1   Thumb Code    82  ip4.o(i.ip4_route)
    ip_reass_tmr                             0x0800a155   Thumb Code    40  ip4_frag.o(i.ip_reass_tmr)
    lwip_htonl                               0x0800a3c5   Thumb Code     4  def.o(i.lwip_htonl)
    lwip_htons                               0x0800a3c9   Thumb Code     4  def.o(i.lwip_htons)
    lwip_init                                0x0800a3cd   Thumb Code    26  init.o(i.lwip_init)
    main                                     0x0800a3e9   Thumb Code   394  main.o(i.main)
    malloc                                   0x0800a5a9   Thumb Code    92  malloc.o(i.malloc)
    mem_free                                 0x0800a615   Thumb Code    40  mem.o(i.mem_free)
    mem_init                                 0x0800a641   Thumb Code    42  mem.o(i.mem_init)
    mem_malloc                               0x0800a675   Thumb Code   162  mem.o(i.mem_malloc)
    mem_trim                                 0x0800a71d   Thumb Code   200  mem.o(i.mem_trim)
    memp_free                                0x0800a7e9   Thumb Code    20  memp.o(i.memp_free)
    memp_init                                0x0800a801   Thumb Code    26  memp.o(i.memp_init)
    memp_init_pool                           0x0800a821   Thumb Code    42  memp.o(i.memp_init_pool)
    memp_malloc                              0x0800a84d   Thumb Code    18  memp.o(i.memp_malloc)
    netif_add                                0x0800a865   Thumb Code    74  netif.o(i.netif_add)
    netif_init                               0x0800a8b5   Thumb Code     2  netif.o(i.netif_init)
    netif_set_addr                           0x0800a8d1   Thumb Code    72  netif.o(i.netif_set_addr)
    netif_set_default                        0x0800a919   Thumb Code     6  netif.o(i.netif_set_default)
    netif_set_down                           0x0800a925   Thumb Code    26  netif.o(i.netif_set_down)
    netif_set_gw                             0x0800a93f   Thumb Code     8  netif.o(i.netif_set_gw)
    netif_set_ipaddr                         0x0800a949   Thumb Code    52  netif.o(i.netif_set_ipaddr)
    netif_set_netmask                        0x0800a981   Thumb Code     8  netif.o(i.netif_set_netmask)
    netif_set_up                             0x0800a989   Thumb Code    28  netif.o(i.netif_set_up)
    pbuf_alloc                               0x0800a9a5   Thumb Code   290  pbuf.o(i.pbuf_alloc)
    pbuf_alloced_custom                      0x0800aacd   Thumb Code    82  pbuf.o(i.pbuf_alloced_custom)
    pbuf_cat                                 0x0800ab1f   Thumb Code    40  pbuf.o(i.pbuf_cat)
    pbuf_clen                                0x0800ab47   Thumb Code    18  pbuf.o(i.pbuf_clen)
    pbuf_copy                                0x0800ab59   Thumb Code   154  pbuf.o(i.pbuf_copy)
    pbuf_copy_partial                        0x0800abf3   Thumb Code   104  pbuf.o(i.pbuf_copy_partial)
    pbuf_free                                0x0800ac5b   Thumb Code    80  pbuf.o(i.pbuf_free)
    pbuf_free_ooseq                          0x0800acad   Thumb Code    34  pbuf.o(i.pbuf_free_ooseq)
    pbuf_header                              0x0800acd9   Thumb Code     6  pbuf.o(i.pbuf_header)
    pbuf_header_force                        0x0800acdf   Thumb Code     6  pbuf.o(i.pbuf_header_force)
    pbuf_realloc                             0x0800ad49   Thumb Code    84  pbuf.o(i.pbuf_realloc)
    pbuf_ref                                 0x0800ad9d   Thumb Code    12  pbuf.o(i.pbuf_ref)
    showimage                                0x0800adfd   Thumb Code    64  lcd.o(i.showimage)
    sys_check_timeouts                       0x0800ae3d   Thumb Code    80  timeouts.o(i.sys_check_timeouts)
    sys_now                                  0x0800ae95   Thumb Code     4  ethernetif.o(i.sys_now)
    sys_timeout                              0x0800ae99   Thumb Code   140  timeouts.o(i.sys_timeout)
    sys_timeouts_init                        0x0800af29   Thumb Code    38  timeouts.o(i.sys_timeouts_init)
    tcp_abandon                              0x0800af5d   Thumb Code   208  tcp.o(i.tcp_abandon)
    tcp_abort                                0x0800b031   Thumb Code     6  tcp.o(i.tcp_abort)
    tcp_accept                               0x0800b037   Thumb Code    14  tcp.o(i.tcp_accept)
    tcp_alloc                                0x0800b055   Thumb Code   248  tcp.o(i.tcp_alloc)
    tcp_bind                                 0x0800b159   Thumb Code   134  tcp.o(i.tcp_bind)
    tcp_close                                0x0800b1ed   Thumb Code    20  tcp.o(i.tcp_close)
    tcp_eff_send_mss_impl                    0x0800b3fd   Thumb Code    34  tcp.o(i.tcp_eff_send_mss_impl)
    tcp_enqueue_flags                        0x0800b41f   Thumb Code   146  tcp_out.o(i.tcp_enqueue_flags)
    tcp_fasttmr                              0x0800b4b1   Thumb Code    84  tcp.o(i.tcp_fasttmr)
    tcp_init                                 0x0800b539   Thumb Code     2  tcp.o(i.tcp_init)
    tcp_input                                0x0800b53d   Thumb Code   852  tcp_in.o(i.tcp_input)
    tcp_keepalive                            0x0800b8a9   Thumb Code    82  tcp_out.o(i.tcp_keepalive)
    tcp_listen_with_backlog                  0x0800ba25   Thumb Code   124  tcp.o(i.tcp_listen_with_backlog)
    tcp_netif_ip_addr_changed                0x0800baa9   Thumb Code    72  tcp.o(i.tcp_netif_ip_addr_changed)
    tcp_new                                  0x0800bb17   Thumb Code     6  tcp.o(i.tcp_new)
    tcp_next_iss                             0x0800bb79   Thumb Code    12  tcp.o(i.tcp_next_iss)
    tcp_output                               0x0800bc01   Thumb Code   452  tcp_out.o(i.tcp_output)
    tcp_pcb_purge                            0x0800bf9f   Thumb Code    66  tcp.o(i.tcp_pcb_purge)
    tcp_pcb_remove                           0x0800bfe1   Thumb Code    80  tcp.o(i.tcp_pcb_remove)
    tcp_process_refused_data                 0x0800c3a1   Thumb Code   110  tcp.o(i.tcp_process_refused_data)
    tcp_recv                                 0x0800cad5   Thumb Code    10  tcp.o(i.tcp_recv)
    tcp_recv_null                            0x0800cadf   Thumb Code    36  tcp.o(i.tcp_recv_null)
    tcp_recved                               0x0800cb03   Thumb Code    66  tcp.o(i.tcp_recved)
    tcp_rexmit                               0x0800cb45   Thumb Code    82  tcp_out.o(i.tcp_rexmit)
    tcp_rexmit_fast                          0x0800cb97   Thumb Code    92  tcp_out.o(i.tcp_rexmit_fast)
    tcp_rexmit_rto                           0x0800cbf3   Thumb Code    46  tcp_out.o(i.tcp_rexmit_rto)
    tcp_rst                                  0x0800cc21   Thumb Code   128  tcp_out.o(i.tcp_rst)
    tcp_seg_copy                             0x0800cca1   Thumb Code    40  tcp.o(i.tcp_seg_copy)
    tcp_seg_free                             0x0800ccc9   Thumb Code    28  tcp.o(i.tcp_seg_free)
    tcp_segs_free                            0x0800cce5   Thumb Code    18  tcp.o(i.tcp_segs_free)
    tcp_send_empty_ack                       0x0800ccf7   Thumb Code   114  tcp_out.o(i.tcp_send_empty_ack)
    tcp_send_fin                             0x0800cd69   Thumb Code    68  tcp_out.o(i.tcp_send_fin)
    tcp_setprio                              0x0800ce2d   Thumb Code     4  tcp.o(i.tcp_setprio)
    tcp_slowtmr                              0x0800ce31   Thumb Code   624  tcp.o(i.tcp_slowtmr)
    tcp_timer_needed                         0x0800d0b1   Thumb Code    36  timeouts.o(i.tcp_timer_needed)
    tcp_tmr                                  0x0800d14d   Thumb Code    28  tcp.o(i.tcp_tmr)
    tcp_trigger_input_pcb_close              0x0800d16d   Thumb Code    12  tcp_in.o(i.tcp_trigger_input_pcb_close)
    tcp_update_rcv_ann_wnd                   0x0800d17d   Thumb Code    52  tcp.o(i.tcp_update_rcv_ann_wnd)
    tcp_write                                0x0800d1b1   Thumb Code   752  tcp_out.o(i.tcp_write)
    tcp_zero_window_probe                    0x0800d4a1   Thumb Code   180  tcp_out.o(i.tcp_zero_window_probe)
    gImage_start                             0x0800d58c   Data       77448  user.o(.constdata)
    asc16                                    0x08020414   Data        1521  lcd.o(.constdata)
    sz32                                     0x08020a05   Data        1921  lcd.o(.constdata)
    hz16                                     0x08021186   Data        1870  lcd.o(.constdata)
    hz24                                     0x080218d4   Data        3182  lcd.o(.constdata)
    AHBPrescTable                            0x08022542   Data          16  system_stm32f4xx.o(.constdata)
    APBPrescTable                            0x08022552   Data           8  system_stm32f4xx.o(.constdata)
    memp_TCP_PCB                             0x0802255c   Data          12  memp.o(.constdata)
    memp_TCP_PCB_LISTEN                      0x08022568   Data          12  memp.o(.constdata)
    memp_TCP_SEG                             0x08022574   Data          12  memp.o(.constdata)
    memp_REASSDATA                           0x08022580   Data          12  memp.o(.constdata)
    memp_FRAG_PBUF                           0x0802258c   Data          12  memp.o(.constdata)
    memp_SYS_TIMEOUT                         0x08022598   Data          12  memp.o(.constdata)
    memp_PBUF                                0x080225a4   Data          12  memp.o(.constdata)
    memp_PBUF_POOL                           0x080225b0   Data          12  memp.o(.constdata)
    memp_pools                               0x080225bc   Data          32  memp.o(.constdata)
    tcp_pcb_lists                            0x08022620   Data          16  tcp.o(.constdata)
    lwip_cyclic_timers                       0x08022630   Data          24  timeouts.o(.constdata)
    ip_addr_any                              0x08022648   Data           4  ip4_addr.o(.constdata)
    ethbroadcast                             0x0802264c   Data           6  ethernet.o(.constdata)
    ethzero                                  0x08022652   Data           6  ethernet.o(.constdata)
    Region$$Table$$Base                      0x080226d0   Number         0  anon$$obj.o(Region$$Table)
    Region$$Table$$Limit                     0x080226f0   Number         0  anon$$obj.o(Region$$Table)
    uwTick                                   0x20000000   Data           4  stm32f4xx_hal.o(.data)
    ALWAYS_FLAY                              0x20000004   Data           1  main.o(.data)
    Test5000Meter_Flag                       0x20000005   Data           1  main.o(.data)
    FS_Desc                                  0x20000010   Data          28  usbd_desc.o(.data)
    USBD_LangIDDesc                          0x2000002c   Data           4  usbd_desc.o(.data)
    USBD_FS_DeviceDesc                       0x20000030   Data          18  usbd_desc.o(.data)
    USBD_CustomHID_fops_FS                   0x20000068   Data          16  usbd_custom_hid_if.o(.data)
    ipaddr                                   0x20000078   Data           4  lwip.o(.data)
    netmask                                  0x2000007c   Data           4  lwip.o(.data)
    gw                                       0x20000080   Data           4  lwip.o(.data)
    IP_ADDRESS                               0x20000084   Data           4  lwip.o(.data)
    NETMASK_ADDRESS                          0x20000088   Data           4  lwip.o(.data)
    GATEWAY_ADDRESS                          0x2000008c   Data           4  lwip.o(.data)
    PCB                                      0x20000090   Data           4  server.o(.data)
    temp                                     0x200000a4   Data           4  user.o(.data)
    temp1                                    0x200000a8   Data           4  user.o(.data)
    SystemCoreClock                          0x200000b0   Data           4  system_stm32f4xx.o(.data)
    tcp_input_pcb                            0x200000dc   Data           4  tcp_in.o(.data)
    pbuf_free_ooseq_pending                  0x20000100   Data           1  pbuf.o(.data)
    tcp_active_pcbs_changed                  0x20000104   Data           1  tcp.o(.data)
    tcp_ticks                                0x20000110   Data           4  tcp.o(.data)
    tcp_bound_pcbs                           0x20000114   Data           4  tcp.o(.data)
    tcp_listen_pcbs                          0x20000118   Data           4  tcp.o(.data)
    tcp_active_pcbs                          0x2000011c   Data           4  tcp.o(.data)
    tcp_tw_pcbs                              0x20000120   Data           4  tcp.o(.data)
    netif_list                               0x20000128   Data           4  netif.o(.data)
    netif_default                            0x2000012c   Data           4  netif.o(.data)
    USBD_CUSTOM_HID                          0x20000150   Data          60  usbd_customhid.o(.data)
    __microlib_freelist                      0x200001d0   Data           4  mvars.o(.data)
    __microlib_freelist_initialised          0x200001d4   Data           4  mvars.o(.data)
    pFlash                                   0x200001d8   Data          32  stm32f4xx_hal_flash.o(.bss)
    hpcd_USB_OTG_FS                          0x200001f8   Data        1008  usbd_conf.o(.bss)
    USBD_StrDesc                             0x200005e8   Data         512  usbd_desc.o(.bss)
    DMARxDscrTab                             0x200007e8   Data         128  ethernetif.o(.bss)
    DMATxDscrTab                             0x20000868   Data         128  ethernetif.o(.bss)
    Rx_Buff                                  0x200008e8   Data        6096  ethernetif.o(.bss)
    Tx_Buff                                  0x200020b8   Data        6096  ethernetif.o(.bss)
    heth                                     0x20003888   Data          72  ethernetif.o(.bss)
    hUsbDeviceFS                             0x200038d0   Data         548  usb_device.o(.bss)
    gnetif                                   0x20003af4   Data          48  lwip.o(.bss)
    databuff1                                0x20003b24   Data          50  user.o(.bss)
    databuff                                 0x20003b56   Data          30  user.o(.bss)
    m_userprv                                0x20003b74   Data        8492  user.o(.bss)
    htim1                                    0x20005ca0   Data          60  tim.o(.bss)
    htim2                                    0x20005cdc   Data          60  tim.o(.bss)
    htim3                                    0x20005d18   Data          60  tim.o(.bss)
    htim4                                    0x20005d54   Data          60  tim.o(.bss)
    htim5                                    0x20005d90   Data          60  tim.o(.bss)
    hadc1                                    0x20005dcc   Data          72  adc.o(.bss)
    hspi3                                    0x20005e14   Data          88  spi.o(.bss)
    huart1                                   0x20005e6c   Data          64  usart.o(.bss)
    memp_memory_TCP_PCB_base                 0x20005ed0   Data         763  memp.o(.bss)
    memp_memory_TCP_PCB_LISTEN_base          0x200061cb   Data         227  memp.o(.bss)
    memp_memory_TCP_SEG_base                 0x200062ae   Data        8003  memp.o(.bss)
    memp_memory_REASSDATA_base               0x200081f1   Data         163  memp.o(.bss)
    memp_memory_FRAG_PBUF_base               0x20008294   Data         363  memp.o(.bss)
    memp_memory_SYS_TIMEOUT_base             0x200083ff   Data          51  memp.o(.bss)
    memp_memory_PBUF_base                    0x20008432   Data         803  memp.o(.bss)
    memp_memory_PBUF_POOL_base               0x20008755   Data       76603  memp.o(.bss)
    ip_data                                  0x2001b290   Data          24  ip.o(.bss)
    ram_heap                                 0x2001b2a8   Data       16019  mem.o(.bss)
    __heap_base                              0x2001f230   Data           0  startup_stm32f407xx.o(HEAP)
    __heap_limit                             0x2001f430   Data           0  startup_stm32f407xx.o(HEAP)
    __initial_sp                             0x2001f830   Data           0  startup_stm32f407xx.o(STACK)



==============================================================================

Memory Map of the image

  Image Entry point : 0x08000189

  Load Region LR_IROM1 (Base: 0x08000000, Size: 0x000228c8, Max: 0x00080000, ABSOLUTE, COMPRESSED[0x000227a4])

    Execution Region ER_IROM1 (Base: 0x08000000, Size: 0x000226f0, Max: 0x00080000, ABSOLUTE)

    Base Addr    Size         Type   Attr      Idx    E Section Name        Object

    0x08000000   0x00000188   Data   RO         5754    RESET               startup_stm32f407xx.o
    0x08000188   0x00000000   Code   RO         8933  * .ARM.Collect$$$$00000000  mc_w.l(entry.o)
    0x08000188   0x00000004   Code   RO         9253    .ARM.Collect$$$$00000001  mc_w.l(entry2.o)
    0x0800018c   0x00000004   Code   RO         9256    .ARM.Collect$$$$00000004  mc_w.l(entry5.o)
    0x08000190   0x00000000   Code   RO         9258    .ARM.Collect$$$$00000008  mc_w.l(entry7b.o)
    0x08000190   0x00000000   Code   RO         9260    .ARM.Collect$$$$0000000A  mc_w.l(entry8b.o)
    0x08000190   0x00000008   Code   RO         9261    .ARM.Collect$$$$0000000B  mc_w.l(entry9a.o)
    0x08000198   0x00000000   Code   RO         9263    .ARM.Collect$$$$0000000D  mc_w.l(entry10a.o)
    0x08000198   0x00000000   Code   RO         9265    .ARM.Collect$$$$0000000F  mc_w.l(entry11a.o)
    0x08000198   0x00000004   Code   RO         9254    .ARM.Collect$$$$00002712  mc_w.l(entry2.o)
    0x0800019c   0x00000024   Code   RO         5755    .text               startup_stm32f407xx.o
    0x080001c0   0x00000024   Code   RO         8936    .text               mc_w.l(memcpya.o)
    0x080001e4   0x00000024   Code   RO         8938    .text               mc_w.l(memseta.o)
    0x08000208   0x0000001a   Code   RO         8942    .text               mc_w.l(memcmp.o)
    0x08000222   0x0000014e   Code   RO         9237    .text               mf_w.l(dadd.o)
    0x08000370   0x000000e4   Code   RO         9239    .text               mf_w.l(dmul.o)
    0x08000454   0x000000de   Code   RO         9241    .text               mf_w.l(ddiv.o)
    0x08000532   0x00000022   Code   RO         9243    .text               mf_w.l(dflti.o)
    0x08000554   0x0000001a   Code   RO         9245    .text               mf_w.l(dfltui.o)
    0x0800056e   0x00000032   Code   RO         9247    .text               mf_w.l(dfixui.o)
    0x080005a0   0x00000026   Code   RO         9249    .text               mf_w.l(f2d.o)
    0x080005c6   0x00000038   Code   RO         9251    .text               mf_w.l(d2f.o)
    0x080005fe   0x0000002c   Code   RO         9270    .text               mc_w.l(uidiv.o)
    0x0800062a   0x00000062   Code   RO         9272    .text               mc_w.l(uldiv.o)
    0x0800068c   0x0000001e   Code   RO         9274    .text               mc_w.l(llshl.o)
    0x080006aa   0x00000020   Code   RO         9276    .text               mc_w.l(llushr.o)
    0x080006ca   0x00000024   Code   RO         9278    .text               mc_w.l(llsshr.o)
    0x080006ee   0x00000000   Code   RO         9282    .text               mc_w.l(iusefp.o)
    0x080006ee   0x0000006e   Code   RO         9283    .text               mf_w.l(fepilogue.o)
    0x0800075c   0x000000ba   Code   RO         9285    .text               mf_w.l(depilogue.o)
    0x08000816   0x00000030   Code   RO         9287    .text               mf_w.l(dfixul.o)
    0x08000846   0x00000002   PAD
    0x08000848   0x00000030   Code   RO         9289    .text               mf_w.l(cdrcmple.o)
    0x08000878   0x00000024   Code   RO         9291    .text               mc_w.l(init.o)
    0x0800089c   0x00000056   Code   RO         9303    .text               mc_w.l(__dczerorl2.o)
    0x080008f2   0x00000002   PAD
    0x080008f4   0x0000012c   Code   RO         1029    i.ADC_Init          stm32f4xx_hal_adc.o
    0x08000a20   0x00000004   Code   RO         8805    i.AT24CXX_Init      24cxx.o
    0x08000a24   0x00000022   Code   RO         8806    i.AT24CXX_Read      24cxx.o
    0x08000a46   0x00000002   PAD
    0x08000a48   0x00000064   Code   RO         8808    i.AT24CXX_ReadOneByte  24cxx.o
    0x08000aac   0x00000020   Code   RO         8809    i.AT24CXX_Write     24cxx.o
    0x08000acc   0x00000036   Code   RO         8811    i.AT24CXX_WriteOneByte  24cxx.o
    0x08000b02   0x00000002   PAD
    0x08000b04   0x000000e4   Code   RO         5005    i.A_Moudel_Function  user.o
    0x08000be8   0x000000b0   Code   RO         5006    i.Analyse_3005_CMD  user.o
    0x08000c98   0x00000690   Code   RO         5007    i.Analyse_Common_cmd  user.o
    0x08001328   0x0000005c   Code   RO         5008    i.Analyse_EHT_USB_CMD  user.o
    0x08001384   0x00000078   Code   RO         5009    i.Analyse_SetIP_cmd  user.o
    0x080013fc   0x00000284   Code   RO         5010    i.Analyse_control_cmd  user.o
    0x08001680   0x00000002   Code   RO         4299    i.BusFault_Handler  stm32f4xx_it.o
    0x08001682   0x00000004   Code   RO         4704    i.CUSTOM_HID_DeInit_FS  usbd_custom_hid_if.o
    0x08001686   0x00000004   Code   RO         4705    i.CUSTOM_HID_Init_FS  usbd_custom_hid_if.o
    0x0800168a   0x00000002   PAD
    0x0800168c   0x00000030   Code   RO         4706    i.CUSTOM_HID_OutEvent_FS  usbd_custom_hid_if.o
    0x080016bc   0x00000120   Code   RO         5011    i.Data_Init         user.o
    0x080017dc   0x00000002   Code   RO         4300    i.DebugMon_Handler  stm32f4xx_it.o
    0x080017de   0x00000002   PAD
    0x080017e0   0x00000030   Code   RO         5013    i.Delay_ms          user.o
    0x08001810   0x00000034   Code   RO         5014    i.Delay_us          user.o
    0x08001844   0x00000020   Code   RO         1964    i.ETH_Delay         stm32f4xx_hal_eth.o
    0x08001864   0x0000002e   Code   RO         1965    i.ETH_FlushTransmitFIFO  stm32f4xx_hal_eth.o
    0x08001892   0x00000026   Code   RO         4301    i.ETH_GetRxPktSize  stm32f4xx_it.o
    0x080018b8   0x0000003c   Code   RO         4302    i.ETH_IRQHandler    stm32f4xx_it.o
    0x080018f4   0x00000124   Code   RO         1966    i.ETH_MACDMAConfig  stm32f4xx_hal_eth.o
    0x08001a18   0x0000001c   Code   RO         4303    i.EXTI2_IRQHandler  stm32f4xx_it.o
    0x08001a34   0x00000030   Code   RO         4304    i.EXTI3_IRQHandler  stm32f4xx_it.o
    0x08001a64   0x00000030   Code   RO         4305    i.EXTI4_IRQHandler  stm32f4xx_it.o
    0x08001a94   0x0000004c   Code   RO         4306    i.EXTI9_5_IRQHandler  stm32f4xx_it.o
    0x08001ae0   0x00000002   Code   RO         4060    i.Error_Handler     main.o
    0x08001ae2   0x00000002   PAD
    0x08001ae4   0x00000058   Code   RO         1196    i.FLASH_Erase_Sector  stm32f4xx_hal_flash_ex.o
    0x08001b3c   0x00000054   Code   RO         1197    i.FLASH_FlushCaches  stm32f4xx_hal_flash_ex.o
    0x08001b90   0x00000028   Code   RO         1198    i.FLASH_MassErase   stm32f4xx_hal_flash_ex.o
    0x08001bb8   0x00000020   Code   RO         3251    i.FLASH_Program_Byte  stm32f4xx_hal_flash.o
    0x08001bd8   0x00000028   Code   RO         3252    i.FLASH_Program_DoubleWord  stm32f4xx_hal_flash.o
    0x08001c00   0x00000024   Code   RO         3253    i.FLASH_Program_HalfWord  stm32f4xx_hal_flash.o
    0x08001c24   0x00000024   Code   RO         3254    i.FLASH_Program_Word  stm32f4xx_hal_flash.o
    0x08001c48   0x00000068   Code   RO         3255    i.FLASH_SetErrorCode  stm32f4xx_hal_flash.o
    0x08001cb0   0x00000050   Code   RO         3256    i.FLASH_WaitForLastOperation  stm32f4xx_hal_flash.o
    0x08001d00   0x0000007c   Code   RO         5650    i.GetSector         flash.o
    0x08001d7c   0x0000007c   Code   RO         5015    i.Get_BMQValue      user.o
    0x08001df8   0x00000174   Code   RO         5517    i.Gui_DrawFont_GBK16  lcd.o
    0x08001f6c   0x0000018c   Code   RO         5518    i.Gui_DrawFont_GBK24  lcd.o
    0x080020f8   0x00000084   Code   RO         5519    i.Gui_DrawFont_Num32  lcd.o
    0x0800217c   0x00000012   Code   RO         5520    i.Gui_DrawPoint     lcd.o
    0x0800218e   0x00000002   PAD
    0x08002190   0x0000014c   Code   RO         1031    i.HAL_ADC_ConfigChannel  stm32f4xx_hal_adc.o
    0x080022dc   0x00000054   Code   RO         1040    i.HAL_ADC_Init      stm32f4xx_hal_adc.o
    0x08002330   0x00000058   Code   RO         5326    i.HAL_ADC_MspInit   adc.o
    0x08002388   0x0000001c   Code   RO         2593    i.HAL_Delay         stm32f4xx_hal.o
    0x080023a4   0x00000074   Code   RO         1969    i.HAL_ETH_DMARxDescListInit  stm32f4xx_hal_eth.o
    0x08002418   0x00000078   Code   RO         1970    i.HAL_ETH_DMATxDescListInit  stm32f4xx_hal_eth.o
    0x08002490   0x00000002   Code   RO         1972    i.HAL_ETH_ErrorCallback  stm32f4xx_hal_eth.o
    0x08002492   0x0000007a   Code   RO         1973    i.HAL_ETH_GetReceivedFrame  stm32f4xx_hal_eth.o
    0x0800250c   0x0000007a   Code   RO         1976    i.HAL_ETH_IRQHandler  stm32f4xx_hal_eth.o
    0x08002586   0x00000002   PAD
    0x08002588   0x000001ec   Code   RO         1977    i.HAL_ETH_Init      stm32f4xx_hal_eth.o
    0x08002774   0x000000ac   Code   RO         4746    i.HAL_ETH_MspInit   ethernetif.o
    0x08002820   0x00000084   Code   RO         1980    i.HAL_ETH_ReadPHYRegister  stm32f4xx_hal_eth.o
    0x080028a4   0x00000002   Code   RO         1981    i.HAL_ETH_RxCpltCallback  stm32f4xx_hal_eth.o
    0x080028a6   0x00000084   Code   RO         1982    i.HAL_ETH_Start     stm32f4xx_hal_eth.o
    0x0800292a   0x00000108   Code   RO         1984    i.HAL_ETH_TransmitFrame  stm32f4xx_hal_eth.o
    0x08002a32   0x00000002   Code   RO         1985    i.HAL_ETH_TxCpltCallback  stm32f4xx_hal_eth.o
    0x08002a34   0x00000078   Code   RO         1986    i.HAL_ETH_WritePHYRegister  stm32f4xx_hal_eth.o
    0x08002aac   0x00000098   Code   RO         1199    i.HAL_FLASHEx_Erase  stm32f4xx_hal_flash_ex.o
    0x08002b44   0x00000014   Code   RO         3260    i.HAL_FLASH_Lock    stm32f4xx_hal_flash.o
    0x08002b58   0x0000007c   Code   RO         3265    i.HAL_FLASH_Program  stm32f4xx_hal_flash.o
    0x08002bd4   0x00000028   Code   RO         3267    i.HAL_FLASH_Unlock  stm32f4xx_hal_flash.o
    0x08002bfc   0x000001b0   Code   RO         1618    i.HAL_GPIO_Init     stm32f4xx_hal_gpio.o
    0x08002dac   0x0000000a   Code   RO         1620    i.HAL_GPIO_ReadPin  stm32f4xx_hal_gpio.o
    0x08002db6   0x0000000a   Code   RO         1622    i.HAL_GPIO_WritePin  stm32f4xx_hal_gpio.o
    0x08002dc0   0x0000000c   Code   RO         2599    i.HAL_GetTick       stm32f4xx_hal.o
    0x08002dcc   0x00000010   Code   RO         2601    i.HAL_IncTick       stm32f4xx_hal.o
    0x08002ddc   0x00000034   Code   RO         2602    i.HAL_Init          stm32f4xx_hal.o
    0x08002e10   0x00000028   Code   RO         2603    i.HAL_InitTick      stm32f4xx_hal.o
    0x08002e38   0x00000058   Code   RO         4899    i.HAL_MspInit       stm32f4xx_hal_msp.o
    0x08002e90   0x00000016   Code   RO         3121    i.HAL_NVIC_EnableIRQ  stm32f4xx_hal_cortex.o
    0x08002ea6   0x00000002   PAD
    0x08002ea8   0x00000040   Code   RO         3127    i.HAL_NVIC_SetPriority  stm32f4xx_hal_cortex.o
    0x08002ee8   0x00000024   Code   RO         3128    i.HAL_NVIC_SetPriorityGrouping  stm32f4xx_hal_cortex.o
    0x08002f0c   0x00000008   Code   RO         2556    i.HAL_PCDEx_SetRxFiFo  stm32f4xx_hal_pcd_ex.o
    0x08002f14   0x00000044   Code   RO         2557    i.HAL_PCDEx_SetTxFiFo  stm32f4xx_hal_pcd_ex.o
    0x08002f58   0x00000008   Code   RO         4447    i.HAL_PCD_ConnectCallback  usbd_conf.o
    0x08002f60   0x00000012   Code   RO         4448    i.HAL_PCD_DataInStageCallback  usbd_conf.o
    0x08002f72   0x00000014   Code   RO         4449    i.HAL_PCD_DataOutStageCallback  usbd_conf.o
    0x08002f86   0x00000008   Code   RO         4450    i.HAL_PCD_DisconnectCallback  usbd_conf.o
    0x08002f8e   0x00000044   Code   RO         2910    i.HAL_PCD_EP_Close  stm32f4xx_hal_pcd.o
    0x08002fd2   0x00000050   Code   RO         2911    i.HAL_PCD_EP_ClrStall  stm32f4xx_hal_pcd.o
    0x08003022   0x00000054   Code   RO         2914    i.HAL_PCD_EP_Open   stm32f4xx_hal_pcd.o
    0x08003076   0x00000048   Code   RO         2915    i.HAL_PCD_EP_Receive  stm32f4xx_hal_pcd.o
    0x080030be   0x00000060   Code   RO         2916    i.HAL_PCD_EP_SetStall  stm32f4xx_hal_pcd.o
    0x0800311e   0x00000040   Code   RO         2917    i.HAL_PCD_EP_Transmit  stm32f4xx_hal_pcd.o
    0x0800315e   0x00000002   PAD
    0x08003160   0x000004f4   Code   RO         2919    i.HAL_PCD_IRQHandler  stm32f4xx_hal_pcd.o
    0x08003654   0x00000008   Code   RO         4451    i.HAL_PCD_ISOINIncompleteCallback  usbd_conf.o
    0x0800365c   0x00000008   Code   RO         4452    i.HAL_PCD_ISOOUTIncompleteCallback  usbd_conf.o
    0x08003664   0x000000be   Code   RO         2922    i.HAL_PCD_Init      stm32f4xx_hal_pcd.o
    0x08003722   0x00000002   PAD
    0x08003724   0x00000064   Code   RO         4454    i.HAL_PCD_MspInit   usbd_conf.o
    0x08003788   0x00000020   Code   RO         4455    i.HAL_PCD_ResetCallback  usbd_conf.o
    0x080037a8   0x00000008   Code   RO         4456    i.HAL_PCD_ResumeCallback  usbd_conf.o
    0x080037b0   0x00000008   Code   RO         4457    i.HAL_PCD_SOFCallback  usbd_conf.o
    0x080037b8   0x00000024   Code   RO         2928    i.HAL_PCD_SetAddress  stm32f4xx_hal_pcd.o
    0x080037dc   0x0000000e   Code   RO         4458    i.HAL_PCD_SetupStageCallback  usbd_conf.o
    0x080037ea   0x0000002a   Code   RO         2930    i.HAL_PCD_Start     stm32f4xx_hal_pcd.o
    0x08003814   0x00000030   Code   RO         4459    i.HAL_PCD_SuspendCallback  usbd_conf.o
    0x08003844   0x0000017c   Code   RO         2740    i.HAL_RCC_ClockConfig  stm32f4xx_hal_rcc.o
    0x080039c0   0x0000000c   Code   RO         2745    i.HAL_RCC_GetHCLKFreq  stm32f4xx_hal_rcc.o
    0x080039cc   0x00000030   Code   RO         2747    i.HAL_RCC_GetPCLK1Freq  stm32f4xx_hal_rcc.o
    0x080039fc   0x00000030   Code   RO         2748    i.HAL_RCC_GetPCLK2Freq  stm32f4xx_hal_rcc.o
    0x08003a2c   0x00000070   Code   RO         2749    i.HAL_RCC_GetSysClockFreq  stm32f4xx_hal_rcc.o
    0x08003a9c   0x00000314   Code   RO         2752    i.HAL_RCC_OscConfig  stm32f4xx_hal_rcc.o
    0x08003db0   0x00000080   Code   RO         3380    i.HAL_SPI_Init      stm32f4xx_hal_spi.o
    0x08003e30   0x0000004c   Code   RO         5368    i.HAL_SPI_MspInit   spi.o
    0x08003e7c   0x00000168   Code   RO         3388    i.HAL_SPI_Transmit  stm32f4xx_hal_spi.o
    0x08003fe4   0x00000018   Code   RO         3130    i.HAL_SYSTICK_CLKSourceConfig  stm32f4xx_hal_cortex.o
    0x08003ffc   0x00000002   Code   RO         3131    i.HAL_SYSTICK_Callback  stm32f4xx_hal_cortex.o
    0x08003ffe   0x00000028   Code   RO         3132    i.HAL_SYSTICK_Config  stm32f4xx_hal_cortex.o
    0x08004026   0x00000008   Code   RO         3133    i.HAL_SYSTICK_IRQHandler  stm32f4xx_hal_cortex.o
    0x0800402e   0x00000050   Code   RO         1273    i.HAL_TIMEx_MasterConfigSynchronization  stm32f4xx_hal_tim_ex.o
    0x0800407e   0x00000036   Code   RO            6    i.HAL_TIM_Base_Init  stm32f4xx_hal_tim.o
    0x080040b4   0x00000098   Code   RO         5248    i.HAL_TIM_Base_MspInit  tim.o
    0x0800414c   0x0000001a   Code   RO            9    i.HAL_TIM_Base_Start  stm32f4xx_hal_tim.o
    0x08004166   0x00000018   Code   RO           11    i.HAL_TIM_Base_Start_IT  stm32f4xx_hal_tim.o
    0x0800417e   0x000000f2   Code   RO           15    i.HAL_TIM_ConfigClockSource  stm32f4xx_hal_tim.o
    0x08004270   0x00000096   Code   RO           24    i.HAL_TIM_Encoder_Init  stm32f4xx_hal_tim.o
    0x08004306   0x00000002   PAD
    0x08004308   0x0000005c   Code   RO         5250    i.HAL_TIM_Encoder_MspInit  tim.o
    0x08004364   0x00000034   Code   RO           27    i.HAL_TIM_Encoder_Start  stm32f4xx_hal_tim.o
    0x08004398   0x00000062   Code   RO         3711    i.HAL_UART_Init     stm32f4xx_hal_uart.o
    0x080043fa   0x00000002   PAD
    0x080043fc   0x0000005c   Code   RO         5434    i.HAL_UART_MspInit  usart.o
    0x08004458   0x00000048   Code   RO         3716    i.HAL_UART_Receive_IT  stm32f4xx_hal_uart.o
    0x080044a0   0x00000010   Code   RO         4307    i.HardFault_Handler  stm32f4xx_it.o
    0x080044b0   0x00000050   Code   RO         8871    i.IIC_Init          myiic.o
    0x08004500   0x0000003c   Code   RO         8872    i.IIC_NAck          myiic.o
    0x0800453c   0x00000050   Code   RO         8873    i.IIC_Read_Byte     myiic.o
    0x0800458c   0x00000060   Code   RO         8874    i.IIC_Send_Byte     myiic.o
    0x080045ec   0x00000058   Code   RO         8875    i.IIC_Start         myiic.o
    0x08004644   0x00000048   Code   RO         8876    i.IIC_Stop          myiic.o
    0x0800468c   0x0000002c   Code   RO         8877    i.IIC_Wait_Ack      myiic.o
    0x080046b8   0x00000020   Code   RO         5016    i.Judge_A_B_Moudel  user.o
    0x080046d8   0x00000012   Code   RO         5521    i.LCD_WriteReg      lcd.o
    0x080046ea   0x00000028   Code   RO         5522    i.Lcd_Clear         lcd.o
    0x08004712   0x000001b4   Code   RO         5523    i.Lcd_Init          lcd.o
    0x080048c6   0x00000002   PAD
    0x080048c8   0x00000024   Code   RO         5524    i.Lcd_Reset         lcd.o
    0x080048ec   0x00000042   Code   RO         5525    i.Lcd_SetRegion     lcd.o
    0x0800492e   0x0000001e   Code   RO         5526    i.Lcd_SetXY         lcd.o
    0x0800494c   0x00000028   Code   RO         5527    i.Lcd_WriteData     lcd.o
    0x08004974   0x00000014   Code   RO         5528    i.Lcd_WriteData_16Bit  lcd.o
    0x08004988   0x00000028   Code   RO         5529    i.Lcd_WriteIndex    lcd.o
    0x080049b0   0x00000058   Code   RO         5327    i.MX_ADC1_Init      adc.o
    0x08004a08   0x00000280   Code   RO         5409    i.MX_GPIO_Init      gpio.o
    0x08004c88   0x00000180   Code   RO         4858    i.MX_LWIP_Init      lwip.o
    0x08004e08   0x00000044   Code   RO         5369    i.MX_SPI3_Init      spi.o
    0x08004e4c   0x0000005c   Code   RO         5251    i.MX_TIM1_Init      tim.o
    0x08004ea8   0x00000054   Code   RO         5252    i.MX_TIM2_Init      tim.o
    0x08004efc   0x00000058   Code   RO         5253    i.MX_TIM3_Init      tim.o
    0x08004f54   0x00000060   Code   RO         5254    i.MX_TIM4_Init      tim.o
    0x08004fb4   0x00000058   Code   RO         5255    i.MX_TIM5_Init      tim.o
    0x0800500c   0x00000038   Code   RO         5435    i.MX_USART1_UART_Init  usart.o
    0x08005044   0x00000038   Code   RO         4820    i.MX_USB_DEVICE_Init  usb_device.o
    0x0800507c   0x00000002   Code   RO         4308    i.MemManage_Handler  stm32f4xx_it.o
    0x0800507e   0x00000002   Code   RO         4309    i.NMI_Handler       stm32f4xx_it.o
    0x08005080   0x00000020   Code   RO         3134    i.NVIC_SetPriority  stm32f4xx_hal_cortex.o
    0x080050a0   0x0000000c   Code   RO         4310    i.OTG_FS_IRQHandler  stm32f4xx_it.o
    0x080050ac   0x00000088   Code   RO         2933    i.PCD_WriteEmptyTxFifo  stm32f4xx_hal_pcd.o
    0x08005134   0x00000002   Code   RO         4311    i.PendSV_Handler    stm32f4xx_it.o
    0x08005136   0x00000002   PAD
    0x08005138   0x00000044   Code   RO         5475    i.Read_Data_From_FPGA  exit.o
    0x0800517c   0x00000050   Code   RO         5651    i.Read_Flash        flash.o
    0x080051cc   0x000000ec   Code   RO         5019    i.Read_MoRen_Val    user.o
    0x080052b8   0x00000020   Code   RO         3404    i.SPI_CheckFlag_BSY  stm32f4xx_hal_spi.o
    0x080052d8   0x00000096   Code   RO         3422    i.SPI_WaitFlagStateUntilTimeout  stm32f4xx_hal_spi.o
    0x0800536e   0x00000002   Code   RO         4312    i.SVC_Handler       stm32f4xx_it.o
    0x08005370   0x000000ac   Code   RO         5476    i.Send_Data_To_FPGA_DoubleCmd  exit.o
    0x0800541c   0x0000006c   Code   RO         5477    i.Send_Data_To_FPGA_OneCmd  exit.o
    0x08005488   0x0000000a   Code   RO         5020    i.Send_Moudel       user.o
    0x08005492   0x00000002   PAD
    0x08005494   0x00000044   Code   RO         5478    i.Set_Baud          exit.o
    0x080054d8   0x0000025c   Code   RO         5021    i.Set_IP            user.o
    0x08005734   0x0000015c   Code   RO         5530    i.Show_IP_Config    lcd.o
    0x08005890   0x0000003c   Code   RO         5531    i.Show_Num          lcd.o
    0x080058cc   0x00000078   Code   RO         5532    i.Show_Num_float    lcd.o
    0x08005944   0x000000dc   Code   RO         5533    i.Show_One_Line_Parameter  lcd.o
    0x08005a20   0x00000058   Code   RO         5534    i.Show_One_Minate   lcd.o
    0x08005a78   0x0000000e   Code   RO         4313    i.SysTick_Handler   stm32f4xx_it.o
    0x08005a86   0x00000002   PAD
    0x08005a88   0x000000a4   Code   RO         4062    i.SystemClock_Config  main.o
    0x08005b2c   0x00000054   Code   RO         5718    i.SystemInit        system_stm32f4xx.o
    0x08005b80   0x00000028   Code   RO         4923    i.TCP_server_IN     server.o
    0x08005ba8   0x00000038   Code   RO         4924    i.TCP_server_init   server.o
    0x08005be0   0x00000020   Code   RO         4925    i.TCP_server_out    server.o
    0x08005c00   0x000000bc   Code   RO         4314    i.TIM1_UP_TIM10_IRQHandler  stm32f4xx_it.o
    0x08005cbc   0x00000038   Code   RO         4315    i.TIM3_IRQHandler   stm32f4xx_it.o
    0x08005cf4   0x00000040   Code   RO         4316    i.TIM4_IRQHandler   stm32f4xx_it.o
    0x08005d34   0x000000c0   Code   RO           90    i.TIM_Base_SetConfig  stm32f4xx_hal_tim.o
    0x08005df4   0x00000016   Code   RO           91    i.TIM_CCxChannelCmd  stm32f4xx_hal_tim.o
    0x08005e0a   0x00000014   Code   RO           97    i.TIM_ETR_SetConfig  stm32f4xx_hal_tim.o
    0x08005e1e   0x00000010   Code   RO           98    i.TIM_ITRx_SetConfig  stm32f4xx_hal_tim.o
    0x08005e2e   0x00000022   Code   RO          104    i.TIM_TI1_ConfigInputStage  stm32f4xx_hal_tim.o
    0x08005e50   0x00000024   Code   RO          106    i.TIM_TI2_ConfigInputStage  stm32f4xx_hal_tim.o
    0x08005e74   0x00000724   Code   RO         5022    i.Trans_Data        user.o
    0x08006598   0x000002ac   Code   RO         3737    i.UART_SetConfig    stm32f4xx_hal_uart.o
    0x08006844   0x00000088   Code   RO         4317    i.USART1_IRQHandler  stm32f4xx_it.o
    0x080068cc   0x0000000c   Code   RO         8727    i.USBD_CUSTOM_HID_DataIn  usbd_customhid.o
    0x080068d8   0x00000024   Code   RO         8728    i.USBD_CUSTOM_HID_DataOut  usbd_customhid.o
    0x080068fc   0x00000032   Code   RO         8729    i.USBD_CUSTOM_HID_DeInit  usbd_customhid.o
    0x0800692e   0x00000022   Code   RO         8730    i.USBD_CUSTOM_HID_EP0_RxReady  usbd_customhid.o
    0x08006950   0x0000000c   Code   RO         8731    i.USBD_CUSTOM_HID_GetCfgDesc  usbd_customhid.o
    0x0800695c   0x0000000c   Code   RO         8732    i.USBD_CUSTOM_HID_GetDeviceQualifierDesc  usbd_customhid.o
    0x08006968   0x0000004a   Code   RO         8733    i.USBD_CUSTOM_HID_Init  usbd_customhid.o
    0x080069b2   0x00000010   Code   RO         8734    i.USBD_CUSTOM_HID_RegisterInterface  usbd_customhid.o
    0x080069c2   0x00000024   Code   RO         8735    i.USBD_CUSTOM_HID_SendReport  usbd_customhid.o
    0x080069e6   0x00000002   PAD
    0x080069e8   0x000000b8   Code   RO         8736    i.USBD_CUSTOM_HID_Setup  usbd_customhid.o
    0x08006aa0   0x0000000e   Code   RO         8524    i.USBD_ClrClassConfig  usbd_core.o
    0x08006aae   0x00000010   Code   RO         8464    i.USBD_CtlContinueRx  usbd_ioreq.o
    0x08006abe   0x00000010   Code   RO         8465    i.USBD_CtlContinueSendData  usbd_ioreq.o
    0x08006ace   0x00000016   Code   RO         8662    i.USBD_CtlError     usbd_ctlreq.o
    0x08006ae4   0x0000001e   Code   RO         8466    i.USBD_CtlPrepareRx  usbd_ioreq.o
    0x08006b02   0x00000016   Code   RO         8467    i.USBD_CtlReceiveStatus  usbd_ioreq.o
    0x08006b18   0x0000001a   Code   RO         8468    i.USBD_CtlSendData  usbd_ioreq.o
    0x08006b32   0x00000016   Code   RO         8469    i.USBD_CtlSendStatus  usbd_ioreq.o
    0x08006b48   0x00000028   Code   RO         4636    i.USBD_FS_ConfigStrDescriptor  usbd_desc.o
    0x08006b70   0x0000000c   Code   RO         4637    i.USBD_FS_DeviceDescriptor  usbd_desc.o
    0x08006b7c   0x0000002c   Code   RO         4638    i.USBD_FS_InterfaceStrDescriptor  usbd_desc.o
    0x08006ba8   0x0000000c   Code   RO         4639    i.USBD_FS_LangIDStrDescriptor  usbd_desc.o
    0x08006bb4   0x00000028   Code   RO         4640    i.USBD_FS_ManufacturerStrDescriptor  usbd_desc.o
    0x08006bdc   0x00000034   Code   RO         4641    i.USBD_FS_ProductStrDescriptor  usbd_desc.o
    0x08006c10   0x00000024   Code   RO         4642    i.USBD_FS_SerialStrDescriptor  usbd_desc.o
    0x08006c34   0x000000f2   Code   RO         8663    i.USBD_GetDescriptor  usbd_ctlreq.o
    0x08006d26   0x00000046   Code   RO         8664    i.USBD_GetString    usbd_ctlreq.o
    0x08006d6c   0x0000002a   Code   RO         8526    i.USBD_Init         usbd_core.o
    0x08006d96   0x00000020   Code   RO         4460    i.USBD_LL_ClearStallEP  usbd_conf.o
    0x08006db6   0x00000020   Code   RO         4461    i.USBD_LL_CloseEP   usbd_conf.o
    0x08006dd6   0x000000aa   Code   RO         8527    i.USBD_LL_DataInStage  usbd_core.o
    0x08006e80   0x0000006a   Code   RO         8528    i.USBD_LL_DataOutStage  usbd_core.o
    0x08006eea   0x00000004   Code   RO         8529    i.USBD_LL_DevConnected  usbd_core.o
    0x08006eee   0x00000016   Code   RO         8530    i.USBD_LL_DevDisconnected  usbd_core.o
    0x08006f04   0x00000064   Code   RO         4466    i.USBD_LL_Init      usbd_conf.o
    0x08006f68   0x00000020   Code   RO         4467    i.USBD_LL_IsStallEP  usbd_conf.o
    0x08006f88   0x00000004   Code   RO         8531    i.USBD_LL_IsoINIncomplete  usbd_core.o
    0x08006f8c   0x00000004   Code   RO         8532    i.USBD_LL_IsoOUTIncomplete  usbd_core.o
    0x08006f90   0x00000026   Code   RO         4468    i.USBD_LL_OpenEP    usbd_conf.o
    0x08006fb6   0x00000020   Code   RO         4469    i.USBD_LL_PrepareReceive  usbd_conf.o
    0x08006fd6   0x0000003e   Code   RO         8533    i.USBD_LL_Reset     usbd_core.o
    0x08007014   0x0000000c   Code   RO         8534    i.USBD_LL_Resume    usbd_core.o
    0x08007020   0x00000018   Code   RO         8535    i.USBD_LL_SOF       usbd_core.o
    0x08007038   0x00000006   Code   RO         8536    i.USBD_LL_SetSpeed  usbd_core.o
    0x0800703e   0x00000020   Code   RO         4470    i.USBD_LL_SetUSBAddress  usbd_conf.o
    0x0800705e   0x0000005a   Code   RO         8537    i.USBD_LL_SetupStage  usbd_core.o
    0x080070b8   0x00000020   Code   RO         4471    i.USBD_LL_StallEP   usbd_conf.o
    0x080070d8   0x00000020   Code   RO         4472    i.USBD_LL_Start     usbd_conf.o
    0x080070f8   0x00000012   Code   RO         8538    i.USBD_LL_Suspend   usbd_core.o
    0x0800710a   0x00000020   Code   RO         4474    i.USBD_LL_Transmit  usbd_conf.o
    0x0800712a   0x00000028   Code   RO         8665    i.USBD_ParseSetupRequest  usbd_ctlreq.o
    0x08007152   0x00000010   Code   RO         8539    i.USBD_RegisterClass  usbd_core.o
    0x08007162   0x00000016   Code   RO         8541    i.USBD_SetClassConfig  usbd_core.o
    0x08007178   0x00000074   Code   RO         8666    i.USBD_SetConfig    usbd_ctlreq.o
    0x080071ec   0x0000000a   Code   RO         8542    i.USBD_Start        usbd_core.o
    0x080071f6   0x000000f2   Code   RO         8667    i.USBD_StdDevReq    usbd_ctlreq.o
    0x080072e8   0x000000dc   Code   RO         8668    i.USBD_StdEPReq     usbd_ctlreq.o
    0x080073c4   0x00000034   Code   RO         8669    i.USBD_StdItfReq    usbd_ctlreq.o
    0x080073f8   0x00000080   Code   RO         1682    i.USB_ActivateEndpoint  stm32f4xx_ll_usb.o
    0x08007478   0x00000034   Code   RO         1683    i.USB_ActivateSetup  stm32f4xx_ll_usb.o
    0x080074ac   0x0000006c   Code   RO         1685    i.USB_CoreInit      stm32f4xx_ll_usb.o
    0x08007518   0x00000038   Code   RO         1686    i.USB_CoreReset     stm32f4xx_ll_usb.o
    0x08007550   0x000000c8   Code   RO         1688    i.USB_DeactivateEndpoint  stm32f4xx_ll_usb.o
    0x08007618   0x00000018   Code   RO         1689    i.USB_DevConnect    stm32f4xx_ll_usb.o
    0x08007630   0x00000018   Code   RO         1690    i.USB_DevDisconnect  stm32f4xx_ll_usb.o
    0x08007648   0x00000140   Code   RO         1691    i.USB_DevInit       stm32f4xx_ll_usb.o
    0x08007788   0x0000000c   Code   RO         1692    i.USB_DisableGlobalInt  stm32f4xx_ll_usb.o
    0x08007794   0x00000140   Code   RO         1695    i.USB_EP0StartXfer  stm32f4xx_ll_usb.o
    0x080078d4   0x0000003e   Code   RO         1696    i.USB_EP0_OutStart  stm32f4xx_ll_usb.o
    0x08007912   0x00000064   Code   RO         1697    i.USB_EPClearStall  stm32f4xx_ll_usb.o
    0x08007976   0x0000005e   Code   RO         1698    i.USB_EPSetStall    stm32f4xx_ll_usb.o
    0x080079d4   0x0000021c   Code   RO         1699    i.USB_EPStartXfer   stm32f4xx_ll_usb.o
    0x08007bf0   0x0000000c   Code   RO         1700    i.USB_EnableGlobalInt  stm32f4xx_ll_usb.o
    0x08007bfc   0x00000020   Code   RO         1701    i.USB_FlushRxFifo   stm32f4xx_ll_usb.o
    0x08007c1c   0x00000024   Code   RO         1702    i.USB_FlushTxFifo   stm32f4xx_ll_usb.o
    0x08007c40   0x0000003c   Code   RO         1704    i.USB_GetDevSpeed   stm32f4xx_ll_usb.o
    0x08007c7c   0x00000008   Code   RO         1706    i.USB_GetMode       stm32f4xx_ll_usb.o
    0x08007c84   0x0000000e   Code   RO         1713    i.USB_ReadDevAllInEpInterrupt  stm32f4xx_ll_usb.o
    0x08007c92   0x0000000e   Code   RO         1714    i.USB_ReadDevAllOutEpInterrupt  stm32f4xx_ll_usb.o
    0x08007ca0   0x0000001e   Code   RO         1715    i.USB_ReadDevInEPInterrupt  stm32f4xx_ll_usb.o
    0x08007cbe   0x00000010   Code   RO         1716    i.USB_ReadDevOutEPInterrupt  stm32f4xx_ll_usb.o
    0x08007cce   0x00000008   Code   RO         1717    i.USB_ReadInterrupts  stm32f4xx_ll_usb.o
    0x08007cd6   0x00000020   Code   RO         1718    i.USB_ReadPacket    stm32f4xx_ll_usb.o
    0x08007cf6   0x0000002c   Code   RO         1720    i.USB_SetCurrentMode  stm32f4xx_ll_usb.o
    0x08007d22   0x00000022   Code   RO         1721    i.USB_SetDevAddress  stm32f4xx_ll_usb.o
    0x08007d44   0x00000028   Code   RO         1725    i.USB_WritePacket   stm32f4xx_ll_usb.o
    0x08007d6c   0x00000002   Code   RO         4318    i.UsageFault_Handler  stm32f4xx_it.o
    0x08007d6e   0x00000002   PAD
    0x08007d70   0x000000ac   Code   RO         5024    i.Welcome_Page      user.o
    0x08007e1c   0x00000118   Code   RO         5652    i.Write_FLASH       flash.o
    0x08007f34   0x00000080   Code   RO         5026    i.Write_MoRen_Val   user.o
    0x08007fb4   0x00000604   Code   RO         5027    i.Z_Y_TestFunc      user.o
    0x080085b8   0x00000090   Code   RO         5028    i.Zhongzi_Yama_Data_Init  user.o
    0x08008648   0x00000028   Code   RO         9183    i.__0sprintf        mc_w.l(printfa.o)
    0x08008670   0x0000000e   Code   RO         9297    i.__scatterload_copy  mc_w.l(handlers.o)
    0x0800867e   0x00000002   Code   RO         9298    i.__scatterload_null  mc_w.l(handlers.o)
    0x08008680   0x0000000e   Code   RO         9299    i.__scatterload_zeroinit  mc_w.l(handlers.o)
    0x0800868e   0x00000160   Code   RO         5029    i._analyse_         user.o
    0x080087ee   0x00000002   PAD
    0x080087f0   0x00000184   Code   RO         9188    i._fp_digits        mc_w.l(printfa.o)
    0x08008974   0x000006dc   Code   RO         9189    i._printf_core      mc_w.l(printfa.o)
    0x08009050   0x00000024   Code   RO         9190    i._printf_post_padding  mc_w.l(printfa.o)
    0x08009074   0x0000002e   Code   RO         9191    i._printf_pre_padding  mc_w.l(printfa.o)
    0x080090a2   0x0000000a   Code   RO         9193    i._sputc            mc_w.l(printfa.o)
    0x080090ac   0x0000001c   Code   RO         8056    i.cyclic_timer      timeouts.o
    0x080090c8   0x0000000c   Code   RO         6405    i.do_memp_free_pool  memp.o
    0x080090d4   0x0000000e   Code   RO         6406    i.do_memp_malloc_pool  memp.o
    0x080090e2   0x00000002   PAD
    0x080090e4   0x00000030   Code   RO         8329    i.etharp_cleanup_netif  etharp.o
    0x08009114   0x000000dc   Code   RO         8331    i.etharp_find_entry  etharp.o
    0x080091f0   0x00000024   Code   RO         8332    i.etharp_free_entry  etharp.o
    0x08009214   0x000000a0   Code   RO         8334    i.etharp_input      etharp.o
    0x080092b4   0x000000ec   Code   RO         8335    i.etharp_output     etharp.o
    0x080093a0   0x00000060   Code   RO         8336    i.etharp_output_to_arp_index  etharp.o
    0x08009400   0x000000f0   Code   RO         8337    i.etharp_query      etharp.o
    0x080094f0   0x00000088   Code   RO         8338    i.etharp_raw        etharp.o
    0x08009578   0x0000000c   Code   RO         8339    i.etharp_request    etharp.o
    0x08009584   0x00000020   Code   RO         8340    i.etharp_request_dst  etharp.o
    0x080095a4   0x00000060   Code   RO         8341    i.etharp_tmr        etharp.o
    0x08009604   0x00000080   Code   RO         8342    i.etharp_update_arp_entry  etharp.o
    0x08009684   0x000000a0   Code   RO         8235    i.ethernet_input    ethernet.o
    0x08009724   0x0000004a   Code   RO         8236    i.ethernet_output   ethernet.o
    0x0800976e   0x00000002   PAD
    0x08009770   0x00000028   Code   RO         4747    i.ethernetif_init   ethernetif.o
    0x08009798   0x00000022   Code   RO         4748    i.ethernetif_input  ethernetif.o
    0x080097ba   0x00000002   PAD
    0x080097bc   0x00000050   Code   RO         9209    i.free              mc_w.l(malloc.o)
    0x0800980c   0x00000008   Code   RO         5983    i.icmp_dest_unreach  icmp.o
    0x08009814   0x000000f4   Code   RO         5984    i.icmp_input        icmp.o
    0x08009908   0x0000006c   Code   RO         5985    i.icmp_send_response  icmp.o
    0x08009974   0x00000008   Code   RO         5986    i.icmp_time_exceeded  icmp.o
    0x0800997c   0x0000002e   Code   RO         8133    i.ip4_addr_isbroadcast_u32  ip4_addr.o
    0x080099aa   0x00000002   PAD
    0x080099ac   0x0000015c   Code   RO         5891    i.ip4_frag          ip4_frag.o
    0x08009b08   0x00000190   Code   RO         7640    i.ip4_input         ip4.o
    0x08009c98   0x0000001e   Code   RO         7642    i.ip4_output_if     ip4.o
    0x08009cb6   0x00000002   PAD
    0x08009cb8   0x000000a8   Code   RO         7643    i.ip4_output_if_src  ip4.o
    0x08009d60   0x00000190   Code   RO         5892    i.ip4_reass         ip4_frag.o
    0x08009ef0   0x0000005c   Code   RO         7644    i.ip4_route         ip4.o
    0x08009f4c   0x00000008   Code   RO         5893    i.ip_frag_free_pbuf_custom_ref  ip4_frag.o
    0x08009f54   0x000000ec   Code   RO         5894    i.ip_reass_chain_frag_into_datagram_and_validate  ip4_frag.o
    0x0800a040   0x00000024   Code   RO         5895    i.ip_reass_dequeue_datagram  ip4_frag.o
    0x0800a064   0x00000070   Code   RO         5896    i.ip_reass_free_complete_datagram  ip4_frag.o
    0x0800a0d4   0x00000080   Code   RO         5897    i.ip_reass_remove_oldest_datagram  ip4_frag.o
    0x0800a154   0x0000002c   Code   RO         5898    i.ip_reass_tmr      ip4_frag.o
    0x0800a180   0x00000016   Code   RO         5899    i.ipfrag_free_pbuf_custom  ip4_frag.o
    0x0800a196   0x00000002   PAD
    0x0800a198   0x000000c8   Code   RO         4749    i.low_level_init    ethernetif.o
    0x0800a260   0x000000bc   Code   RO         4750    i.low_level_input   ethernetif.o
    0x0800a31c   0x000000a8   Code   RO         4751    i.low_level_output  ethernetif.o
    0x0800a3c4   0x00000004   Code   RO         6939    i.lwip_htonl        def.o
    0x0800a3c8   0x00000004   Code   RO         6940    i.lwip_htons        def.o
    0x0800a3cc   0x0000001a   Code   RO         6566    i.lwip_init         init.o
    0x0800a3e6   0x00000002   PAD
    0x0800a3e8   0x000001c0   Code   RO         4063    i.main              main.o
    0x0800a5a8   0x0000006c   Code   RO         9210    i.malloc            mc_w.l(malloc.o)
    0x0800a614   0x0000002c   Code   RO         7584    i.mem_free          mem.o
    0x0800a640   0x00000034   Code   RO         7585    i.mem_init          mem.o
    0x0800a674   0x000000a8   Code   RO         7586    i.mem_malloc        mem.o
    0x0800a71c   0x000000cc   Code   RO         7587    i.mem_trim          mem.o
    0x0800a7e8   0x00000018   Code   RO         6407    i.memp_free         memp.o
    0x0800a800   0x00000020   Code   RO         6409    i.memp_init         memp.o
    0x0800a820   0x0000002a   Code   RO         6410    i.memp_init_pool    memp.o
    0x0800a84a   0x00000002   PAD
    0x0800a84c   0x00000018   Code   RO         6411    i.memp_malloc       memp.o
    0x0800a864   0x00000050   Code   RO         7415    i.netif_add         netif.o
    0x0800a8b4   0x00000002   Code   RO         7417    i.netif_init        netif.o
    0x0800a8b6   0x0000001a   Code   RO         7419    i.netif_issue_reports  netif.o
    0x0800a8d0   0x00000048   Code   RO         7421    i.netif_set_addr    netif.o
    0x0800a918   0x0000000c   Code   RO         7422    i.netif_set_default  netif.o
    0x0800a924   0x0000001a   Code   RO         7423    i.netif_set_down    netif.o
    0x0800a93e   0x00000008   Code   RO         7424    i.netif_set_gw      netif.o
    0x0800a946   0x00000002   PAD
    0x0800a948   0x00000038   Code   RO         7425    i.netif_set_ipaddr  netif.o
    0x0800a980   0x00000008   Code   RO         7428    i.netif_set_netmask  netif.o
    0x0800a988   0x0000001c   Code   RO         7429    i.netif_set_up      netif.o
    0x0800a9a4   0x00000128   Code   RO         6749    i.pbuf_alloc        pbuf.o
    0x0800aacc   0x00000052   Code   RO         6750    i.pbuf_alloced_custom  pbuf.o
    0x0800ab1e   0x00000028   Code   RO         6751    i.pbuf_cat          pbuf.o
    0x0800ab46   0x00000012   Code   RO         6753    i.pbuf_clen         pbuf.o
    0x0800ab58   0x0000009a   Code   RO         6755    i.pbuf_copy         pbuf.o
    0x0800abf2   0x00000068   Code   RO         6756    i.pbuf_copy_partial  pbuf.o
    0x0800ac5a   0x00000050   Code   RO         6758    i.pbuf_free         pbuf.o
    0x0800acaa   0x00000002   PAD
    0x0800acac   0x0000002c   Code   RO         6759    i.pbuf_free_ooseq   pbuf.o
    0x0800acd8   0x00000006   Code   RO         6761    i.pbuf_header       pbuf.o
    0x0800acde   0x00000006   Code   RO         6762    i.pbuf_header_force  pbuf.o
    0x0800ace4   0x00000064   Code   RO         6763    i.pbuf_header_impl  pbuf.o
    0x0800ad48   0x00000054   Code   RO         6767    i.pbuf_realloc      pbuf.o
    0x0800ad9c   0x0000000c   Code   RO         6768    i.pbuf_ref          pbuf.o
    0x0800ada8   0x00000054   Code   RO         7588    i.plug_holes        mem.o
    0x0800adfc   0x00000040   Code   RO         5535    i.showimage         lcd.o
    0x0800ae3c   0x00000058   Code   RO         8057    i.sys_check_timeouts  timeouts.o
    0x0800ae94   0x00000004   Code   RO         4753    i.sys_now           ethernetif.o
    0x0800ae98   0x00000090   Code   RO         8059    i.sys_timeout       timeouts.o
    0x0800af28   0x00000034   Code   RO         8060    i.sys_timeouts_init  timeouts.o
    0x0800af5c   0x000000d4   Code   RO         7156    i.tcp_abandon       tcp.o
    0x0800b030   0x00000006   Code   RO         7157    i.tcp_abort         tcp.o
    0x0800b036   0x0000000e   Code   RO         7158    i.tcp_accept        tcp.o
    0x0800b044   0x0000000e   Code   RO         7159    i.tcp_accept_null   tcp.o
    0x0800b052   0x00000002   PAD
    0x0800b054   0x00000104   Code   RO         7160    i.tcp_alloc         tcp.o
    0x0800b158   0x00000094   Code   RO         7162    i.tcp_bind          tcp.o
    0x0800b1ec   0x00000014   Code   RO         7163    i.tcp_close         tcp.o
    0x0800b200   0x00000164   Code   RO         7164    i.tcp_close_shutdown  tcp.o
    0x0800b364   0x00000098   Code   RO         7952    i.tcp_create_segment  tcp_out.o
    0x0800b3fc   0x00000022   Code   RO         7167    i.tcp_eff_send_mss_impl  tcp.o
    0x0800b41e   0x00000092   Code   RO         7953    i.tcp_enqueue_flags  tcp_out.o
    0x0800b4b0   0x00000058   Code   RO         7169    i.tcp_fasttmr       tcp.o
    0x0800b508   0x00000030   Code   RO         6179    i.tcp_getoptbyte    tcp_in.o
    0x0800b538   0x00000002   Code   RO         7170    i.tcp_init          tcp.o
    0x0800b53a   0x00000002   PAD
    0x0800b53c   0x0000036c   Code   RO         6180    i.tcp_input         tcp_in.o
    0x0800b8a8   0x00000052   Code   RO         7954    i.tcp_keepalive     tcp_out.o
    0x0800b8fa   0x00000002   PAD
    0x0800b8fc   0x0000003c   Code   RO         7171    i.tcp_kill_state    tcp.o
    0x0800b938   0x000000ec   Code   RO         6181    i.tcp_listen_input  tcp_in.o
    0x0800ba24   0x00000084   Code   RO         7172    i.tcp_listen_with_backlog  tcp.o
    0x0800baa8   0x0000004c   Code   RO         7173    i.tcp_netif_ip_addr_changed  tcp.o
    0x0800baf4   0x00000022   Code   RO         7174    i.tcp_netif_ip_addr_changed_pcblist  tcp.o
    0x0800bb16   0x00000006   Code   RO         7175    i.tcp_new           tcp.o
    0x0800bb1c   0x0000005c   Code   RO         7177    i.tcp_new_port      tcp.o
    0x0800bb78   0x00000010   Code   RO         7178    i.tcp_next_iss      tcp.o
    0x0800bb88   0x00000078   Code   RO         6182    i.tcp_oos_insert_segment  tcp_in.o
    0x0800bc00   0x000001c8   Code   RO         7955    i.tcp_output        tcp_out.o
    0x0800bdc8   0x0000006a   Code   RO         7956    i.tcp_output_alloc_header  tcp_out.o
    0x0800be32   0x00000002   PAD
    0x0800be34   0x000000a8   Code   RO         7957    i.tcp_output_segment  tcp_out.o
    0x0800bedc   0x00000074   Code   RO         6183    i.tcp_parseopt      tcp_in.o
    0x0800bf50   0x0000004e   Code   RO         7958    i.tcp_pbuf_prealloc  tcp_out.o
    0x0800bf9e   0x00000042   Code   RO         7179    i.tcp_pcb_purge     tcp.o
    0x0800bfe0   0x00000050   Code   RO         7180    i.tcp_pcb_remove    tcp.o
    0x0800c030   0x00000370   Code   RO         6184    i.tcp_process       tcp_in.o
    0x0800c3a0   0x0000006e   Code   RO         7182    i.tcp_process_refused_data  tcp.o
    0x0800c40e   0x00000002   PAD
    0x0800c410   0x000006c4   Code   RO         6185    i.tcp_receive       tcp_in.o
    0x0800cad4   0x0000000a   Code   RO         7183    i.tcp_recv          tcp.o
    0x0800cade   0x00000024   Code   RO         7184    i.tcp_recv_null     tcp.o
    0x0800cb02   0x00000042   Code   RO         7185    i.tcp_recved        tcp.o
    0x0800cb44   0x00000052   Code   RO         7959    i.tcp_rexmit        tcp_out.o
    0x0800cb96   0x0000005c   Code   RO         7960    i.tcp_rexmit_fast   tcp_out.o
    0x0800cbf2   0x0000002e   Code   RO         7961    i.tcp_rexmit_rto    tcp_out.o
    0x0800cc20   0x00000080   Code   RO         7962    i.tcp_rst           tcp_out.o
    0x0800cca0   0x00000028   Code   RO         7186    i.tcp_seg_copy      tcp.o
    0x0800ccc8   0x0000001c   Code   RO         7187    i.tcp_seg_free      tcp.o
    0x0800cce4   0x00000012   Code   RO         7188    i.tcp_segs_free     tcp.o
    0x0800ccf6   0x00000072   Code   RO         7963    i.tcp_send_empty_ack  tcp_out.o
    0x0800cd68   0x00000044   Code   RO         7964    i.tcp_send_fin      tcp_out.o
    0x0800cdac   0x00000024   Code   RO         4926    i.tcp_server_accept  server.o
    0x0800cdd0   0x0000005c   Code   RO         4927    i.tcp_server_recv   server.o
    0x0800ce2c   0x00000004   Code   RO         7190    i.tcp_setprio       tcp.o
    0x0800ce30   0x00000280   Code   RO         7192    i.tcp_slowtmr       tcp.o
    0x0800d0b0   0x00000034   Code   RO         8063    i.tcp_timer_needed  timeouts.o
    0x0800d0e4   0x00000068   Code   RO         6186    i.tcp_timewait_input  tcp_in.o
    0x0800d14c   0x00000020   Code   RO         7193    i.tcp_tmr           tcp.o
    0x0800d16c   0x00000010   Code   RO         6187    i.tcp_trigger_input_pcb_close  tcp_in.o
    0x0800d17c   0x00000034   Code   RO         7195    i.tcp_update_rcv_ann_wnd  tcp.o
    0x0800d1b0   0x000002f0   Code   RO         7965    i.tcp_write         tcp_out.o
    0x0800d4a0   0x000000b4   Code   RO         7966    i.tcp_zero_window_probe  tcp_out.o
    0x0800d554   0x00000038   Code   RO         8064    i.tcpip_tcp_timer   timeouts.o
    0x0800d58c   0x00012e88   Data   RO         5031    .constdata          user.o
    0x08020414   0x0000212e   Data   RO         5536    .constdata          lcd.o
    0x08022542   0x00000010   Data   RO         5719    .constdata          system_stm32f4xx.o
    0x08022552   0x00000008   Data   RO         5720    .constdata          system_stm32f4xx.o
    0x0802255a   0x00000002   PAD
    0x0802255c   0x0000000c   Data   RO         6421    .constdata          memp.o
    0x08022568   0x0000000c   Data   RO         6422    .constdata          memp.o
    0x08022574   0x0000000c   Data   RO         6423    .constdata          memp.o
    0x08022580   0x0000000c   Data   RO         6424    .constdata          memp.o
    0x0802258c   0x0000000c   Data   RO         6425    .constdata          memp.o
    0x08022598   0x0000000c   Data   RO         6426    .constdata          memp.o
    0x080225a4   0x0000000c   Data   RO         6427    .constdata          memp.o
    0x080225b0   0x0000000c   Data   RO         6428    .constdata          memp.o
    0x080225bc   0x00000020   Data   RO         6429    .constdata          memp.o
    0x080225dc   0x00000054   Data   RO         7196    .constdata          tcp.o
    0x08022630   0x00000018   Data   RO         8065    .constdata          timeouts.o
    0x08022648   0x00000004   Data   RO         8140    .constdata          ip4_addr.o
    0x0802264c   0x00000006   Data   RO         8237    .constdata          ethernet.o
    0x08022652   0x00000006   Data   RO         8238    .constdata          ethernet.o
    0x08022658   0x00000075   Data   RO         7197    .conststring        tcp.o
    0x080226cd   0x00000003   PAD
    0x080226d0   0x00000020   Data   RO         9295    Region$$Table       anon$$obj.o


    Execution Region RW_IRAM1 (Base: 0x20000000, Size: 0x0001f830, Max: 0x00020000, ABSOLUTE, COMPRESSED[0x000000b4])

    Base Addr    Size         Type   Attr      Idx    E Section Name        Object

    0x20000000   0x00000004   Data   RW         2608    .data               stm32f4xx_hal.o
    0x20000004   0x00000001   Data   RW         4066    .data               main.o
    0x20000005   0x00000001   Data   RW         4067    .data               main.o
    0x20000006   0x00000002   PAD
    0x20000008   0x00000008   Data   RW         4319    .data               stm32f4xx_it.o
    0x20000010   0x0000001c   Data   RW         4644    .data               usbd_desc.o
    0x2000002c   0x00000016   Data   RW         4645    .data               usbd_desc.o
    0x20000042   0x00000002   PAD
    0x20000044   0x00000021   Data   RW         4707    .data               usbd_custom_hid_if.o
    0x20000065   0x00000003   PAD
    0x20000068   0x00000010   Data   RW         4708    .data               usbd_custom_hid_if.o
    0x20000078   0x00000018   Data   RW         4861    .data               lwip.o
    0x20000090   0x00000004   Data   RW         4928    .data               server.o
    0x20000094   0x0000001c   Data   RW         5033    .data               user.o
    0x200000b0   0x00000004   Data   RW         5721    .data               system_stm32f4xx.o
    0x200000b4   0x00000008   Data   RW         5900    .data               ip4_frag.o
    0x200000bc   0x00000024   Data   RW         6189    .data               tcp_in.o
    0x200000e0   0x00000004   Data   RW         6430    .data               memp.o
    0x200000e4   0x00000004   Data   RW         6431    .data               memp.o
    0x200000e8   0x00000004   Data   RW         6432    .data               memp.o
    0x200000ec   0x00000004   Data   RW         6433    .data               memp.o
    0x200000f0   0x00000004   Data   RW         6434    .data               memp.o
    0x200000f4   0x00000004   Data   RW         6435    .data               memp.o
    0x200000f8   0x00000004   Data   RW         6436    .data               memp.o
    0x200000fc   0x00000004   Data   RW         6437    .data               memp.o
    0x20000100   0x00000001   Data   RW         6775    .data               pbuf.o
    0x20000101   0x00000003   PAD
    0x20000104   0x00000020   Data   RW         7198    .data               tcp.o
    0x20000124   0x0000000c   Data   RW         7430    .data               netif.o
    0x20000130   0x0000000c   Data   RW         7590    .data               mem.o
    0x2000013c   0x00000002   Data   RW         7645    .data               ip4.o
    0x2000013e   0x00000002   PAD
    0x20000140   0x0000000c   Data   RW         8066    .data               timeouts.o
    0x2000014c   0x00000001   Data   RW         8344    .data               etharp.o
    0x2000014d   0x00000001   Data   RW         8670    .data               usbd_ctlreq.o
    0x2000014e   0x00000002   PAD
    0x20000150   0x0000003c   Data   RW         8737    .data               usbd_customhid.o
    0x2000018c   0x00000042   Data   RW         8738    .data               usbd_customhid.o
    0x200001ce   0x00000002   PAD
    0x200001d0   0x00000004   Data   RW         9280    .data               mc_w.l(mvars.o)
    0x200001d4   0x00000004   Data   RW         9281    .data               mc_w.l(mvars.o)
    0x200001d8   0x00000020   Zero   RW         3268    .bss                stm32f4xx_hal_flash.o
    0x200001f8   0x000003f0   Zero   RW         4475    .bss                usbd_conf.o
    0x200005e8   0x00000200   Zero   RW         4643    .bss                usbd_desc.o
    0x200007e8   0x000030e8   Zero   RW         4754    .bss                ethernetif.o
    0x200038d0   0x00000224   Zero   RW         4821    .bss                usb_device.o
    0x20003af4   0x00000030   Zero   RW         4860    .bss                lwip.o
    0x20003b24   0x0000217c   Zero   RW         5030    .bss                user.o
    0x20005ca0   0x0000012c   Zero   RW         5256    .bss                tim.o
    0x20005dcc   0x00000048   Zero   RW         5328    .bss                adc.o
    0x20005e14   0x00000058   Zero   RW         5370    .bss                spi.o
    0x20005e6c   0x00000040   Zero   RW         5436    .bss                usart.o
    0x20005eac   0x00000014   Zero   RW         5653    .bss                flash.o
    0x20005ec0   0x00000010   Zero   RW         6188    .bss                tcp_in.o
    0x20005ed0   0x000002fb   Zero   RW         6413    .bss                memp.o
    0x200061cb   0x000000e3   Zero   RW         6414    .bss                memp.o
    0x200062ae   0x00001f43   Zero   RW         6415    .bss                memp.o
    0x200081f1   0x000000a3   Zero   RW         6416    .bss                memp.o
    0x20008294   0x0000016b   Zero   RW         6417    .bss                memp.o
    0x200083ff   0x00000033   Zero   RW         6418    .bss                memp.o
    0x20008432   0x00000323   Zero   RW         6419    .bss                memp.o
    0x20008755   0x00012b3b   Zero   RW         6420    .bss                memp.o
    0x2001b290   0x00000018   Zero   RW         6683    .bss                ip.o
    0x2001b2a8   0x00003e93   Zero   RW         7589    .bss                mem.o
    0x2001f13b   0x00000001   PAD
    0x2001f13c   0x000000f0   Zero   RW         8343    .bss                etharp.o
    0x2001f22c   0x00000004   PAD
    0x2001f230   0x00000200   Zero   RW         5753    HEAP                startup_stm32f407xx.o
    0x2001f430   0x00000400   Zero   RW         5752    STACK               startup_stm32f407xx.o


==============================================================================

Image component sizes


      Code (inc. data)   RO Data    RW Data    ZI Data      Debug   Object Name

       224          4          0          0          0       3411   24cxx.o
       176         30          0          0         72       1725   adc.o
         8          0          0          0          0       1162   def.o
      1440         56          0          1        240      12547   etharp.o
       234          6         12          0          0       2774   ethernet.o
       806         58          0          0      12520       6394   ethernetif.o
       416         36          0          0          0       2902   exit.o
       484         48          0          0         20       3131   flash.o
       640         40          0          0          0       1355   gpio.o
       368          4          0          0          0       3826   icmp.o
        26          0          0          0          0        584   init.o
         0          0          0          0         24       3058   ip.o
       690         28          0          2          0       5208   ip4.o
        46          0          4          0          0       6886   ip4_addr.o
      1334         36          0          8          0      10914   ip4_frag.o
      2544        138       8494          0          0      16308   lcd.o
       384         24          0         24         48       1705   lwip.o
       614         62          0          2          0      34557   main.o
       552         30          0         12      16019       5441   mem.o
       148         16        128         32      86976      18667   memp.o
       520         40          0          0          0       4288   myiic.o
       318         16          0         12          0       9833   netif.o
      1026         28          0          1          0      22271   pbuf.o
       256         34          0          4          0       7089   server.o
       144         20          0          0         88       1721   spi.o
        36          8        392          0       1536        832   startup_stm32f407xx.o
       148         22          0          4          0       4619   stm32f4xx_hal.o
       716         24          0          0          0       2987   stm32f4xx_hal_adc.o
       228         14          0          0          0      32397   stm32f4xx_hal_cortex.o
      1996         72          0          0          0      13998   stm32f4xx_hal_eth.o
       512         66          0          0         32       6890   stm32f4xx_hal_flash.o
       364         22          0          0          0       4138   stm32f4xx_hal_flash_ex.o
       452         44          0          0          0       3195   stm32f4xx_hal_gpio.o
        88          0          0          0          0        550   stm32f4xx_hal_msp.o
      2136         72          0          0          0      11037   stm32f4xx_hal_pcd.o
        76          0          0          0          0       1932   stm32f4xx_hal_pcd_ex.o
      1388         76          0          0          0       5852   stm32f4xx_hal_rcc.o
       670          0          0          0          0       4230   stm32f4xx_hal_spi.o
       868         44          0          0          0     765941   stm32f4xx_hal_tim.o
        80          0          0          0          0       1348   stm32f4xx_hal_tim_ex.o
       854          8          0          0          0       2958   stm32f4xx_hal_uart.o
       798        140          0          8          0      11873   stm32f4xx_it.o
      2420         56          0          0          0      21208   stm32f4xx_ll_usb.o
        84         18         24          4          0       1243   system_stm32f4xx.o
      2752        106        201         32          0      34736   tcp.o
      4128        128          0         36         16      21311   tcp_in.o
      2650          8          0          0          0      17407   tcp_out.o
       692         72          0          0        300       5240   tim.o
       420         64         24         12          0       6015   timeouts.o
       148         20          0          0         64       1758   usart.o
        56         18          0          0        548        776   usb_device.o
       674         18          0          0       1008      14582   usbd_conf.o
       626          0          0          0          0      12514   usbd_core.o
      1004         30          0          1          0       8252   usbd_ctlreq.o
        56         10          0         49          0       2354   usbd_custom_hid_if.o
       466         24          0        126          0      10015   usbd_customhid.o
       236        140          0         50        512       5423   usbd_desc.o
       132          0          0          0          0       4704   usbd_ioreq.o
      8498        736      77448         28       8572      20790   user.o

    ----------------------------------------------------------------------
     49918       2814      86764        464     128600    1250862   Object Totals
         0          0         32          0          0          0   (incl. Generated)
        68          0          5         16          5          0   (incl. Padding)

    ----------------------------------------------------------------------

      Code (inc. data)   RO Data    RW Data    ZI Data      Debug   Library Member Name

        86          0          0          0          0          0   __dczerorl2.o
         0          0          0          0          0          0   entry.o
         0          0          0          0          0          0   entry10a.o
         0          0          0          0          0          0   entry11a.o
         8          4          0          0          0          0   entry2.o
         4          0          0          0          0          0   entry5.o
         0          0          0          0          0          0   entry7b.o
         0          0          0          0          0          0   entry8b.o
         8          4          0          0          0          0   entry9a.o
        30          0          0          0          0          0   handlers.o
        36          8          0          0          0         68   init.o
         0          0          0          0          0          0   iusefp.o
        30          0          0          0          0         68   llshl.o
        36          0          0          0          0         68   llsshr.o
        32          0          0          0          0         68   llushr.o
       188         20          0          0          0        160   malloc.o
        26          0          0          0          0         80   memcmp.o
        36          0          0          0          0         68   memcpya.o
        36          0          0          0          0        108   memseta.o
         0          0          0          8          0          0   mvars.o
      2276         86          0          0          0        520   printfa.o
        44          0          0          0          0         80   uidiv.o
        98          0          0          0          0         92   uldiv.o
        48          0          0          0          0         68   cdrcmple.o
        56          0          0          0          0         88   d2f.o
       334          0          0          0          0        148   dadd.o
       222          0          0          0          0        100   ddiv.o
       186          0          0          0          0        176   depilogue.o
        50          0          0          0          0         76   dfixui.o
        48          0          0          0          0         68   dfixul.o
        34          0          0          0          0         76   dflti.o
        26          0          0          0          0         76   dfltui.o
       228          0          0          0          0         96   dmul.o
        38          0          0          0          0         68   f2d.o
       110          0          0          0          0        168   fepilogue.o

    ----------------------------------------------------------------------
      4358        122          0          8          0       2588   Library Totals
         4          0          0          0          0          0   (incl. Padding)

    ----------------------------------------------------------------------

      Code (inc. data)   RO Data    RW Data    ZI Data      Debug   Library Name

      2974        122          0          8          0       1380   mc_w.l
      1380          0          0          0          0       1208   mf_w.l

    ----------------------------------------------------------------------
      4358        122          0          8          0       2588   Library Totals

    ----------------------------------------------------------------------

==============================================================================


      Code (inc. data)   RO Data    RW Data    ZI Data      Debug   

     54276       2936      86764        472     128600    1210282   Grand Totals
     54276       2936      86764        180     128600    1210282   ELF Image Totals (compressed)
     54276       2936      86764        180          0          0   ROM Totals

==============================================================================

    Total RO  Size (Code + RO Data)               141040 ( 137.73kB)
    Total RW  Size (RW Data + ZI Data)            129072 ( 126.05kB)
    Total ROM Size (Code + RO Data + RW Data)     141220 ( 137.91kB)

==============================================================================

